Archive member included to satisfy reference by file (symbol)

app/libapp.a(main.c.obj)      (--whole-archive)
zephyr/libzephyr.a(validate_libc.c.obj)
                              (--whole-archive)
zephyr/libzephyr.a(heap.c.obj)
                              (--whole-archive)
zephyr/libzephyr.a(cbprintf_packaged.c.obj)
                              (--whole-archive)
zephyr/libzephyr.a(clock.c.obj)
                              (--whole-archive)
zephyr/libzephyr.a(printk.c.obj)
                              (--whole-archive)
zephyr/libzephyr.a(sem.c.obj)
                              (--whole-archive)
zephyr/libzephyr.a(thread_entry.c.obj)
                              (--whole-archive)
zephyr/libzephyr.a(cbprintf_complete.c.obj)
                              (--whole-archive)
zephyr/libzephyr.a(assert.c.obj)
                              (--whole-archive)
zephyr/libzephyr.a(mpsc_pbuf.c.obj)
                              (--whole-archive)
zephyr/libzephyr.a(dec.c.obj)
                              (--whole-archive)
zephyr/libzephyr.a(hex.c.obj)
                              (--whole-archive)
zephyr/libzephyr.a(rb.c.obj)  (--whole-archive)
zephyr/libzephyr.a(timeutil.c.obj)
                              (--whole-archive)
zephyr/libzephyr.a(bitarray.c.obj)
                              (--whole-archive)
zephyr/libzephyr.a(ring_buffer.c.obj)
                              (--whole-archive)
zephyr/libzephyr.a(last_section_id.c.obj)
                              (--whole-archive)
zephyr/libzephyr.a(configs.c.obj)
                              (--whole-archive)
zephyr/libzephyr.a(stm32cube_hal.c.obj)
                              (--whole-archive)
zephyr/libzephyr.a(soc_config.c.obj)
                              (--whole-archive)
zephyr/libzephyr.a(stm32_cache.c.obj)
                              (--whole-archive)
zephyr/libzephyr.a(stm32_backup_domain.c.obj)
                              (--whole-archive)
zephyr/libzephyr.a(soc_m7.c.obj)
                              (--whole-archive)
zephyr/libzephyr.a(mpu_regions.c.obj)
                              (--whole-archive)
zephyr/libzephyr.a(log_core.c.obj)
                              (--whole-archive)
zephyr/libzephyr.a(log_mgmt.c.obj)
                              (--whole-archive)
zephyr/libzephyr.a(log_cache.c.obj)
                              (--whole-archive)
zephyr/libzephyr.a(log_msg.c.obj)
                              (--whole-archive)
zephyr/libzephyr.a(log_output.c.obj)
                              (--whole-archive)
zephyr/libzephyr.a(log_backend_uart.c.obj)
                              (--whole-archive)
zephyr/libzephyr.a(mem_attr.c.obj)
                              (--whole-archive)
zephyr/libzephyr.a(tracing_none.c.obj)
                              (--whole-archive)
zephyr/arch/common/libarch__common.a(sw_isr_common.c.obj)
                              (--whole-archive)
zephyr/arch/arch/arm/core/libarch__arm__core.a(fatal.c.obj)
                              (--whole-archive)
zephyr/arch/arch/arm/core/libarch__arm__core.a(nmi.c.obj)
                              (--whole-archive)
zephyr/arch/arch/arm/core/libarch__arm__core.a(nmi_on_reset.S.obj)
                              (--whole-archive)
zephyr/arch/arch/arm/core/libarch__arm__core.a(tls.c.obj)
                              (--whole-archive)
zephyr/arch/arch/arm/core/cortex_m/libarch__arm__core__cortex_m.a(exc_exit.c.obj)
                              (--whole-archive)
zephyr/arch/arch/arm/core/cortex_m/libarch__arm__core__cortex_m.a(fault.c.obj)
                              (--whole-archive)
zephyr/arch/arch/arm/core/cortex_m/libarch__arm__core__cortex_m.a(fault_s.S.obj)
                              (--whole-archive)
zephyr/arch/arch/arm/core/cortex_m/libarch__arm__core__cortex_m.a(fpu.c.obj)
                              (--whole-archive)
zephyr/arch/arch/arm/core/cortex_m/libarch__arm__core__cortex_m.a(reset.S.obj)
                              (--whole-archive)
zephyr/arch/arch/arm/core/cortex_m/libarch__arm__core__cortex_m.a(scb.c.obj)
                              (--whole-archive)
zephyr/arch/arch/arm/core/cortex_m/libarch__arm__core__cortex_m.a(thread_abort.c.obj)
                              (--whole-archive)
zephyr/arch/arch/arm/core/cortex_m/libarch__arm__core__cortex_m.a(vector_table.S.obj)
                              (--whole-archive)
zephyr/arch/arch/arm/core/cortex_m/libarch__arm__core__cortex_m.a(swap_helper.S.obj)
                              (--whole-archive)
zephyr/arch/arch/arm/core/cortex_m/libarch__arm__core__cortex_m.a(irq_manage.c.obj)
                              (--whole-archive)
zephyr/arch/arch/arm/core/cortex_m/libarch__arm__core__cortex_m.a(prep_c.c.obj)
                              (--whole-archive)
zephyr/arch/arch/arm/core/cortex_m/libarch__arm__core__cortex_m.a(thread.c.obj)
                              (--whole-archive)
zephyr/arch/arch/arm/core/cortex_m/libarch__arm__core__cortex_m.a(cpu_idle.c.obj)
[...]
Memory Configuration

Name             Origin             Length             Attributes
FLASH            0x0000000008020000 0x000000000005fe10 xr
RAM              0x0000000024000000 0x0000000000050000 xw
BACKUP_SRAM      0x0000000038800000 0x0000000000001000 rw
EXTMEM           0x0000000090000000 0x0000000010000000 rw
SRAM1            0x0000000030000000 0x0000000000004000 rw
SRAM2            0x0000000030004000 0x0000000000004000 rw
SRAM4            0x0000000038000000 0x0000000000004000 rw
DTCM             0x0000000020000000 0x0000000000020000 rw
ITCM             0x0000000000000000 0x0000000000010000 rw
IDT_LIST         0x00000000ffff7fff 0x0000000000008000 xw
*default*        0x0000000000000000 0xffffffffffffffff

Linker script and memory map

                0x0000000008026a00                vfprintf = __d_vfprintf
                0x0000000000000000                vfscanf = __d_vfscanf
LOAD zephyr/CMakeFiles/zephyr_final.dir/misc/empty_file.c.obj
LOAD zephyr/CMakeFiles/zephyr_final.dir/isr_tables.c.obj
LOAD zephyr/CMakeFiles/offsets.dir/./arch/arm/core/offsets/offsets.c.obj
LOAD app/libapp.a
LOAD zephyr/libzephyr.a
LOAD zephyr/arch/common/libarch__common.a
LOAD zephyr/arch/arch/arm/core/libarch__arm__core.a
LOAD zephyr/arch/arch/arm/core/cortex_m/libarch__arm__core__cortex_m.a
LOAD zephyr/arch/arch/arm/core/mpu/libarch__arm__core__mpu.a
LOAD zephyr/lib/libc/picolibc/liblib__libc__picolibc.a
LOAD zephyr/lib/libc/common/liblib__libc__common.a
LOAD zephyr/drivers/interrupt_controller/libdrivers__interrupt_controller.a
LOAD zephyr/drivers/can/libdrivers__can.a
LOAD zephyr/drivers/clock_control/libdrivers__clock_control.a
LOAD zephyr/drivers/console/libdrivers__console.a
LOAD zephyr/drivers/gpio/libdrivers__gpio.a
LOAD zephyr/drivers/pinctrl/libdrivers__pinctrl.a
LOAD zephyr/drivers/reset/libdrivers__reset.a
LOAD zephyr/drivers/serial/libdrivers__serial.a
LOAD zephyr/drivers/timer/libdrivers__timer.a
LOAD zephyr/drivers/watchdog/libdrivers__watchdog.a
LOAD modules/hal_stm32/stm32cube/lib..__modules__hal__stm32__stm32cube.a
LOAD zephyr/kernel/libkernel.a
LOAD zephyr/arch/common/libisr_tables.a
LOAD /home/saket-jha/zephyr-work/zephyr-sdk-0.17.2/arm-zephyr-eabi/bin/../lib/gcc/../../picolibc/arm-zephyr-eabi/lib/thumb/v7e-m+dp/hard/libc.a
LOAD /home/saket-jha/zephyr-work/zephyr-sdk-0.17.2/arm-zephyr-eabi/bin/../lib/gcc/arm-zephyr-eabi/12.2.0/thumb/v7e-m+dp/hard/libgcc.a
                0x0000000000000080                _region_min_align = 0x80

.rel.plt        0x0000000008020000        0x0
 *(SORT_BY_ALIGNMENT(.rel.plt))
                [!provide]                        PROVIDE (__rel_iplt_start = .)
 *(SORT_BY_ALIGNMENT(.rel.iplt))
 .rel.iplt      0x0000000008020000        0x0 zephyr/CMakeFiles/zephyr_final.dir/isr_tables.c.obj
                [!provide]                        PROVIDE (__rel_iplt_end = .)

.rela.plt       0x0000000000000000        0x0
 *(SORT_BY_ALIGNMENT(.rela.plt))
                [!provide]                        PROVIDE (__rela_iplt_start = .)
 *(SORT_BY_ALIGNMENT(.rela.iplt))
                [!provide]                        PROVIDE (__rela_iplt_end = .)

.rel.dyn
 *(SORT_BY_ALIGNMENT(.rel.*))

.rela.dyn
 *(SORT_BY_ALIGNMENT(.rela.*))

/DISCARD/
 *(SORT_BY_ALIGNMENT(.plt))

/DISCARD/
 *(SORT_BY_ALIGNMENT(.iplt))
                0x0000000008020000                __rom_region_start = 0x8020000

rom_start       0x0000000008020000      0x6cc
                0x0000000008020000                __rom_start_address = .
 FILL mask 0x00
                0x0000000008020400                . = (. + (0x400 - (. - __rom_start_address)))
 *fill*         0x0000000008020000      0x400 00
                0x0000000008020400                . = ALIGN (0x4)
                0x0000000008020400                . = ALIGN (0x80)
                0x0000000008020400                . = ALIGN (0x400)
                0x0000000008020400                _vector_start = .
 *(SORT_BY_ALIGNMENT(.exc_vector_table))
 *(SORT_BY_ALIGNMENT(.exc_vector_table.*))
 .exc_vector_table._vector_table_section
                0x0000000008020400       0x40 zephyr/arch/arch/arm/core/cortex_m/libarch__arm__core__cortex_m.a(vector_table.S.obj)
                0x0000000008020400                _vector_table
 *(SORT_BY_ALIGNMENT(.vectors))
                0x00000000080206cc                _vector_end = .
                0x0000000008020440                . = ALIGN (0x4)
 *(SORT_BY_ALIGNMENT(.gnu.linkonce.irq_vector_table*))
 .gnu.linkonce.irq_vector_table
                0x0000000008020440      0x28c zephyr/CMakeFiles/zephyr_final.dir/isr_tables.c.obj
                0x0000000008020440                _irq_vector_table
                0x00000000080206cc                _vector_end = .

text            0x00000000080206cc     0x933c
                0x00000000080206cc                __text_region_start = .
 *(SORT_BY_ALIGNMENT(.text))
 .text          0x00000000080206cc       0x30 /home/saket-jha/zephyr-work/zephyr-sdk-0.17.2/arm-zephyr-eabi/bin/../lib/gcc/arm-zephyr-eabi/12.2.0/thumb/v7e-m+dp/hard/libgcc.a(_aeabi_uldivmod.o)
                0x00000000080206cc                __aeabi_uldivmod
 .text          0x00000000080206fc        0x4 /home/saket-jha/zephyr-work/zephyr-sdk-0.17.2/arm-zephyr-eabi/bin/../lib/gcc/arm-zephyr-eabi/12.2.0/thumb/v7e-m+dp/hard/libgcc.a(_dvmd_tls.o)
                0x00000000080206fc                __aeabi_ldiv0
                0x00000000080206fc                __aeabi_idiv0
 .text          0x0000000008020700       0x10 /home/saket-jha/zephyr-work/zephyr-sdk-0.17.2/arm-zephyr-eabi/bin/../lib/gcc/../../picolibc/arm-zephyr-eabi/lib/thumb/v7e-m+dp/hard/libc.a(strlen.S.o)
                0x0000000008020700                strlen
 .text          0x0000000008020710      0x2a0 /home/saket-jha/zephyr-work/zephyr-sdk-0.17.2/arm-zephyr-eabi/bin/../lib/gcc/arm-zephyr-eabi/12.2.0/thumb/v7e-m+dp/hard/libgcc.a(_udivmoddi4.o)
                0x0000000008020710                __udivmoddi4
 *(SORT_BY_ALIGNMENT(.text.*))
 .text.can_callback
                0x00000000080209b0       0x10 app/libapp.a(main.c.obj)
                0x00000000080209b0                can_callback
 .text.anomaly_score
                0x00000000080209c0       0xf0 app/libapp.a(main.c.obj)
                0x00000000080209c0                anomaly_score
 .text.main     0x0000000008020ab0      0x340 app/libapp.a(main.c.obj)
                0x0000000008020ab0                main
 .text.cbvprintf_package
                0x0000000008020df0      0x3a4 zephyr/libzephyr.a(cbprintf_packaged.c.obj)
                0x0000000008020df0                cbvprintf_package
 .text.cbprintf_package_convert
                0x0000000008021194      0x3cc zephyr/libzephyr.a(cbprintf_packaged.c.obj)
                0x0000000008021194                cbprintf_package_convert
 .text.__printk_hook_install
                0x0000000008021560        0xc zephyr/libzephyr.a(printk.c.obj)
                0x0000000008021560                __printk_hook_install
 .text.z_thread_entry
                0x000000000802156c       0x34 zephyr/libzephyr.a(thread_entry.c.obj)
                0x000000000802156c                z_thread_entry
 .text.st_stm32_common_config
                0x00000000080215a0       0x1c zephyr/libzephyr.a(soc_config.c.obj)
 .text.stm32_backup_domain_enable_access
                0x00000000080215bc       0x3c zephyr/libzephyr.a(stm32_backup_domain.c.obj)
                0x00000000080215bc                stm32_backup_domain_enable_access
 .text.stm32_backup_domain_disable_access
                0x00000000080215f8       0x74 zephyr/libzephyr.a(stm32_backup_domain.c.obj)
                0x00000000080215f8                stm32_backup_domain_disable_access
 .text.soc_early_init_hook
                0x000000000802166c       0x48 zephyr/libzephyr.a(soc_m7.c.obj)
                0x000000000802166c                soc_early_init_hook
 .text.activate_foreach_backend
                0x00000000080216b4       0x64 zephyr/libzephyr.a(log_core.c.obj)
 .text.enable_logger
                0x0000000008021718       0x5c zephyr/libzephyr.a(log_core.c.obj)
 .text.log_process_thread_timer_expiry_fn
                0x0000000008021774        0xc zephyr/libzephyr.a(log_core.c.obj)
 .text.z_log_init
                0x0000000008021780       0x94 zephyr/libzephyr.a(log_core.c.obj)
 .text.log_format_func_t_get
                0x0000000008021814        0xc zephyr/libzephyr.a(log_core.c.obj)
                0x0000000008021814                log_format_func_t_get
 .text.log_set_timestamp_func
                0x0000000008021820       0x20 zephyr/libzephyr.a(log_core.c.obj)
                0x0000000008021820                log_set_timestamp_func
 .text.z_log_notify_backend_enabled
                0x0000000008021840       0x1c zephyr/libzephyr.a(log_core.c.obj)
                0x0000000008021840                z_log_notify_backend_enabled
 .text.z_log_dropped
                0x000000000802185c       0x44 zephyr/libzephyr.a(log_core.c.obj)
                0x000000000802185c                z_log_dropped
 .text.z_log_dropped_read_and_clear
                0x00000000080218a0       0x20 zephyr/libzephyr.a(log_core.c.obj)
                0x00000000080218a0                z_log_dropped_read_and_clear
 .text.dropped_notify
                0x00000000080218c0       0x30 zephyr/libzephyr.a(log_core.c.obj)
                0x00000000080218c0                dropped_notify
 .text.z_log_msg_init
                0x00000000080218f0       0x20 zephyr/libzephyr.a(log_core.c.obj)
                0x00000000080218f0                z_log_msg_init
 .text.log_core_init
                0x0000000008021910       0x50 zephyr/libzephyr.a(log_core.c.obj)
                0x0000000008021910                log_core_init
 .text.z_log_msg_alloc
                0x0000000008021960       0x10 zephyr/libzephyr.a(log_core.c.obj)
                0x0000000008021960                z_log_msg_alloc
 .text.z_log_msg_local_claim
                0x0000000008021970        0xc zephyr/libzephyr.a(log_core.c.obj)
                0x0000000008021970                z_log_msg_local_claim
 .text.z_log_msg_free
                0x000000000802197c       0x10 zephyr/libzephyr.a(log_core.c.obj)
                0x000000000802197c                z_log_msg_free
 .text.z_log_msg_pending
                0x000000000802198c        0xc zephyr/libzephyr.a(log_core.c.obj)
                0x000000000802198c                z_log_msg_pending
 .text.z_impl_log_process
                0x0000000008021998       0xb4 zephyr/libzephyr.a(log_core.c.obj)
                0x0000000008021998                z_impl_log_process
 .text.z_impl_log_panic
                0x0000000008021a4c       0x44 zephyr/libzephyr.a(log_core.c.obj)
                0x0000000008021a4c                z_impl_log_panic
 .text.log_process_thread_func
                0x0000000008021a90       0xa4 zephyr/libzephyr.a(log_core.c.obj)
 .text.z_log_msg_post_finalize
                0x0000000008021b34       0x78 zephyr/libzephyr.a(log_core.c.obj)
 .text.z_log_msg_commit
                0x0000000008021bac       0x24 zephyr/libzephyr.a(log_core.c.obj)
                0x0000000008021bac                z_log_msg_commit
 .text.log_source_name_get
                0x0000000008021bd0       0x1c zephyr/libzephyr.a(log_mgmt.c.obj)
                0x0000000008021bd0                log_source_name_get
 .text.z_impl_z_log_msg_static_create
                0x0000000008021bec      0x108 zephyr/libzephyr.a(log_msg.c.obj)
                0x0000000008021bec                z_impl_z_log_msg_static_create
 .text.z_log_msg_runtime_vcreate
                0x0000000008021cf4       0xa0 zephyr/libzephyr.a(log_msg.c.obj)
                0x0000000008021cf4                z_log_msg_runtime_vcreate
 .text.log_msg_get_source_id
                0x0000000008021d94       0x18 zephyr/libzephyr.a(log_msg.c.obj)
                0x0000000008021d94                log_msg_get_source_id
 .text.print_formatted
                0x0000000008021dac       0x24 zephyr/libzephyr.a(log_output.c.obj)
 .text.newline_print
                0x0000000008021dd0       0x1c zephyr/libzephyr.a(log_output.c.obj)
 .text.log_output_process
                0x0000000008021dec      0x2d8 zephyr/libzephyr.a(log_output.c.obj)
                0x0000000008021dec                log_output_process
 .text.log_output_dropped_process
                0x00000000080220c4       0x58 zephyr/libzephyr.a(log_output.c.obj)
                0x00000000080220c4                log_output_dropped_process
 .text.log_output_timestamp_freq_set
                0x000000000802211c       0x2c zephyr/libzephyr.a(log_output.c.obj)
                0x000000000802211c                log_output_timestamp_freq_set
 .text.char_out
                0x0000000008022148       0x24 zephyr/libzephyr.a(log_backend_uart.c.obj)
 .text.mem_attr_get_regions
                0x000000000802216c        0xc zephyr/libzephyr.a(mem_attr.c.obj)
                0x000000000802216c                mem_attr_get_regions
 .text.z_arm_fatal_error
                0x0000000008022178      0x120 zephyr/arch/arch/arm/core/libarch__arm__core.a(fatal.c.obj)
                0x0000000008022178                z_arm_fatal_error
 .text.z_SysNmiOnReset
                0x0000000008022298        0x8 zephyr/arch/arch/arm/core/libarch__arm__core.a(nmi_on_reset.S.obj)
                0x0000000008022298                z_SysNmiOnReset
 .text.arch_tls_stack_setup
                0x00000000080222a0       0x40 zephyr/arch/arch/arm/core/libarch__arm__core.a(tls.c.obj)
                0x00000000080222a0                arch_tls_stack_setup
 .text._HandlerModeExit
                0x00000000080222e0       0x20 zephyr/arch/arch/arm/core/cortex_m/libarch__arm__core__cortex_m.a(exc_exit.c.obj)
                0x00000000080222e0                z_arm_exc_exit
                0x00000000080222e0                z_arm_int_exit
 .text.bus_fault.constprop.0
                0x0000000008022300       0xd0 zephyr/arch/arch/arm/core/cortex_m/libarch__arm__core__cortex_m.a(fault.c.obj)
 .text.usage_fault.constprop.0
                0x00000000080223d0       0xa8 zephyr/arch/arch/arm/core/cortex_m/libarch__arm__core__cortex_m.a(fault.c.obj)
 .text.mem_manage_fault
                0x0000000008022478      0x104 zephyr/arch/arch/arm/core/cortex_m/libarch__arm__core__cortex_m.a(fault.c.obj)
 .text.z_arm_fault
                0x000000000802257c      0x1c8 zephyr/arch/arch/arm/core/cortex_m/libarch__arm__core__cortex_m.a(fault.c.obj)
                0x000000000802257c                z_arm_fault
 .text.z_arm_fault_init
                0x0000000008022744       0x18 zephyr/arch/arch/arm/core/cortex_m/libarch__arm__core__cortex_m.a(fault.c.obj)
                0x0000000008022744                z_arm_fault_init
 .text.__fault  0x000000000802275c       0x14 zephyr/arch/arch/arm/core/cortex_m/libarch__arm__core__cortex_m.a(fault_s.S.obj)
                0x000000000802275c                z_arm_bus_fault
                0x000000000802275c                z_arm_usage_fault
                0x000000000802275c                z_arm_mpu_fault
                0x000000000802275c                z_arm_exc_spurious
                0x000000000802275c                z_arm_debug_monitor
                0x000000000802275c                z_arm_hard_fault
 .text._reset_section
                0x0000000008022770       0x50 zephyr/arch/arch/arm/core/cortex_m/libarch__arm__core__cortex_m.a(reset.S.obj)
                0x0000000008022770                z_arm_reset
                0x0000000008022770                __start
 .text.z_arm_clear_arm_mpu_config
                0x00000000080227c0       0x24 zephyr/arch/arch/arm/core/cortex_m/libarch__arm__core__cortex_m.a(scb.c.obj)
                0x00000000080227c0                z_arm_clear_arm_mpu_config
 .text.z_arm_init_arch_hw_at_boot
                0x00000000080227e4       0x64 zephyr/arch/arch/arm/core/cortex_m/libarch__arm__core__cortex_m.a(scb.c.obj)
                0x00000000080227e4                z_arm_init_arch_hw_at_boot
 .text.z_impl_k_thread_abort
                0x0000000008022848       0x2c zephyr/arch/arch/arm/core/cortex_m/libarch__arm__core__cortex_m.a(thread_abort.c.obj)
                0x0000000008022848                z_impl_k_thread_abort
 .text.z_arm_pendsv
                0x0000000008022874       0x9c zephyr/arch/arch/arm/core/cortex_m/libarch__arm__core__cortex_m.a(swap_helper.S.obj)
                0x0000000008022874                z_arm_pendsv
 .text.z_arm_svc
                0x0000000008022910       0x24 zephyr/arch/arch/arm/core/cortex_m/libarch__arm__core__cortex_m.a(swap_helper.S.obj)
                0x0000000008022910                z_arm_svc
 .text.arm_irq_enable
                0x0000000008022934       0x1c zephyr/arch/arch/arm/core/cortex_m/libarch__arm__core__cortex_m.a(irq_manage.c.obj)
                0x0000000008022934                arm_irq_enable
 .text.arm_irq_priority_set
                0x0000000008022950       0x2c zephyr/arch/arch/arm/core/cortex_m/libarch__arm__core__cortex_m.a(irq_manage.c.obj)
                0x0000000008022950                arm_irq_priority_set
 .text.relocate_vector_table
                0x000000000802297c       0x1c zephyr/arch/arch/arm/core/cortex_m/libarch__arm__core__cortex_m.a(prep_c.c.obj)
                0x000000000802297c                relocate_vector_table
 .text.z_prep_c
                0x0000000008022998       0x4c zephyr/arch/arch/arm/core/cortex_m/libarch__arm__core__cortex_m.a(prep_c.c.obj)
                0x0000000008022998                z_prep_c
 .text.arch_new_thread
                0x00000000080229e4       0x34 zephyr/arch/arch/arm/core/cortex_m/libarch__arm__core__cortex_m.a(thread.c.obj)
                0x00000000080229e4                arch_new_thread
 .text.z_arm_mpu_stack_guard_and_fpu_adjust
                0x0000000008022a18       0x54 zephyr/arch/arch/arm/core/cortex_m/libarch__arm__core__cortex_m.a(thread.c.obj)
                0x0000000008022a18                z_arm_mpu_stack_guard_and_fpu_adjust
 .text.z_check_thread_stack_fail
                0x0000000008022a6c       0x2c zephyr/arch/arch/arm/core/cortex_m/libarch__arm__core__cortex_m.a(thread.c.obj)
                0x0000000008022a6c                z_check_thread_stack_fail
 .text.arch_float_disable
                0x0000000008022a98       0x48 zephyr/arch/arch/arm/core/cortex_m/libarch__arm__core__cortex_m.a(thread.c.obj)
                0x0000000008022a98                arch_float_disable
 .text.arch_switch_to_main_thread
                0x0000000008022ae0       0x58 zephyr/arch/arch/arm/core/cortex_m/libarch__arm__core__cortex_m.a(thread.c.obj)
                0x0000000008022ae0                arch_switch_to_main_thread
 .text.z_arm_cpu_idle_init
                0x0000000008022b38        0xc zephyr/arch/arch/arm/core/cortex_m/libarch__arm__core__cortex_m.a(cpu_idle.c.obj)
                0x0000000008022b38                z_arm_cpu_idle_init
 .text.z_arm_interrupt_init
                0x0000000008022b44       0x18 zephyr/arch/arch/arm/core/cortex_m/libarch__arm__core__cortex_m.a(irq_init.c.obj)
                0x0000000008022b44                z_arm_interrupt_init
 .text._isr_wrapper
                0x0000000008022b5c       0x24 zephyr/arch/arch/arm/core/cortex_m/libarch__arm__core__cortex_m.a(isr_wrapper.c.obj)
                0x0000000008022b5c                _isr_wrapper
 .text.z_arm_configure_static_mpu_regions
                0x0000000008022b80       0x18 zephyr/arch/arch/arm/core/mpu/libarch__arm__core__mpu.a(arm_core_mpu.c.obj)
                0x0000000008022b80                z_arm_configure_static_mpu_regions
 .text.z_arm_configure_dynamic_mpu_regions
                0x0000000008022b98       0x2c zephyr/arch/arch/arm/core/mpu/libarch__arm__core__mpu.a(arm_core_mpu.c.obj)
                0x0000000008022b98                z_arm_configure_dynamic_mpu_regions
 .text.region_allocate_and_init
                0x0000000008022bc4       0x54 zephyr/arch/arch/arm/core/mpu/libarch__arm__core__mpu.a(arm_mpu.c.obj)
 .text.mpu_configure_regions
                0x0000000008022c18       0x68 zephyr/arch/arch/arm/core/mpu/libarch__arm__core__mpu.a(arm_mpu.c.obj)
 .text.arm_core_mpu_enable
                0x0000000008022c80       0x18 zephyr/arch/arch/arm/core/mpu/libarch__arm__core__mpu.a(arm_mpu.c.obj)
                0x0000000008022c80                arm_core_mpu_enable
 .text.arm_core_mpu_disable
                0x0000000008022c98       0x14 zephyr/arch/arch/arm/core/mpu/libarch__arm__core__mpu.a(arm_mpu.c.obj)
                0x0000000008022c98                arm_core_mpu_disable
 .text.arm_core_mpu_configure_static_mpu_regions
                0x0000000008022cac       0x14 zephyr/arch/arch/arm/core/mpu/libarch__arm__core__mpu.a(arm_mpu.c.obj)
                0x0000000008022cac                arm_core_mpu_configure_static_mpu_regions
 .text.arm_core_mpu_configure_dynamic_mpu_regions
                0x0000000008022cc0       0x38 zephyr/arch/arch/arm/core/mpu/libarch__arm__core__mpu.a(arm_mpu.c.obj)
                0x0000000008022cc0                arm_core_mpu_configure_dynamic_mpu_regions
 .text.z_arm_mpu_init
                0x0000000008022cf8      0x17c zephyr/arch/arch/arm/core/mpu/libarch__arm__core__mpu.a(arm_mpu.c.obj)
                0x0000000008022cf8                z_arm_mpu_init
 .text.cbvprintf
                0x0000000008022e74       0x38 zephyr/lib/libc/picolibc/liblib__libc__picolibc.a(cbprintf.c.obj)
                0x0000000008022e74                cbvprintf
 .text.z_impl_zephyr_fputc
                0x0000000008022eac       0x10 zephyr/lib/libc/picolibc/liblib__libc__picolibc.a(stdio.c.obj)
                0x0000000008022eac                z_impl_zephyr_fputc
 .text.__stdout_hook_install
                0x0000000008022ebc       0x18 zephyr/lib/libc/picolibc/liblib__libc__picolibc.a(stdio.c.obj)
                0x0000000008022ebc                __stdout_hook_install
 .text.malloc_prepare
                0x0000000008022ed4       0x24 zephyr/lib/libc/common/liblib__libc__common.a(malloc.c.obj)
 .text.stm32_fill_irq_table
                0x0000000008022ef8       0x18 zephyr/drivers/interrupt_controller/libdrivers__interrupt_controller.a(intc_gpio_stm32.c.obj)
 .text.stm32_intc_gpio_isr
                0x0000000008022f10       0x54 zephyr/drivers/interrupt_controller/libdrivers__interrupt_controller.a(intc_gpio_stm32.c.obj)
 .text.stm32_gpio_intc_enable_line
                0x0000000008022f64       0x30 zephyr/drivers/interrupt_controller/libdrivers__interrupt_controller.a(intc_gpio_stm32.c.obj)
                0x0000000008022f64                stm32_gpio_intc_enable_line
 .text.stm32_gpio_intc_set_irq_callback
                0x0000000008022f94       0x40 zephyr/drivers/interrupt_controller/libdrivers__interrupt_controller.a(intc_gpio_stm32.c.obj)
                0x0000000008022f94                stm32_gpio_intc_set_irq_callback
 .text.stm32_gpio_intc_remove_irq_callback
                0x0000000008022fd4       0x24 zephyr/drivers/interrupt_controller/libdrivers__interrupt_controller.a(intc_gpio_stm32.c.obj)
                0x0000000008022fd4                stm32_gpio_intc_remove_irq_callback
 .text.stm32_exti_get_line_src_port
                0x0000000008022ff8       0x38 zephyr/drivers/interrupt_controller/libdrivers__interrupt_controller.a(intc_gpio_stm32.c.obj)
                0x0000000008022ff8                stm32_exti_get_line_src_port
 .text.stm32_exti_init
                0x0000000008023030       0x48 zephyr/drivers/interrupt_controller/libdrivers__interrupt_controller.a(intc_exti_stm32.c.obj)
 .text.stm32_exti_is_pending
                0x0000000008023078       0x4c zephyr/drivers/interrupt_controller/libdrivers__interrupt_controller.a(intc_exti_stm32.c.obj)
                0x0000000008023078                stm32_exti_is_pending
 .text.stm32_exti_clear_pending
                0x00000000080230c4       0x48 zephyr/drivers/interrupt_controller/libdrivers__interrupt_controller.a(intc_exti_stm32.c.obj)
                0x00000000080230c4                stm32_exti_clear_pending
 .text.can_calc_timing_internal
                0x000000000802310c      0x1c0 zephyr/drivers/can/libdrivers__can.a(can_common.c.obj)
 .text.z_impl_can_send
                0x00000000080232cc       0xdc zephyr/drivers/can/libdrivers__can.a(can_common.c.obj)
                0x00000000080232cc                z_impl_can_send
 .text.can_add_rx_filter
                0x00000000080233a8       0x90 zephyr/drivers/can/libdrivers__can.a(can_common.c.obj)
                0x00000000080233a8                can_add_rx_filter
 .text.z_impl_can_calc_timing
                0x0000000008023438       0x2c zephyr/drivers/can/libdrivers__can.a(can_common.c.obj)
                0x0000000008023438                z_impl_can_calc_timing
 .text.z_impl_can_calc_timing_data
                0x0000000008023464       0x2c zephyr/drivers/can/libdrivers__can.a(can_common.c.obj)
                0x0000000008023464                z_impl_can_calc_timing_data
 .text.can_mcan_read_reg
                0x0000000008023490       0x2c zephyr/drivers/can/libdrivers__can.a(can_mcan.c.obj)
                0x0000000008023490                can_mcan_read_reg
 .text.can_mcan_write_reg
                0x00000000080234bc       0x2c zephyr/drivers/can/libdrivers__can.a(can_mcan.c.obj)
                0x00000000080234bc                can_mcan_write_reg
 .text.can_mcan_get_message
                0x00000000080234e8      0x174 zephyr/drivers/can/libdrivers__can.a(can_mcan.c.obj)
 .text.can_mcan_exit_sleep_mode
                0x000000000802365c       0xa0 zephyr/drivers/can/libdrivers__can.a(can_mcan.c.obj)
 .text.can_mcan_set_timing
                0x00000000080236fc       0x64 zephyr/drivers/can/libdrivers__can.a(can_mcan.c.obj)
                0x00000000080236fc                can_mcan_set_timing
 .text.can_mcan_start
                0x0000000008023760      0x104 zephyr/drivers/can/libdrivers__can.a(can_mcan.c.obj)
                0x0000000008023760                can_mcan_start
 .text.can_mcan_set_mode
                0x0000000008023864       0xc8 zephyr/drivers/can/libdrivers__can.a(can_mcan.c.obj)
                0x0000000008023864                can_mcan_set_mode
 .text.can_mcan_line_1_isr
                0x000000000802392c       0x94 zephyr/drivers/can/libdrivers__can.a(can_mcan.c.obj)
                0x000000000802392c                can_mcan_line_1_isr
 .text.can_mcan_line_0_isr
                0x00000000080239c0      0x1c4 zephyr/drivers/can/libdrivers__can.a(can_mcan.c.obj)
                0x00000000080239c0                can_mcan_line_0_isr
 .text.can_mcan_send
                0x0000000008023b84      0x22c zephyr/drivers/can/libdrivers__can.a(can_mcan.c.obj)
                0x0000000008023b84                can_mcan_send
 .text.can_mcan_add_rx_filter_std
                0x0000000008023db0       0xd0 zephyr/drivers/can/libdrivers__can.a(can_mcan.c.obj)
                0x0000000008023db0                can_mcan_add_rx_filter_std
 .text.can_mcan_add_rx_filter
                0x0000000008023e80      0x110 zephyr/drivers/can/libdrivers__can.a(can_mcan.c.obj)
                0x0000000008023e80                can_mcan_add_rx_filter
 .text.can_mcan_remove_rx_filter
                0x0000000008023f90       0xbc zephyr/drivers/can/libdrivers__can.a(can_mcan.c.obj)
                0x0000000008023f90                can_mcan_remove_rx_filter
 .text.can_mcan_stop
                0x000000000802404c       0xac zephyr/drivers/can/libdrivers__can.a(can_mcan.c.obj)
                0x000000000802404c                can_mcan_stop
 .text.can_mcan_configure_mram
                0x00000000080240f8      0x128 zephyr/drivers/can/libdrivers__can.a(can_mcan.c.obj)
                0x00000000080240f8                can_mcan_configure_mram
 .text.can_mcan_init
                0x0000000008024220      0x1b0 zephyr/drivers/can/libdrivers__can.a(can_mcan.c.obj)
                0x0000000008024220                can_mcan_init
 .text.clock_control_get_rate.constprop.0
                0x00000000080243d0       0x28 zephyr/drivers/can/libdrivers__can.a(can_stm32h7_fdcan.c.obj)
 .text.can_stm32h7_get_core_clock
                0x00000000080243f8       0x88 zephyr/drivers/can/libdrivers__can.a(can_stm32h7_fdcan.c.obj)
 .text.can_stm32h7_init
                0x0000000008024480      0x13c zephyr/drivers/can/libdrivers__can.a(can_stm32h7_fdcan.c.obj)
 .text.get_hclk_frequency
                0x00000000080245bc       0x28 zephyr/drivers/clock_control/libdrivers__clock_control.a(clock_stm32_ll_h7.c.obj)
 .text.stm32_clock_control_get_subsys_rate
                0x00000000080245e4       0xe8 zephyr/drivers/clock_control/libdrivers__clock_control.a(clock_stm32_ll_h7.c.obj)
 .text.stm32_clock_control_init
                0x00000000080246cc      0x280 zephyr/drivers/clock_control/libdrivers__clock_control.a(clock_stm32_ll_h7.c.obj)
                0x00000000080246cc                stm32_clock_control_init
 .text.uart_console_init
                0x000000000802494c       0x28 zephyr/drivers/console/libdrivers__console.a(uart_console.c.obj)
 .text.console_out
                0x0000000008024974       0x28 zephyr/drivers/console/libdrivers__console.a(uart_console.c.obj)
 .text.gpio_stm32_pin_interrupt_configure
                0x000000000802499c       0xb0 zephyr/drivers/gpio/libdrivers__gpio.a(gpio_stm32.c.obj)
 .text.gpio_stm32_init
                0x0000000008024a4c       0x38 zephyr/drivers/gpio/libdrivers__gpio.a(gpio_stm32.c.obj)
 .text.pinctrl_configure_pins
                0x0000000008024a84       0x84 zephyr/drivers/pinctrl/libdrivers__pinctrl.a(pinctrl_stm32.c.obj)
                0x0000000008024a84                pinctrl_configure_pins
 .text.uart_stm32_cfg2ll_stopbits
                0x0000000008024b08       0x38 zephyr/drivers/serial/libdrivers__serial.a(uart_stm32.c.obj)
 .text.lpuartdiv_calc
                0x0000000008024b40       0x30 zephyr/drivers/serial/libdrivers__serial.a(uart_stm32.c.obj)
                0x0000000008024b40                lpuartdiv_calc
 .text.uart_stm32_set_baudrate
                0x0000000008024b70      0x108 zephyr/drivers/serial/libdrivers__serial.a(uart_stm32.c.obj)
 .text.uart_stm32_configure
                0x0000000008024c78      0x12c zephyr/drivers/serial/libdrivers__serial.a(uart_stm32.c.obj)
 .text.uart_stm32_init
                0x0000000008024da4      0x1f4 zephyr/drivers/serial/libdrivers__serial.a(uart_stm32.c.obj)
 .text.elapsed  0x0000000008024f98       0x4c zephyr/drivers/timer/libdrivers__timer.a(cortex_m_systick.c.obj)
 .text.sys_clock_driver_init
                0x0000000008024fe4       0x38 zephyr/drivers/timer/libdrivers__timer.a(cortex_m_systick.c.obj)
 .text.sys_clock_isr
                0x000000000802501c       0x60 zephyr/drivers/timer/libdrivers__timer.a(cortex_m_systick.c.obj)
                0x000000000802501c                sys_clock_isr
 .text.sys_clock_set_timeout
                0x000000000802507c       0xfc zephyr/drivers/timer/libdrivers__timer.a(cortex_m_systick.c.obj)
                0x000000000802507c                sys_clock_set_timeout
 .text.sys_clock_elapsed
                0x0000000008025178       0x3c zephyr/drivers/timer/libdrivers__timer.a(cortex_m_systick.c.obj)
                0x0000000008025178                sys_clock_elapsed
 .text.sys_clock_cycle_get_32
                0x00000000080251b4       0x28 zephyr/drivers/timer/libdrivers__timer.a(cortex_m_systick.c.obj)
                0x00000000080251b4                sys_clock_cycle_get_32
 .text.iwdg_stm32_install_timeout
                0x00000000080251dc       0x78 zephyr/drivers/watchdog/libdrivers__watchdog.a(wdt_iwdg_stm32.c.obj)
 .text.iwdg_stm32_setup
                0x0000000008025254       0x80 zephyr/drivers/watchdog/libdrivers__watchdog.a(wdt_iwdg_stm32.c.obj)
 .text.LL_SetFlashLatency
                0x00000000080252d4      0x198 modules/hal_stm32/stm32cube/lib..__modules__hal__stm32__stm32cube.a(stm32h7xx_ll_utils.c.obj)
                0x00000000080252d4                LL_SetFlashLatency
 .text.k_sys_fatal_error_handler
                0x000000000802546c       0x20 zephyr/kernel/libkernel.a(fatal.c.obj)
                0x000000000802546c                k_sys_fatal_error_handler
 .text.z_fatal_error
                0x000000000802548c       0xe8 zephyr/kernel/libkernel.a(fatal.c.obj)
                0x000000000802548c                z_fatal_error
 .text.z_sys_init_run_level
                0x0000000008025574       0x30 zephyr/kernel/libkernel.a(init.c.obj)
 .text.bg_thread_main
                0x00000000080255a4       0xc0 zephyr/kernel/libkernel.a(init.c.obj)
 .text.z_bss_zero
                0x0000000008025664       0x2c zephyr/kernel/libkernel.a(init.c.obj)
                0x0000000008025664                z_bss_zero
 .text.z_init_cpu
                0x0000000008025690       0x6c zephyr/kernel/libkernel.a(init.c.obj)
                0x0000000008025690                z_init_cpu
 .text.z_cstart
                0x00000000080256fc       0xcc zephyr/kernel/libkernel.a(init.c.obj)
                0x00000000080256fc                z_cstart
 .text.put_msg_in_queue
                0x00000000080257c8       0xd0 zephyr/kernel/libkernel.a(msg_q.c.obj)
 .text.z_impl_k_msgq_get
                0x0000000008025898       0xc4 zephyr/kernel/libkernel.a(msg_q.c.obj)
                0x0000000008025898                z_impl_k_msgq_get
 .text.z_impl_k_mutex_lock
                0x000000000802595c       0xf0 zephyr/kernel/libkernel.a(mutex.c.obj)
                0x000000000802595c                z_impl_k_mutex_lock
 .text.z_impl_k_mutex_unlock
                0x0000000008025a4c       0xa0 zephyr/kernel/libkernel.a(mutex.c.obj)
                0x0000000008025a4c                z_impl_k_mutex_unlock
 .text.z_impl_k_sem_give
                0x0000000008025aec       0x68 zephyr/kernel/libkernel.a(sem.c.obj)
                0x0000000008025aec                z_impl_k_sem_give
 .text.z_impl_k_sem_take
                0x0000000008025b54       0x4c zephyr/kernel/libkernel.a(sem.c.obj)
                0x0000000008025b54                z_impl_k_sem_take
 .text.z_setup_new_thread
                0x0000000008025ba0       0x9c zephyr/kernel/libkernel.a(thread.c.obj)
                0x0000000008025ba0                z_setup_new_thread
 .text.z_impl_k_thread_create
                0x0000000008025c3c       0x58 zephyr/kernel/libkernel.a(thread.c.obj)
                0x0000000008025c3c                z_impl_k_thread_create
 .text.z_dummy_thread_init
                0x0000000008025c94       0x18 zephyr/kernel/libkernel.a(thread.c.obj)
                0x0000000008025c94                z_dummy_thread_init
 .text.z_swap_irqlock
                0x0000000008025cac       0x30 zephyr/kernel/libkernel.a(sched.c.obj)
 .text.ready_thread
                0x0000000008025cdc       0x84 zephyr/kernel/libkernel.a(sched.c.obj)
 .text.unready_thread
                0x0000000008025d60       0x54 zephyr/kernel/libkernel.a(sched.c.obj)
 .text.add_thread_timeout
                0x0000000008025db4       0x1c zephyr/kernel/libkernel.a(sched.c.obj)
 .text.move_thread_to_end_of_prio_q
                0x0000000008025dd0       0x90 zephyr/kernel/libkernel.a(sched.c.obj)
                0x0000000008025dd0                move_thread_to_end_of_prio_q
 .text.z_pend_curr
                0x0000000008025e60       0x44 zephyr/kernel/libkernel.a(sched.c.obj)
                0x0000000008025e60                z_pend_curr
 .text.z_thread_prio_set
                0x0000000008025ea4       0xe4 zephyr/kernel/libkernel.a(sched.c.obj)
                0x0000000008025ea4                z_thread_prio_set
 .text.z_reschedule
                0x0000000008025f88       0x24 zephyr/kernel/libkernel.a(sched.c.obj)
                0x0000000008025f88                z_reschedule
 .text.z_reschedule_irqlock
                0x0000000008025fac       0x28 zephyr/kernel/libkernel.a(sched.c.obj)
                0x0000000008025fac                z_reschedule_irqlock
 .text.k_sched_lock
                0x0000000008025fd4       0x28 zephyr/kernel/libkernel.a(sched.c.obj)
                0x0000000008025fd4                k_sched_lock
 .text.k_sched_unlock
                0x0000000008025ffc       0x68 zephyr/kernel/libkernel.a(sched.c.obj)
                0x0000000008025ffc                k_sched_unlock
 .text.z_sched_init
                0x0000000008026064       0x10 zephyr/kernel/libkernel.a(sched.c.obj)
                0x0000000008026064                z_sched_init
 .text.z_impl_k_yield
                0x0000000008026074       0x88 zephyr/kernel/libkernel.a(sched.c.obj)
                0x0000000008026074                z_impl_k_yield
 .text.z_tick_sleep
                0x00000000080260fc       0x78 zephyr/kernel/libkernel.a(sched.c.obj)
 .text.z_impl_k_wakeup
                0x0000000008026174       0x48 zephyr/kernel/libkernel.a(sched.c.obj)
                0x0000000008026174                z_impl_k_wakeup
 .text.z_impl_k_sched_current_thread_query
                0x00000000080261bc        0xc zephyr/kernel/libkernel.a(sched.c.obj)
                0x00000000080261bc                z_impl_k_sched_current_thread_query
 .text.z_thread_abort
                0x00000000080261c8      0x140 zephyr/kernel/libkernel.a(sched.c.obj)
                0x00000000080261c8                z_thread_abort
 .text.slice_timeout
                0x0000000008026308       0x20 zephyr/kernel/libkernel.a(timeslicing.c.obj)
 .text.thread_is_sliceable
                0x0000000008026328       0x3c zephyr/kernel/libkernel.a(timeslicing.c.obj)
                0x0000000008026328                thread_is_sliceable
 .text.z_reset_time_slice
                0x0000000008026364       0x50 zephyr/kernel/libkernel.a(timeslicing.c.obj)
                0x0000000008026364                z_reset_time_slice
 .text.z_time_slice
                0x00000000080263b4       0x60 zephyr/kernel/libkernel.a(timeslicing.c.obj)
                0x00000000080263b4                z_time_slice
 .text.z_data_copy
                0x0000000008026414       0x50 zephyr/kernel/libkernel.a(xip.c.obj)
                0x0000000008026414                z_data_copy
 .text.first    0x0000000008026464       0x10 zephyr/kernel/libkernel.a(timeout.c.obj)
 .text.elapsed  0x0000000008026474       0x14 zephyr/kernel/libkernel.a(timeout.c.obj)
 .text.remove_timeout
                0x0000000008026488       0x38 zephyr/kernel/libkernel.a(timeout.c.obj)
 .text.z_add_timeout
                0x00000000080264c0      0x120 zephyr/kernel/libkernel.a(timeout.c.obj)
                0x00000000080264c0                z_add_timeout
 .text.sys_clock_announce
                0x00000000080265e0       0xb4 zephyr/kernel/libkernel.a(timeout.c.obj)
                0x00000000080265e0                sys_clock_announce
 .text.sys_clock_tick_get
                0x0000000008026694       0x30 zephyr/kernel/libkernel.a(timeout.c.obj)
                0x0000000008026694                sys_clock_tick_get
 .text.z_timer_expiration_handler
                0x00000000080266c4      0x110 zephyr/kernel/libkernel.a(timer.c.obj)
                0x00000000080266c4                z_timer_expiration_handler
 .text.z_impl_k_timer_start
                0x00000000080267d4       0x70 zephyr/kernel/libkernel.a(timer.c.obj)
                0x00000000080267d4                z_impl_k_timer_start
 .text.boot_banner
                0x0000000008026844        0xc zephyr/kernel/libkernel.a(banner.c.obj)
                0x0000000008026844                boot_banner
 .text.statics_init
                0x0000000008026850       0x24 zephyr/kernel/libkernel.a(kheap.c.obj)
 .text.snprintf
                0x0000000008026874       0x54 /home/saket-jha/zephyr-work/zephyr-sdk-0.17.2/arm-zephyr-eabi/bin/../lib/gcc/../../picolibc/arm-zephyr-eabi/lib/thumb/v7e-m+dp/hard/libc.a(libc_tinystdio_snprintf.c.o)
                0x0000000008026874                snprintf
 .text.skip_to_arg
                0x00000000080268c8      0x138 /home/saket-jha/zephyr-work/zephyr-sdk-0.17.2/arm-zephyr-eabi/bin/../lib/gcc/../../picolibc/arm-zephyr-eabi/lib/thumb/v7e-m+dp/hard/libc.a(libc_tinystdio_vfprintf.c.o)
 .text.vfprintf
                0x0000000008026a00      0x9bc /home/saket-jha/zephyr-work/zephyr-sdk-0.17.2/arm-zephyr-eabi/bin/../lib/gcc/../../picolibc/arm-zephyr-eabi/lib/thumb/v7e-m+dp/hard/libc.a(libc_tinystdio_vfprintf.c.o)
                0x0000000008026a00                __d_vfprintf
 .text.div10    0x00000000080273bc       0x28 /home/saket-jha/zephyr-work/zephyr-sdk-0.17.2/arm-zephyr-eabi/bin/../lib/gcc/../../picolibc/arm-zephyr-eabi/lib/thumb/v7e-m+dp/hard/libc.a(libc_tinystdio_dtoa_ryu.c.o)
 .text.__dtoa_engine
                0x00000000080273e4      0x4b0 /home/saket-jha/zephyr-work/zephyr-sdk-0.17.2/arm-zephyr-eabi/bin/../lib/gcc/../../picolibc/arm-zephyr-eabi/lib/thumb/v7e-m+dp/hard/libc.a(libc_tinystdio_dtoa_ryu.c.o)
                0x00000000080273e4                __dtoa_engine
 .text.__log10Pow2
                0x0000000008027894        0xc /home/saket-jha/zephyr-work/zephyr-sdk-0.17.2/arm-zephyr-eabi/bin/../lib/gcc/../../picolibc/arm-zephyr-eabi/lib/thumb/v7e-m+dp/hard/libc.a(libc_tinystdio_ryu_log10.c.o)
                0x0000000008027894                __log10Pow2
 .text.__log10Pow5
                0x00000000080278a0        0xc /home/saket-jha/zephyr-work/zephyr-sdk-0.17.2/arm-zephyr-eabi/bin/../lib/gcc/../../picolibc/arm-zephyr-eabi/lib/thumb/v7e-m+dp/hard/libc.a(libc_tinystdio_ryu_log10.c.o)
                0x00000000080278a0                __log10Pow5
 .text.__pow5bits
                0x00000000080278ac       0x10 /home/saket-jha/zephyr-work/zephyr-sdk-0.17.2/arm-zephyr-eabi/bin/../lib/gcc/../../picolibc/arm-zephyr-eabi/lib/thumb/v7e-m+dp/hard/libc.a(libc_tinystdio_ryu_pow5bits.c.o)
                0x00000000080278ac                __pow5bits
 .text.__pow5Factor
                0x00000000080278bc       0x30 /home/saket-jha/zephyr-work/zephyr-sdk-0.17.2/arm-zephyr-eabi/bin/../lib/gcc/../../picolibc/arm-zephyr-eabi/lib/thumb/v7e-m+dp/hard/libc.a(libc_tinystdio_ryu_table.c.o)
                0x00000000080278bc                __pow5Factor
 .text.__double_computePow5
                0x00000000080278ec       0xe8 /home/saket-jha/zephyr-work/zephyr-sdk-0.17.2/arm-zephyr-eabi/bin/../lib/gcc/../../picolibc/arm-zephyr-eabi/lib/thumb/v7e-m+dp/hard/libc.a(libc_tinystdio_ryu_table.c.o)
                0x00000000080278ec                __double_computePow5
 .text.__double_computeInvPow5
                0x00000000080279d4       0xf8 /home/saket-jha/zephyr-work/zephyr-sdk-0.17.2/arm-zephyr-eabi/bin/../lib/gcc/../../picolibc/arm-zephyr-eabi/lib/thumb/v7e-m+dp/hard/libc.a(libc_tinystdio_ryu_table.c.o)
                0x00000000080279d4                __double_computeInvPow5
 .text.expf     0x0000000008027acc      0x19c /home/saket-jha/zephyr-work/zephyr-sdk-0.17.2/arm-zephyr-eabi/bin/../lib/gcc/../../picolibc/arm-zephyr-eabi/lib/thumb/v7e-m+dp/hard/libc.a(libm_math_sf_exp.c.o)
                0x0000000008027acc                expf
 .text.__math_uflowf
                0x0000000008027c68       0x1c /home/saket-jha/zephyr-work/zephyr-sdk-0.17.2/arm-zephyr-eabi/bin/../lib/gcc/../../picolibc/arm-zephyr-eabi/lib/thumb/v7e-m+dp/hard/libc.a(libm_common_math_errf_uflowf.c.o)
                0x0000000008027c68                __math_uflowf
 .text.__math_oflowf
                0x0000000008027c84       0x1c /home/saket-jha/zephyr-work/zephyr-sdk-0.17.2/arm-zephyr-eabi/bin/../lib/gcc/../../picolibc/arm-zephyr-eabi/lib/thumb/v7e-m+dp/hard/libc.a(libm_common_math_errf_oflowf.c.o)
                0x0000000008027c84                __math_oflowf
 .text._OffsetAbsSyms
                0x0000000008027ca0        0x2 zephyr/CMakeFiles/offsets.dir/./arch/arm/core/offsets/offsets.c.obj
                0x0000000008027ca0                _OffsetAbsSyms
 .text.sigmoid  0x0000000008027ca2       0x18 app/libapp.a(main.c.obj)
                0x0000000008027ca2                sigmoid
 .text.chunk_field
                0x0000000008027cba       0x16 zephyr/libzephyr.a(heap.c.obj)
 .text.chunk_set
                0x0000000008027cd0       0x16 zephyr/libzephyr.a(heap.c.obj)
 .text.chunk_size
                0x0000000008027ce6        0xc zephyr/libzephyr.a(heap.c.obj)
 .text.set_chunk_used
                0x0000000008027cf2       0x30 zephyr/libzephyr.a(heap.c.obj)
 .text.set_chunk_size
                0x0000000008027d22        0x8 zephyr/libzephyr.a(heap.c.obj)
 .text.bucket_idx.isra.0
                0x0000000008027d2a       0x1e zephyr/libzephyr.a(heap.c.obj)
 .text.free_list_add
                0x0000000008027d48       0x84 zephyr/libzephyr.a(heap.c.obj)
 .text.sys_heap_init
                0x0000000008027dcc       0xb0 zephyr/libzephyr.a(heap.c.obj)
                0x0000000008027dcc                sys_heap_init
 .text.cbpprintf_external
                0x0000000008027e7c       0x62 zephyr/libzephyr.a(cbprintf_packaged.c.obj)
                0x0000000008027e7c                cbpprintf_external
 .text.is_ptr   0x0000000008027ede       0x4a zephyr/libzephyr.a(cbprintf_packaged.c.obj)
                0x0000000008027ede                is_ptr
 .text.arch_printk_char_out
                0x0000000008027f28        0x4 zephyr/libzephyr.a(printk.c.obj)
                0x0000000008027f28                arch_printk_char_out
 .text.printk   0x0000000008027f2c       0x1a zephyr/libzephyr.a(printk.c.obj)
                0x0000000008027f2c                printk
 .text.free_space
                0x0000000008027f46       0x26 zephyr/libzephyr.a(mpsc_pbuf.c.obj)
 .text.get_usage
                0x0000000008027f6c       0x22 zephyr/libzephyr.a(mpsc_pbuf.c.obj)
 .text.idx_inc  0x0000000008027f8e       0x1c zephyr/libzephyr.a(mpsc_pbuf.c.obj)
 .text.rd_idx_inc
                0x0000000008027faa       0x18 zephyr/libzephyr.a(mpsc_pbuf.c.obj)
 .text.add_skip_item
                0x0000000008027fc2       0x3a zephyr/libzephyr.a(mpsc_pbuf.c.obj)
 .text.drop_item_locked
                0x0000000008027ffc       0xfe zephyr/libzephyr.a(mpsc_pbuf.c.obj)
 .text.post_drop_action
                0x00000000080280fa       0x36 zephyr/libzephyr.a(mpsc_pbuf.c.obj)
 .text.max_utilization_update
                0x0000000008028130       0x1a zephyr/libzephyr.a(mpsc_pbuf.c.obj)
 .text.mpsc_pbuf_init
                0x000000000802814a       0x42 zephyr/libzephyr.a(mpsc_pbuf.c.obj)
                0x000000000802814a                mpsc_pbuf_init
 .text.mpsc_pbuf_alloc
                0x000000000802818c       0xfe zephyr/libzephyr.a(mpsc_pbuf.c.obj)
                0x000000000802818c                mpsc_pbuf_alloc
 .text.mpsc_pbuf_commit
                0x000000000802828a       0x3e zephyr/libzephyr.a(mpsc_pbuf.c.obj)
                0x000000000802828a                mpsc_pbuf_commit
 .text.mpsc_pbuf_claim
                0x00000000080282c8       0xa8 zephyr/libzephyr.a(mpsc_pbuf.c.obj)
                0x00000000080282c8                mpsc_pbuf_claim
 .text.mpsc_pbuf_free
                0x0000000008028370       0x76 zephyr/libzephyr.a(mpsc_pbuf.c.obj)
                0x0000000008028370                mpsc_pbuf_free
 .text.mpsc_pbuf_is_pending
                0x00000000080283e6       0x32 zephyr/libzephyr.a(mpsc_pbuf.c.obj)
                0x00000000080283e6                mpsc_pbuf_is_pending
 .text._ConfigAbsSyms
                0x0000000008028418        0x2 zephyr/libzephyr.a(configs.c.obj)
                0x0000000008028418                _ConfigAbsSyms
 .text.log_msg_generic_get_wlen
                0x000000000802841a       0x20 zephyr/libzephyr.a(log_core.c.obj)
 .text.dummy_timestamp
                0x000000000802843a        0x4 zephyr/libzephyr.a(log_core.c.obj)
 .text.atomic_inc
                0x000000000802843e       0x1a zephyr/libzephyr.a(log_core.c.obj)
 .text.default_lf_get_timestamp
                0x0000000008028458       0x10 zephyr/libzephyr.a(log_core.c.obj)
 .text.z_log_vprintk
                0x0000000008028468       0x1c zephyr/libzephyr.a(log_core.c.obj)
                0x0000000008028468                z_log_vprintk
 .text.z_log_notify_drop
                0x0000000008028484        0x6 zephyr/libzephyr.a(log_core.c.obj)
 .text.z_log_get_tag
                0x000000000802848a        0x4 zephyr/libzephyr.a(log_core.c.obj)
                0x000000000802848a                z_log_get_tag
 .text.log_backend_enable
                0x000000000802848e       0x12 zephyr/libzephyr.a(log_mgmt.c.obj)
                0x000000000802848e                log_backend_enable
 .text.z_cbprintf_cpy
                0x00000000080284a0       0x2e zephyr/libzephyr.a(log_msg.c.obj)
 .text.z_log_msg_finalize
                0x00000000080284ce       0x32 zephyr/libzephyr.a(log_msg.c.obj)
                0x00000000080284ce                z_log_msg_finalize
 .text.z_log_msg_simple_create
                0x0000000008028500       0x6e zephyr/libzephyr.a(log_msg.c.obj)
 .text.z_impl_z_log_msg_simple_create_0
                0x000000000802856e       0x12 zephyr/libzephyr.a(log_msg.c.obj)
                0x000000000802856e                z_impl_z_log_msg_simple_create_0
 .text.z_impl_z_log_msg_simple_create_1
                0x0000000008028580       0x14 zephyr/libzephyr.a(log_msg.c.obj)
                0x0000000008028580                z_impl_z_log_msg_simple_create_1
 .text.z_impl_z_log_msg_simple_create_2
                0x0000000008028594       0x18 zephyr/libzephyr.a(log_msg.c.obj)
                0x0000000008028594                z_impl_z_log_msg_simple_create_2
 .text.log_output_write
                0x00000000080285ac       0x1c zephyr/libzephyr.a(log_output.c.obj)
 .text.log_output_flush
                0x00000000080285c8       0x1a zephyr/libzephyr.a(log_output.c.obj)
 .text.out_func
                0x00000000080285e2       0x36 zephyr/libzephyr.a(log_output.c.obj)
 .text.cr_out_func
                0x0000000008028618       0x1c zephyr/libzephyr.a(log_output.c.obj)
 .text.log_output_msg_process
                0x0000000008028634       0x6c zephyr/libzephyr.a(log_output.c.obj)
                0x0000000008028634                log_output_msg_process
 .text.format_set
                0x00000000080286a0        0xc zephyr/libzephyr.a(log_backend_uart.c.obj)
 .text.log_backend_uart_init
                0x00000000080286ac        0xc zephyr/libzephyr.a(log_backend_uart.c.obj)
 .text.panic    0x00000000080286b8       0x32 zephyr/libzephyr.a(log_backend_uart.c.obj)
 .text.dropped  0x00000000080286ea        0xa zephyr/libzephyr.a(log_backend_uart.c.obj)
 .text.process  0x00000000080286f4       0x1e zephyr/libzephyr.a(log_backend_uart.c.obj)
 .text.z_do_kernel_oops
                0x0000000008028712        0x8 zephyr/arch/arch/arm/core/libarch__arm__core.a(fatal.c.obj)
                0x0000000008028712                z_do_kernel_oops
 .text.z_arm_nmi
                0x000000000802871a        0xe zephyr/arch/arch/arm/core/libarch__arm__core.a(nmi.c.obj)
                0x000000000802871a                z_arm_nmi
 .text.z_log_msg_simple_create_0.constprop.0
                0x0000000008028728        0x8 zephyr/arch/arch/arm/core/cortex_m/libarch__arm__core__cortex_m.a(fault.c.obj)
 .text.z_irq_spurious
                0x0000000008028730        0x8 zephyr/arch/arch/arm/core/cortex_m/libarch__arm__core__cortex_m.a(irq_manage.c.obj)
                0x0000000008028730                z_irq_spurious
 .text.arch_coprocessors_disable
                0x0000000008028738        0x4 zephyr/arch/arch/arm/core/cortex_m/libarch__arm__core__cortex_m.a(thread.c.obj)
                0x0000000008028738                arch_coprocessors_disable
 .text.arch_irq_unlock_outlined
                0x000000000802873c        0xe zephyr/arch/arch/arm/core/cortex_m/libarch__arm__core__cortex_m.a(thread.c.obj)
                0x000000000802873c                arch_irq_unlock_outlined
 .text.arch_cpu_idle
                0x000000000802874a       0x1a zephyr/arch/arch/arm/core/cortex_m/libarch__arm__core__cortex_m.a(cpu_idle.c.obj)
                0x000000000802874a                arch_cpu_idle
 .text.size_to_mpu_rasr_size
                0x0000000008028764       0x20 zephyr/arch/arch/arm/core/mpu/libarch__arm__core__mpu.a(arm_mpu.c.obj)
 .text.cbputc   0x0000000008028784        0xc zephyr/lib/libc/picolibc/liblib__libc__picolibc.a(cbprintf.c.obj)
 .text.picolibc_put
                0x0000000008028790        0xa zephyr/lib/libc/picolibc/liblib__libc__picolibc.a(stdio.c.obj)
 .text.stm32_exti_gpio_intc_init
                0x000000000802879a       0x92 zephyr/drivers/interrupt_controller/libdrivers__interrupt_controller.a(intc_gpio_stm32.c.obj)
 .text.stm32_gpio_intc_get_pin_irq_line
                0x000000000802882c        0xa zephyr/drivers/interrupt_controller/libdrivers__interrupt_controller.a(intc_gpio_stm32.c.obj)
                0x000000000802882c                stm32_gpio_intc_get_pin_irq_line
 .text.stm32_gpio_intc_disable_line
                0x0000000008028836       0x12 zephyr/drivers/interrupt_controller/libdrivers__interrupt_controller.a(intc_gpio_stm32.c.obj)
                0x0000000008028836                stm32_gpio_intc_disable_line
 .text.stm32_gpio_intc_select_line_trigger
                0x0000000008028848       0x52 zephyr/drivers/interrupt_controller/libdrivers__interrupt_controller.a(intc_gpio_stm32.c.obj)
                0x0000000008028848                stm32_gpio_intc_select_line_trigger
 .text.stm32_exti_set_line_src_port
                0x000000000802889a       0x3c zephyr/drivers/interrupt_controller/libdrivers__interrupt_controller.a(intc_gpio_stm32.c.obj)
                0x000000000802889a                stm32_exti_set_line_src_port
 .text.check_timing_in_range
                0x00000000080288d6       0x5e zephyr/drivers/can/libdrivers__can.a(can_common.c.obj)
 .text.can_tx_default_cb
                0x0000000008028934        0x8 zephyr/drivers/can/libdrivers__can.a(can_common.c.obj)
 .text.z_impl_can_set_timing
                0x000000000802893c       0x26 zephyr/drivers/can/libdrivers__can.a(can_common.c.obj)
                0x000000000802893c                z_impl_can_set_timing
 .text.z_impl_can_set_timing_data
                0x0000000008028962       0x2e zephyr/drivers/can/libdrivers__can.a(can_common.c.obj)
                0x0000000008028962                z_impl_can_set_timing_data
 .text.can_mcan_read_mram
                0x0000000008028990       0x10 zephyr/drivers/can/libdrivers__can.a(can_mcan.c.obj)
 .text.can_mcan_write_mram
                0x00000000080289a0       0x10 zephyr/drivers/can/libdrivers__can.a(can_mcan.c.obj)
 .text.can_mcan_clear_mram
                0x00000000080289b0        0x8 zephyr/drivers/can/libdrivers__can.a(can_mcan.c.obj)
 .text.z_log_msg_simple_create_0
                0x00000000080289b8        0x4 zephyr/drivers/can/libdrivers__can.a(can_mcan.c.obj)
 .text.z_log_msg_simple_create_1.constprop.0
                0x00000000080289bc        0xa zephyr/drivers/can/libdrivers__can.a(can_mcan.c.obj)
 .text.k_mutex_lock.constprop.0.isra.0
                0x00000000080289c6        0x4 zephyr/drivers/can/libdrivers__can.a(can_mcan.c.obj)
 .text.k_mutex_unlock.isra.0
                0x00000000080289ca        0x4 zephyr/drivers/can/libdrivers__can.a(can_mcan.c.obj)
 .text.can_mcan_enter_init_mode.constprop.0
                0x00000000080289ce       0xa4 zephyr/drivers/can/libdrivers__can.a(can_mcan.c.obj)
 .text.can_mcan_set_timing_data
                0x0000000008028a72       0x8e zephyr/drivers/can/libdrivers__can.a(can_mcan.c.obj)
                0x0000000008028a72                can_mcan_set_timing_data
 .text.can_mcan_get_capabilities
                0x0000000008028b00        0x8 zephyr/drivers/can/libdrivers__can.a(can_mcan.c.obj)
                0x0000000008028b00                can_mcan_get_capabilities
 .text.can_mcan_get_state
                0x0000000008028b08       0x5c zephyr/drivers/can/libdrivers__can.a(can_mcan.c.obj)
                0x0000000008028b08                can_mcan_get_state
 .text.can_mcan_get_max_filters
                0x0000000008028b64        0xe zephyr/drivers/can/libdrivers__can.a(can_mcan.c.obj)
                0x0000000008028b64                can_mcan_get_max_filters
 .text.can_mcan_set_state_change_callback
                0x0000000008028b72        0x8 zephyr/drivers/can/libdrivers__can.a(can_mcan.c.obj)
                0x0000000008028b72                can_mcan_set_state_change_callback
 .text.can_mcan_enable_configuration_change
                0x0000000008028b7a       0x3c zephyr/drivers/can/libdrivers__can.a(can_mcan.c.obj)
                0x0000000008028b7a                can_mcan_enable_configuration_change
 .text.can_stm32h7_read_reg
                0x0000000008028bb6        0xe zephyr/drivers/can/libdrivers__can.a(can_stm32h7_fdcan.c.obj)
 .text.can_stm32h7_write_reg
                0x0000000008028bc4        0xc zephyr/drivers/can/libdrivers__can.a(can_stm32h7_fdcan.c.obj)
 .text.can_stm32h7_read_mram
                0x0000000008028bd0       0x24 zephyr/drivers/can/libdrivers__can.a(can_stm32h7_fdcan.c.obj)
 .text.can_stm32h7_write_mram
                0x0000000008028bf4       0x26 zephyr/drivers/can/libdrivers__can.a(can_stm32h7_fdcan.c.obj)
 .text.can_stm32h7_clear_mram
                0x0000000008028c1a       0x1e zephyr/drivers/can/libdrivers__can.a(can_stm32h7_fdcan.c.obj)
 .text.stm32h7_mcan_irq_config_0
                0x0000000008028c38       0x26 zephyr/drivers/can/libdrivers__can.a(can_stm32h7_fdcan.c.obj)
 .text.stm32_clock_control_on
                0x0000000008028c5e       0x44 zephyr/drivers/clock_control/libdrivers__clock_control.a(clock_stm32_ll_h7.c.obj)
 .text.stm32_clock_control_off
                0x0000000008028ca2       0x2e zephyr/drivers/clock_control/libdrivers__clock_control.a(clock_stm32_ll_h7.c.obj)
 .text.enabled_clock
                0x0000000008028cd0       0x18 zephyr/drivers/clock_control/libdrivers__clock_control.a(clock_stm32_ll_h7.c.obj)
                0x0000000008028cd0                enabled_clock
 .text.stm32_clock_control_configure
                0x0000000008028ce8       0x52 zephyr/drivers/clock_control/libdrivers__clock_control.a(clock_stm32_ll_h7.c.obj)
 .text.gpio_stm32_port_get_raw
                0x0000000008028d3a        0xc zephyr/drivers/gpio/libdrivers__gpio.a(gpio_stm32.c.obj)
 .text.gpio_stm32_port_set_masked_raw
                0x0000000008028d46       0x12 zephyr/drivers/gpio/libdrivers__gpio.a(gpio_stm32.c.obj)
 .text.gpio_stm32_port_set_bits_raw
                0x0000000008028d58        0xa zephyr/drivers/gpio/libdrivers__gpio.a(gpio_stm32.c.obj)
 .text.gpio_stm32_port_clear_bits_raw
                0x0000000008028d62        0xc zephyr/drivers/gpio/libdrivers__gpio.a(gpio_stm32.c.obj)
 .text.gpio_stm32_port_toggle_bits
                0x0000000008028d6e        0xe zephyr/drivers/gpio/libdrivers__gpio.a(gpio_stm32.c.obj)
 .text.gpio_stm32_manage_callback
                0x0000000008028d7c       0x52 zephyr/drivers/gpio/libdrivers__gpio.a(gpio_stm32.c.obj)
 .text.gpio_stm32_configure_raw.isra.0
                0x0000000008028dce       0xa0 zephyr/drivers/gpio/libdrivers__gpio.a(gpio_stm32.c.obj)
 .text.gpio_stm32_config
                0x0000000008028e6e       0xd8 zephyr/drivers/gpio/libdrivers__gpio.a(gpio_stm32.c.obj)
 .text.gpio_stm32_isr
                0x0000000008028f46       0x2c zephyr/drivers/gpio/libdrivers__gpio.a(gpio_stm32.c.obj)
 .text.gpio_stm32_configure
                0x0000000008028f72       0x30 zephyr/drivers/gpio/libdrivers__gpio.a(gpio_stm32.c.obj)
                0x0000000008028f72                gpio_stm32_configure
 .text.pinctrl_lookup_state
                0x0000000008028fa2       0x26 zephyr/drivers/pinctrl/libdrivers__pinctrl.a(common.c.obj)
                0x0000000008028fa2                pinctrl_lookup_state
 .text.reset_stm32_status
                0x0000000008028fc8       0x22 zephyr/drivers/reset/libdrivers__reset.a(reset_stm32.c.obj)
 .text.reset_stm32_line_assert
                0x0000000008028fea       0x1c zephyr/drivers/reset/libdrivers__reset.a(reset_stm32.c.obj)
 .text.reset_stm32_line_deassert
                0x0000000008029006       0x1e zephyr/drivers/reset/libdrivers__reset.a(reset_stm32.c.obj)
 .text.reset_stm32_line_toggle
                0x0000000008029024       0x16 zephyr/drivers/reset/libdrivers__reset.a(reset_stm32.c.obj)
 .text.uart_stm32_ll2cfg_databits
                0x000000000802903a       0x2a zephyr/drivers/serial/libdrivers__serial.a(uart_stm32.c.obj)
 .text.uart_stm32_err_check
                0x0000000008029064       0x5a zephyr/drivers/serial/libdrivers__serial.a(uart_stm32.c.obj)
 .text.uart_stm32_poll_out
                0x00000000080290be       0x36 zephyr/drivers/serial/libdrivers__serial.a(uart_stm32.c.obj)
 .text.uart_stm32_poll_in
                0x00000000080290f4       0x22 zephyr/drivers/serial/libdrivers__serial.a(uart_stm32.c.obj)
 .text.uart_stm32_config_get
                0x0000000008029116       0x92 zephyr/drivers/serial/libdrivers__serial.a(uart_stm32.c.obj)
 .text.uart_stm32_parameters_set
                0x00000000080291a8      0x136 zephyr/drivers/serial/libdrivers__serial.a(uart_stm32.c.obj)
 .text.iwdg_stm32_disable
                0x00000000080292de        0x6 zephyr/drivers/watchdog/libdrivers__watchdog.a(wdt_iwdg_stm32.c.obj)
 .text.iwdg_stm32_feed
                0x00000000080292e4        0xe zephyr/drivers/watchdog/libdrivers__watchdog.a(wdt_iwdg_stm32.c.obj)
 .text.iwdg_stm32_init
                0x00000000080292f2        0x4 zephyr/drivers/watchdog/libdrivers__watchdog.a(wdt_iwdg_stm32.c.obj)
 .text.z_device_state_init
                0x00000000080292f6        0x2 zephyr/kernel/libkernel.a(device.c.obj)
                0x00000000080292f6                z_device_state_init
 .text.z_impl_device_is_ready
                0x00000000080292f8       0x16 zephyr/kernel/libkernel.a(device.c.obj)
                0x00000000080292f8                z_impl_device_is_ready
 .text.arch_system_halt
                0x000000000802930e       0x10 zephyr/kernel/libkernel.a(fatal.c.obj)
                0x000000000802930e                arch_system_halt
 .text.do_device_init
                0x000000000802931e       0x2e zephyr/kernel/libkernel.a(init.c.obj)
 .text.z_early_memset
                0x000000000802934c        0x4 zephyr/kernel/libkernel.a(init.c.obj)
                0x000000000802934c                z_early_memset
 .text.z_early_memcpy
                0x0000000008029350        0x4 zephyr/kernel/libkernel.a(init.c.obj)
                0x0000000008029350                z_early_memcpy
 .text.idle     0x0000000008029354       0x16 zephyr/kernel/libkernel.a(idle.c.obj)
                0x0000000008029354                idle
 .text.unpend_thread_no_timeout
                0x000000000802936a       0x1a zephyr/kernel/libkernel.a(msg_q.c.obj)
 .text.z_impl_k_msgq_put
                0x0000000008029384        0xe zephyr/kernel/libkernel.a(msg_q.c.obj)
                0x0000000008029384                z_impl_k_msgq_put
 .text.adjust_owner_prio.isra.0
                0x0000000008029392       0x10 zephyr/kernel/libkernel.a(mutex.c.obj)
 .text.z_impl_k_mutex_init
                0x00000000080293a2        0xe zephyr/kernel/libkernel.a(mutex.c.obj)
                0x00000000080293a2                z_impl_k_mutex_init
 .text.z_impl_k_sem_init
                0x00000000080293b0       0x18 zephyr/kernel/libkernel.a(sem.c.obj)
                0x00000000080293b0                z_impl_k_sem_init
 .text.k_is_in_isr
                0x00000000080293c8        0xc zephyr/kernel/libkernel.a(thread.c.obj)
                0x00000000080293c8                k_is_in_isr
 .text.z_impl_k_thread_name_set
                0x00000000080293d4        0x6 zephyr/kernel/libkernel.a(thread.c.obj)
                0x00000000080293d4                z_impl_k_thread_name_set
 .text.k_thread_name_get
                0x00000000080293da        0x4 zephyr/kernel/libkernel.a(thread.c.obj)
                0x00000000080293da                k_thread_name_get
 .text.sys_dlist_remove
                0x00000000080293de       0x10 zephyr/kernel/libkernel.a(sched.c.obj)
 .text.unpend_thread_no_timeout
                0x00000000080293ee       0x14 zephyr/kernel/libkernel.a(sched.c.obj)
 .text.add_to_waitq_locked
                0x0000000008029402       0x50 zephyr/kernel/libkernel.a(sched.c.obj)
 .text.z_ready_thread
                0x0000000008029452       0x1e zephyr/kernel/libkernel.a(sched.c.obj)
                0x0000000008029452                z_ready_thread
 .text.z_unpend_thread_no_timeout
                0x0000000008029470       0x22 zephyr/kernel/libkernel.a(sched.c.obj)
                0x0000000008029470                z_unpend_thread_no_timeout
 .text.z_sched_wake_thread
                0x0000000008029492       0x3a zephyr/kernel/libkernel.a(sched.c.obj)
                0x0000000008029492                z_sched_wake_thread
 .text.z_thread_timeout
                0x00000000080294cc        0x8 zephyr/kernel/libkernel.a(sched.c.obj)
                0x00000000080294cc                z_thread_timeout
 .text.z_unpend1_no_timeout
                0x00000000080294d4       0x2c zephyr/kernel/libkernel.a(sched.c.obj)
                0x00000000080294d4                z_unpend1_no_timeout
 .text.z_impl_k_sleep
                0x0000000008029500       0x50 zephyr/kernel/libkernel.a(sched.c.obj)
                0x0000000008029500                z_impl_k_sleep
 .text.next_timeout
                0x0000000008029550       0x2e zephyr/kernel/libkernel.a(timeout.c.obj)
 .text.z_abort_timeout
                0x000000000802957e       0x50 zephyr/kernel/libkernel.a(timeout.c.obj)
                0x000000000802957e                z_abort_timeout
 .text.sys_clock_tick_get_32
                0x00000000080295ce        0x8 zephyr/kernel/libkernel.a(timeout.c.obj)
                0x00000000080295ce                sys_clock_tick_get_32
 .text.z_impl_k_uptime_ticks
                0x00000000080295d6        0x4 zephyr/kernel/libkernel.a(timeout.c.obj)
                0x00000000080295d6                z_impl_k_uptime_ticks
 .text.k_timer_init
                0x00000000080295da       0x18 zephyr/kernel/libkernel.a(timer.c.obj)
                0x00000000080295da                k_timer_init
 .text.z_impl_k_timer_stop
                0x00000000080295f2       0x38 zephyr/kernel/libkernel.a(timer.c.obj)
                0x00000000080295f2                z_impl_k_timer_stop
 .text.k_heap_init
                0x000000000802962a       0x12 zephyr/kernel/libkernel.a(kheap.c.obj)
                0x000000000802962a                k_heap_init
 .text.memcpy   0x000000000802963c       0x1c /home/saket-jha/zephyr-work/zephyr-sdk-0.17.2/arm-zephyr-eabi/bin/../lib/gcc/../../picolibc/arm-zephyr-eabi/lib/thumb/v7e-m+dp/hard/libc.a(memcpy.c.o)
                0x000000000802963c                memcpy
                0x000000000802963c                __aeabi_memcpy
                0x000000000802963c                __aeabi_memcpy4
                0x000000000802963c                __aeabi_memcpy8
 .text.memset   0x0000000008029658       0x10 /home/saket-jha/zephyr-work/zephyr-sdk-0.17.2/arm-zephyr-eabi/bin/../lib/gcc/../../picolibc/arm-zephyr-eabi/lib/thumb/v7e-m+dp/hard/libc.a(memset.c.o)
                0x0000000008029658                memset
 .text.strnlen  0x0000000008029668       0x18 /home/saket-jha/zephyr-work/zephyr-sdk-0.17.2/arm-zephyr-eabi/bin/../lib/gcc/../../picolibc/arm-zephyr-eabi/lib/thumb/v7e-m+dp/hard/libc.a(libc_string_strnlen.c.o)
                0x0000000008029668                strnlen
 .text.__ultoa_invert
                0x0000000008029680       0x50 /home/saket-jha/zephyr-work/zephyr-sdk-0.17.2/arm-zephyr-eabi/bin/../lib/gcc/../../picolibc/arm-zephyr-eabi/lib/thumb/v7e-m+dp/hard/libc.a(libc_tinystdio_vfprintf.c.o)
 .text.mulShiftAll64
                0x00000000080296d0      0x17a /home/saket-jha/zephyr-work/zephyr-sdk-0.17.2/arm-zephyr-eabi/bin/../lib/gcc/../../picolibc/arm-zephyr-eabi/lib/thumb/v7e-m+dp/hard/libc.a(libc_tinystdio_dtoa_ryu.c.o)
 .text.__umul128
                0x000000000802984a       0x36 /home/saket-jha/zephyr-work/zephyr-sdk-0.17.2/arm-zephyr-eabi/bin/../lib/gcc/../../picolibc/arm-zephyr-eabi/lib/thumb/v7e-m+dp/hard/libc.a(libc_tinystdio_ryu_umul128.c.o)
                0x000000000802984a                __umul128
 .text.__shiftright128
                0x0000000008029880       0x3e /home/saket-jha/zephyr-work/zephyr-sdk-0.17.2/arm-zephyr-eabi/bin/../lib/gcc/../../picolibc/arm-zephyr-eabi/lib/thumb/v7e-m+dp/hard/libc.a(libc_tinystdio_ryu_umul128.c.o)
                0x0000000008029880                __shiftright128
 .text.__dtox_engine
                0x00000000080298be      0x12e /home/saket-jha/zephyr-work/zephyr-sdk-0.17.2/arm-zephyr-eabi/bin/../lib/gcc/../../picolibc/arm-zephyr-eabi/lib/thumb/v7e-m+dp/hard/libc.a(libc_tinystdio_dtox_engine.c.o)
                0x00000000080298be                __dtox_engine
 .text.__file_str_put
                0x00000000080299ec       0x10 /home/saket-jha/zephyr-work/zephyr-sdk-0.17.2/arm-zephyr-eabi/bin/../lib/gcc/../../picolibc/arm-zephyr-eabi/lib/thumb/v7e-m+dp/hard/libc.a(libc_tinystdio_filestrput.c.o)
                0x00000000080299ec                __file_str_put
 *(SORT_BY_ALIGNMENT(.TEXT.*))
 .TEXT.__aeabi_read_tp
                0x00000000080299fc        0xc zephyr/arch/arch/arm/core/cortex_m/libarch__arm__core__cortex_m.a(__aeabi_read_tp.S.obj)
                0x00000000080299fc                __aeabi_read_tp
 *(SORT_BY_ALIGNMENT(.gnu.linkonce.t.*))
 *(SORT_BY_ALIGNMENT(.glue_7t))
 .glue_7t       0x0000000008029a08        0x0 linker stubs
 *(SORT_BY_ALIGNMENT(.glue_7))
 .glue_7        0x0000000008029a08        0x0 linker stubs
 *(SORT_BY_ALIGNMENT(.vfp11_veneer))
 .vfp11_veneer  0x0000000008029a08        0x0 linker stubs
 *(SORT_BY_ALIGNMENT(.v4_bx))
 .v4_bx         0x0000000008029a08        0x0 linker stubs
                0x0000000008029a08                . = ALIGN (0x4)
                0x0000000008029a08                __text_region_end = .

.ARM.exidx      0x0000000008029a08        0x8
                0x0000000008029a08                __exidx_start = .
 *(SORT_BY_ALIGNMENT(.ARM.exidx*) SORT_BY_ALIGNMENT(gnu.linkonce.armexidx.*))
 .ARM.exidx     0x0000000008029a08        0x8 /home/saket-jha/zephyr-work/zephyr-sdk-0.17.2/arm-zephyr-eabi/bin/../lib/gcc/../../picolibc/arm-zephyr-eabi/lib/thumb/v7e-m+dp/hard/libc.a(strlen.S.o)
 .ARM.exidx     0x0000000008029a10        0x0 /home/saket-jha/zephyr-work/zephyr-sdk-0.17.2/arm-zephyr-eabi/bin/../lib/gcc/arm-zephyr-eabi/12.2.0/thumb/v7e-m+dp/hard/libgcc.a(_udivmoddi4.o)
                                          0x8 (size before relaxing)
                0x0000000008029a10                __exidx_end = .
                0x0000000008029a10                __rodata_region_start = .

initlevel       0x0000000008029a10       0xd0
                0x0000000008029a10                __init_start = .
                0x0000000008029a10                __init_EARLY_start = .
 *(SORT_BY_NAME(SORT_BY_ALIGNMENT(.z_init_EARLY_P_?_*)))
 *(SORT_BY_NAME(SORT_BY_ALIGNMENT(.z_init_EARLY_P_??_*)))
 *(SORT_BY_NAME(SORT_BY_ALIGNMENT(.z_init_EARLY_P_???_*)))
                0x0000000008029a10                __init_PRE_KERNEL_1_start = .
 *(SORT_BY_NAME(SORT_BY_ALIGNMENT(.z_init_PRE_KERNEL_1_P_?_*)))
 .z_init_PRE_KERNEL_1_P_1_SUB_00009_
                0x0000000008029a10        0x8 zephyr/drivers/clock_control/libdrivers__clock_control.a(clock_stm32_ll_h7.c.obj)
 .z_init_PRE_KERNEL_1_P_1_SUB_0_
                0x0000000008029a18        0x8 zephyr/libzephyr.a(soc_config.c.obj)
 *(SORT_BY_NAME(SORT_BY_ALIGNMENT(.z_init_PRE_KERNEL_1_P_??_*)))
 .z_init_PRE_KERNEL_1_P_30_SUB_0_
                0x0000000008029a20        0x8 zephyr/kernel/libkernel.a(kheap.c.obj)
 .z_init_PRE_KERNEL_1_P_35_SUB_00055_
                0x0000000008029a28        0x8 zephyr/drivers/reset/libdrivers__reset.a(reset_stm32.c.obj)
 .z_init_PRE_KERNEL_1_P_40_SUB_00043_
                0x0000000008029a30        0x8 zephyr/drivers/gpio/libdrivers__gpio.a(gpio_stm32.c.obj)
 .z_init_PRE_KERNEL_1_P_40_SUB_00046_
                0x0000000008029a38        0x8 zephyr/drivers/gpio/libdrivers__gpio.a(gpio_stm32.c.obj)
 .z_init_PRE_KERNEL_1_P_40_SUB_00047_
                0x0000000008029a40        0x8 zephyr/drivers/gpio/libdrivers__gpio.a(gpio_stm32.c.obj)
 .z_init_PRE_KERNEL_1_P_40_SUB_00081_
                0x0000000008029a48        0x8 zephyr/drivers/interrupt_controller/libdrivers__interrupt_controller.a(intc_exti_stm32.c.obj)
 .z_init_PRE_KERNEL_1_P_40_SUB_00105_
                0x0000000008029a50        0x8 zephyr/drivers/gpio/libdrivers__gpio.a(gpio_stm32.c.obj)
 .z_init_PRE_KERNEL_1_P_40_SUB_00145_
                0x0000000008029a58        0x8 zephyr/drivers/gpio/libdrivers__gpio.a(gpio_stm32.c.obj)
 .z_init_PRE_KERNEL_1_P_40_SUB_00146_
                0x0000000008029a60        0x8 zephyr/drivers/gpio/libdrivers__gpio.a(gpio_stm32.c.obj)
 .z_init_PRE_KERNEL_1_P_40_SUB_00147_
                0x0000000008029a68        0x8 zephyr/drivers/gpio/libdrivers__gpio.a(gpio_stm32.c.obj)
 .z_init_PRE_KERNEL_1_P_40_SUB_00148_
                0x0000000008029a70        0x8 zephyr/drivers/gpio/libdrivers__gpio.a(gpio_stm32.c.obj)
 .z_init_PRE_KERNEL_1_P_40_SUB_00149_
                0x0000000008029a78        0x8 zephyr/drivers/gpio/libdrivers__gpio.a(gpio_stm32.c.obj)
 .z_init_PRE_KERNEL_1_P_40_SUB_00150_
                0x0000000008029a80        0x8 zephyr/drivers/gpio/libdrivers__gpio.a(gpio_stm32.c.obj)
 .z_init_PRE_KERNEL_1_P_40_SUB_00151_
                0x0000000008029a88        0x8 zephyr/drivers/gpio/libdrivers__gpio.a(gpio_stm32.c.obj)
 .z_init_PRE_KERNEL_1_P_40_SUB_0_
                0x0000000008029a90        0x8 zephyr/drivers/interrupt_controller/libdrivers__interrupt_controller.a(intc_gpio_stm32.c.obj)
 .z_init_PRE_KERNEL_1_P_50_SUB_00088_
                0x0000000008029a98        0x8 zephyr/drivers/serial/libdrivers__serial.a(uart_stm32.c.obj)
 .z_init_PRE_KERNEL_1_P_50_SUB_00091_
                0x0000000008029aa0        0x8 zephyr/drivers/serial/libdrivers__serial.a(uart_stm32.c.obj)
 .z_init_PRE_KERNEL_1_P_50_SUB_00102_
                0x0000000008029aa8        0x8 zephyr/drivers/serial/libdrivers__serial.a(uart_stm32.c.obj)
 .z_init_PRE_KERNEL_1_P_60_SUB_0_
                0x0000000008029ab0        0x8 zephyr/drivers/console/libdrivers__console.a(uart_console.c.obj)
 *(SORT_BY_NAME(SORT_BY_ALIGNMENT(.z_init_PRE_KERNEL_1_P_???_*)))
                0x0000000008029ab8                __init_PRE_KERNEL_2_start = .
 *(SORT_BY_NAME(SORT_BY_ALIGNMENT(.z_init_PRE_KERNEL_2_P_?_*)))
 .z_init_PRE_KERNEL_2_P_0_SUB_0_
                0x0000000008029ab8        0x8 zephyr/drivers/timer/libdrivers__timer.a(cortex_m_systick.c.obj)
 *(SORT_BY_NAME(SORT_BY_ALIGNMENT(.z_init_PRE_KERNEL_2_P_??_*)))
 *(SORT_BY_NAME(SORT_BY_ALIGNMENT(.z_init_PRE_KERNEL_2_P_???_*)))
                0x0000000008029ac0                __init_POST_KERNEL_start = .
 *(SORT_BY_NAME(SORT_BY_ALIGNMENT(.z_init_POST_KERNEL_P_?_*)))
 .z_init_POST_KERNEL_P_0_SUB_0_
                0x0000000008029ac0        0x8 zephyr/libzephyr.a(log_core.c.obj)
 *(SORT_BY_NAME(SORT_BY_ALIGNMENT(.z_init_POST_KERNEL_P_??_*)))
 .z_init_POST_KERNEL_P_35_SUB_0_
                0x0000000008029ac8        0x8 zephyr/lib/libc/common/liblib__libc__common.a(malloc.c.obj)
 .z_init_POST_KERNEL_P_50_SUB_00122_
                0x0000000008029ad0        0x8 zephyr/drivers/watchdog/libdrivers__watchdog.a(wdt_iwdg_stm32.c.obj)
 .z_init_POST_KERNEL_P_80_SUB_00067_
                0x0000000008029ad8        0x8 zephyr/drivers/can/libdrivers__can.a(can_stm32h7_fdcan.c.obj)
 *(SORT_BY_NAME(SORT_BY_ALIGNMENT(.z_init_POST_KERNEL_P_???_*)))
                0x0000000008029ae0                __init_APPLICATION_start = .
 *(SORT_BY_NAME(SORT_BY_ALIGNMENT(.z_init_APPLICATION_P_?_*)))
 *(SORT_BY_NAME(SORT_BY_ALIGNMENT(.z_init_APPLICATION_P_??_*)))
 *(SORT_BY_NAME(SORT_BY_ALIGNMENT(.z_init_APPLICATION_P_???_*)))
                0x0000000008029ae0                __init_SMP_start = .
 *(SORT_BY_NAME(SORT_BY_ALIGNMENT(.z_init_SMP_P_?_*)))
 *(SORT_BY_NAME(SORT_BY_ALIGNMENT(.z_init_SMP_P_??_*)))
 *(SORT_BY_NAME(SORT_BY_ALIGNMENT(.z_init_SMP_P_???_*)))
                0x0000000008029ae0                __init_end = .

device_area     0x0000000008029ae0      0x260
                0x0000000008029ae0                _device_list_start = .
 *(SORT_BY_NAME(SORT_BY_ALIGNMENT(._device.static.*_?_*)))
 ._device.static.1_1_
                0x0000000008029ae0       0x20 zephyr/drivers/clock_control/libdrivers__clock_control.a(clock_stm32_ll_h7.c.obj)
                0x0000000008029ae0                __device_dts_ord_9
 *(SORT_BY_NAME(SORT_BY_ALIGNMENT(._device.static.*_??_*)))
 ._device.static.1_35_
                0x0000000008029b00       0x20 zephyr/drivers/reset/libdrivers__reset.a(reset_stm32.c.obj)
                0x0000000008029b00                __device_dts_ord_55
 ._device.static.1_40_
                0x0000000008029b20       0x20 zephyr/drivers/interrupt_controller/libdrivers__interrupt_controller.a(intc_exti_stm32.c.obj)
                0x0000000008029b20                __device_dts_ord_81
 ._device.static.1_40_
                0x0000000008029b40      0x160 zephyr/drivers/gpio/libdrivers__gpio.a(gpio_stm32.c.obj)
                0x0000000008029b40                __device_dts_ord_151
                0x0000000008029b60                __device_dts_ord_150
                0x0000000008029b80                __device_dts_ord_149
                0x0000000008029ba0                __device_dts_ord_148
                0x0000000008029bc0                __device_dts_ord_147
                0x0000000008029be0                __device_dts_ord_146
                0x0000000008029c00                __device_dts_ord_47
                0x0000000008029c20                __device_dts_ord_105
                0x0000000008029c40                __device_dts_ord_43
                0x0000000008029c60                __device_dts_ord_46
                0x0000000008029c80                __device_dts_ord_145
 ._device.static.1_50_
                0x0000000008029ca0       0x60 zephyr/drivers/serial/libdrivers__serial.a(uart_stm32.c.obj)
                0x0000000008029ca0                __device_dts_ord_102
                0x0000000008029cc0                __device_dts_ord_91
                0x0000000008029ce0                __device_dts_ord_88
 ._device.static.3_50_
                0x0000000008029d00       0x20 zephyr/drivers/watchdog/libdrivers__watchdog.a(wdt_iwdg_stm32.c.obj)
                0x0000000008029d00                __device_dts_ord_122
 ._device.static.3_80_
                0x0000000008029d20       0x20 zephyr/drivers/can/libdrivers__can.a(can_stm32h7_fdcan.c.obj)
                0x0000000008029d20                __device_dts_ord_67
 *(SORT_BY_NAME(SORT_BY_ALIGNMENT(._device.static.*_???_*)))
 *(SORT_BY_NAME(SORT_BY_ALIGNMENT(._device.static.*_????_*)))
 *(SORT_BY_NAME(SORT_BY_ALIGNMENT(._device.static.*_?????_*)))
                0x0000000008029d40                _device_list_end = .

sw_isr_table    0x0000000008029d40      0x518
                0x0000000008029d40                . = ALIGN (0x4)
 *(SORT_BY_ALIGNMENT(.gnu.linkonce.sw_isr_table*))
 .gnu.linkonce.sw_isr_table
                0x0000000008029d40      0x518 zephyr/CMakeFiles/zephyr_final.dir/isr_tables.c.obj
                0x0000000008029d40                _sw_isr_table

initlevel_error
                0x0000000008029a10        0x0
 *(SORT_BY_NAME(SORT_BY_ALIGNMENT(.z_init_*)))
                0x0000000000000001                ASSERT ((SIZEOF (initlevel_error) == 0x0), Undefined initialization levels used.)

app_shmem_regions
                0x000000000802a258        0x0
                0x000000000802a258                __app_shmem_regions_start = .
 *(SORT_BY_NAME(SORT_BY_ALIGNMENT(.app_regions.*)))
                0x000000000802a258                __app_shmem_regions_end = .

k_p4wq_initparam_area
                0x000000000802a258        0x0
                0x000000000802a258                _k_p4wq_initparam_list_start = .
 *(SORT_BY_NAME(SORT_BY_ALIGNMENT(._k_p4wq_initparam.static.*)))
                0x000000000802a258                _k_p4wq_initparam_list_end = .

_static_thread_data_area
                0x000000000802a258        0x0
                0x000000000802a258                __static_thread_data_list_start = .
 *(SORT_BY_NAME(SORT_BY_ALIGNMENT(.__static_thread_data.static.*)))
                0x000000000802a258                __static_thread_data_list_end = .

device_deps     0x000000000802a258        0x0
                0x000000000802a258                __device_deps_start = .
 *(SORT_BY_NAME(SORT_BY_ALIGNMENT(.__device_deps_pass2*)))
                0x000000000802a258                __device_deps_end = .

can_driver_api_area
                0x000000000802a258       0x5c
                0x000000000802a258                _can_driver_api_list_start = .
 *(SORT_BY_NAME(SORT_BY_ALIGNMENT(._can_driver_api.static.*)))
 ._can_driver_api.static.can_stm32h7_driver_api_
                0x000000000802a258       0x5c zephyr/drivers/can/libdrivers__can.a(can_stm32h7_fdcan.c.obj)
                0x000000000802a2b4                _can_driver_api_list_end = .

gpio_driver_api_area
                0x000000000802a2b4       0x24
                0x000000000802a2b4                _gpio_driver_api_list_start = .
 *(SORT_BY_NAME(SORT_BY_ALIGNMENT(._gpio_driver_api.static.*)))
 ._gpio_driver_api.static.gpio_stm32_driver_
                0x000000000802a2b4       0x24 zephyr/drivers/gpio/libdrivers__gpio.a(gpio_stm32.c.obj)
                0x000000000802a2d8                _gpio_driver_api_list_end = .

reset_driver_api_area
                0x000000000802a2d8       0x10
                0x000000000802a2d8                _reset_driver_api_list_start = .
 *(SORT_BY_NAME(SORT_BY_ALIGNMENT(._reset_driver_api.static.*)))
 ._reset_driver_api.static.reset_stm32_driver_api_
                0x000000000802a2d8       0x10 zephyr/drivers/reset/libdrivers__reset.a(reset_stm32.c.obj)
                0x000000000802a2e8                _reset_driver_api_list_end = .

wdt_driver_api_area
                0x000000000802a2e8       0x10
                0x000000000802a2e8                _wdt_driver_api_list_start = .
 *(SORT_BY_NAME(SORT_BY_ALIGNMENT(._wdt_driver_api.static.*)))
 ._wdt_driver_api.static.iwdg_stm32_api_
                0x000000000802a2e8       0x10 zephyr/drivers/watchdog/libdrivers__watchdog.a(wdt_iwdg_stm32.c.obj)
                0x000000000802a2f8                _wdt_driver_api_list_end = .

shared_irq_driver_api_area
                0x000000000802a2f8        0x0
                0x000000000802a2f8                _shared_irq_driver_api_list_start = .
 *(SORT_BY_NAME(SORT_BY_ALIGNMENT(._shared_irq_driver_api.static.*)))
                0x000000000802a2f8                _shared_irq_driver_api_list_end = .

crypto_driver_api_area
                0x000000000802a2f8        0x0
                0x000000000802a2f8                _crypto_driver_api_list_start = .
 *(SORT_BY_NAME(SORT_BY_ALIGNMENT(._crypto_driver_api.static.*)))
                0x000000000802a2f8                _crypto_driver_api_list_end = .

adc_driver_api_area
                0x000000000802a2f8        0x0
                0x000000000802a2f8                _adc_driver_api_list_start = .
 *(SORT_BY_NAME(SORT_BY_ALIGNMENT(._adc_driver_api.static.*)))
                0x000000000802a2f8                _adc_driver_api_list_end = .

auxdisplay_driver_api_area
                0x000000000802a2f8        0x0
                0x000000000802a2f8                _auxdisplay_driver_api_list_start = .
 *(SORT_BY_NAME(SORT_BY_ALIGNMENT(._auxdisplay_driver_api.static.*)))
                0x000000000802a2f8                _auxdisplay_driver_api_list_end = .

bbram_driver_api_area
                0x000000000802a2f8        0x0
                0x000000000802a2f8                _bbram_driver_api_list_start = .
 *(SORT_BY_NAME(SORT_BY_ALIGNMENT(._bbram_driver_api.static.*)))
                0x000000000802a2f8                _bbram_driver_api_list_end = .

bt_hci_driver_api_area
                0x000000000802a2f8        0x0
                0x000000000802a2f8                _bt_hci_driver_api_list_start = .
 *(SORT_BY_NAME(SORT_BY_ALIGNMENT(._bt_hci_driver_api.static.*)))
                0x000000000802a2f8                _bt_hci_driver_api_list_end = .

cellular_driver_api_area
                0x000000000802a2f8        0x0
                0x000000000802a2f8                _cellular_driver_api_list_start = .
 *(SORT_BY_NAME(SORT_BY_ALIGNMENT(._cellular_driver_api.static.*)))
                0x000000000802a2f8                _cellular_driver_api_list_end = .

charger_driver_api_area
                0x000000000802a2f8        0x0
                0x000000000802a2f8                _charger_driver_api_list_start = .
 *(SORT_BY_NAME(SORT_BY_ALIGNMENT(._charger_driver_api.static.*)))
                0x000000000802a2f8                _charger_driver_api_list_end = .

clock_control_driver_api_area
                0x000000000802a2f8       0x1c
                0x000000000802a2f8                _clock_control_driver_api_list_start = .
 *(SORT_BY_NAME(SORT_BY_ALIGNMENT(._clock_control_driver_api.static.*)))
 ._clock_control_driver_api.static.stm32_clock_control_api_
                0x000000000802a2f8       0x1c zephyr/drivers/clock_control/libdrivers__clock_control.a(clock_stm32_ll_h7.c.obj)
                0x000000000802a314                _clock_control_driver_api_list_end = .

comparator_driver_api_area
                0x000000000802a314        0x0
                0x000000000802a314                _comparator_driver_api_list_start = .
 *(SORT_BY_NAME(SORT_BY_ALIGNMENT(._comparator_driver_api.static.*)))
                0x000000000802a314                _comparator_driver_api_list_end = .

coredump_driver_api_area
                0x000000000802a314        0x0
                0x000000000802a314                _coredump_driver_api_list_start = .
 *(SORT_BY_NAME(SORT_BY_ALIGNMENT(._coredump_driver_api.static.*)))
                0x000000000802a314                _coredump_driver_api_list_end = .

counter_driver_api_area
                0x000000000802a314        0x0
                0x000000000802a314                _counter_driver_api_list_start = .
 *(SORT_BY_NAME(SORT_BY_ALIGNMENT(._counter_driver_api.static.*)))
                0x000000000802a314                _counter_driver_api_list_end = .

dac_driver_api_area
                0x000000000802a314        0x0
                0x000000000802a314                _dac_driver_api_list_start = .
 *(SORT_BY_NAME(SORT_BY_ALIGNMENT(._dac_driver_api.static.*)))
                0x000000000802a314                _dac_driver_api_list_end = .

dai_driver_api_area
                0x000000000802a314        0x0
                0x000000000802a314                _dai_driver_api_list_start = .
 *(SORT_BY_NAME(SORT_BY_ALIGNMENT(._dai_driver_api.static.*)))
                0x000000000802a314                _dai_driver_api_list_end = .

display_driver_api_area
                0x000000000802a314        0x0
                0x000000000802a314                _display_driver_api_list_start = .
 *(SORT_BY_NAME(SORT_BY_ALIGNMENT(._display_driver_api.static.*)))
                0x000000000802a314                _display_driver_api_list_end = .

dma_driver_api_area
                0x000000000802a314        0x0
                0x000000000802a314                _dma_driver_api_list_start = .
 *(SORT_BY_NAME(SORT_BY_ALIGNMENT(._dma_driver_api.static.*)))
                0x000000000802a314                _dma_driver_api_list_end = .

edac_driver_api_area
                0x000000000802a314        0x0
                0x000000000802a314                _edac_driver_api_list_start = .
 *(SORT_BY_NAME(SORT_BY_ALIGNMENT(._edac_driver_api.static.*)))
                0x000000000802a314                _edac_driver_api_list_end = .

eeprom_driver_api_area
                0x000000000802a314        0x0
                0x000000000802a314                _eeprom_driver_api_list_start = .
 *(SORT_BY_NAME(SORT_BY_ALIGNMENT(._eeprom_driver_api.static.*)))
                0x000000000802a314                _eeprom_driver_api_list_end = .

emul_bbram_driver_api_area
                0x000000000802a314        0x0
                0x000000000802a314                _emul_bbram_driver_api_list_start = .
 *(SORT_BY_NAME(SORT_BY_ALIGNMENT(._emul_bbram_driver_api.static.*)))
                0x000000000802a314                _emul_bbram_driver_api_list_end = .

fuel_gauge_emul_driver_api_area
                0x000000000802a314        0x0
                0x000000000802a314                _fuel_gauge_emul_driver_api_list_start = .
 *(SORT_BY_NAME(SORT_BY_ALIGNMENT(._fuel_gauge_emul_driver_api.static.*)))
                0x000000000802a314                _fuel_gauge_emul_driver_api_list_end = .

emul_sensor_driver_api_area
                0x000000000802a314        0x0
                0x000000000802a314                _emul_sensor_driver_api_list_start = .
 *(SORT_BY_NAME(SORT_BY_ALIGNMENT(._emul_sensor_driver_api.static.*)))
                0x000000000802a314                _emul_sensor_driver_api_list_end = .

entropy_driver_api_area
                0x000000000802a314        0x0
                0x000000000802a314                _entropy_driver_api_list_start = .
 *(SORT_BY_NAME(SORT_BY_ALIGNMENT(._entropy_driver_api.static.*)))
                0x000000000802a314                _entropy_driver_api_list_end = .

espi_driver_api_area
                0x000000000802a314        0x0
                0x000000000802a314                _espi_driver_api_list_start = .
 *(SORT_BY_NAME(SORT_BY_ALIGNMENT(._espi_driver_api.static.*)))
                0x000000000802a314                _espi_driver_api_list_end = .

espi_saf_driver_api_area
                0x000000000802a314        0x0
                0x000000000802a314                _espi_saf_driver_api_list_start = .
 *(SORT_BY_NAME(SORT_BY_ALIGNMENT(._espi_saf_driver_api.static.*)))
                0x000000000802a314                _espi_saf_driver_api_list_end = .

flash_driver_api_area
                0x000000000802a314        0x0
                0x000000000802a314                _flash_driver_api_list_start = .
 *(SORT_BY_NAME(SORT_BY_ALIGNMENT(._flash_driver_api.static.*)))
                0x000000000802a314                _flash_driver_api_list_end = .

fpga_driver_api_area
                0x000000000802a314        0x0
                0x000000000802a314                _fpga_driver_api_list_start = .
 *(SORT_BY_NAME(SORT_BY_ALIGNMENT(._fpga_driver_api.static.*)))
                0x000000000802a314                _fpga_driver_api_list_end = .

fuel_gauge_driver_api_area
                0x000000000802a314        0x0
                0x000000000802a314                _fuel_gauge_driver_api_list_start = .
 *(SORT_BY_NAME(SORT_BY_ALIGNMENT(._fuel_gauge_driver_api.static.*)))
                0x000000000802a314                _fuel_gauge_driver_api_list_end = .

gnss_driver_api_area
                0x000000000802a314        0x0
                0x000000000802a314                _gnss_driver_api_list_start = .
 *(SORT_BY_NAME(SORT_BY_ALIGNMENT(._gnss_driver_api.static.*)))
                0x000000000802a314                _gnss_driver_api_list_end = .

haptics_driver_api_area
                0x000000000802a314        0x0
                0x000000000802a314                _haptics_driver_api_list_start = .
 *(SORT_BY_NAME(SORT_BY_ALIGNMENT(._haptics_driver_api.static.*)))
                0x000000000802a314                _haptics_driver_api_list_end = .

hwspinlock_driver_api_area
                0x000000000802a314        0x0
                0x000000000802a314                _hwspinlock_driver_api_list_start = .
 *(SORT_BY_NAME(SORT_BY_ALIGNMENT(._hwspinlock_driver_api.static.*)))
                0x000000000802a314                _hwspinlock_driver_api_list_end = .

i2c_driver_api_area
                0x000000000802a314        0x0
                0x000000000802a314                _i2c_driver_api_list_start = .
 *(SORT_BY_NAME(SORT_BY_ALIGNMENT(._i2c_driver_api.static.*)))
                0x000000000802a314                _i2c_driver_api_list_end = .

i2c_target_driver_api_area
                0x000000000802a314        0x0
                0x000000000802a314                _i2c_target_driver_api_list_start = .
 *(SORT_BY_NAME(SORT_BY_ALIGNMENT(._i2c_target_driver_api.static.*)))
                0x000000000802a314                _i2c_target_driver_api_list_end = .

i2s_driver_api_area
                0x000000000802a314        0x0
                0x000000000802a314                _i2s_driver_api_list_start = .
 *(SORT_BY_NAME(SORT_BY_ALIGNMENT(._i2s_driver_api.static.*)))
                0x000000000802a314                _i2s_driver_api_list_end = .

i3c_driver_api_area
                0x000000000802a314        0x0
                0x000000000802a314                _i3c_driver_api_list_start = .
 *(SORT_BY_NAME(SORT_BY_ALIGNMENT(._i3c_driver_api.static.*)))
                0x000000000802a314                _i3c_driver_api_list_end = .

ipm_driver_api_area
                0x000000000802a314        0x0
                0x000000000802a314                _ipm_driver_api_list_start = .
 *(SORT_BY_NAME(SORT_BY_ALIGNMENT(._ipm_driver_api.static.*)))
                0x000000000802a314                _ipm_driver_api_list_end = .

led_driver_api_area
                0x000000000802a314        0x0
                0x000000000802a314                _led_driver_api_list_start = .
 *(SORT_BY_NAME(SORT_BY_ALIGNMENT(._led_driver_api.static.*)))
                0x000000000802a314                _led_driver_api_list_end = .

led_strip_driver_api_area
                0x000000000802a314        0x0
                0x000000000802a314                _led_strip_driver_api_list_start = .
 *(SORT_BY_NAME(SORT_BY_ALIGNMENT(._led_strip_driver_api.static.*)))
                0x000000000802a314                _led_strip_driver_api_list_end = .

lora_driver_api_area
                0x000000000802a314        0x0
                0x000000000802a314                _lora_driver_api_list_start = .
 *(SORT_BY_NAME(SORT_BY_ALIGNMENT(._lora_driver_api.static.*)))
                0x000000000802a314                _lora_driver_api_list_end = .

mbox_driver_api_area
                0x000000000802a314        0x0
                0x000000000802a314                _mbox_driver_api_list_start = .
 *(SORT_BY_NAME(SORT_BY_ALIGNMENT(._mbox_driver_api.static.*)))
                0x000000000802a314                _mbox_driver_api_list_end = .

mdio_driver_api_area
                0x000000000802a314        0x0
                0x000000000802a314                _mdio_driver_api_list_start = .
 *(SORT_BY_NAME(SORT_BY_ALIGNMENT(._mdio_driver_api.static.*)))