Archive member included to satisfy reference by file (symbol)

app/libapp.a(manual_inference.c.obj)
                              (--whole-archive)
app/libapp.a(main.c.obj)      (--whole-archive)
zephyr/libzephyr.a(validate_libc.c.obj)
                              (--whole-archive)
zephyr/libzephyr.a(heap.c.obj)
                              (--whole-archive)
zephyr/libzephyr.a(cbprintf_packaged.c.obj)
                              (--whole-archive)
zephyr/libzephyr.a(clock.c.obj)
                              (--whole-archive)
zephyr/libzephyr.a(printk.c.obj)
                              (--whole-archive)
zephyr/libzephyr.a(sem.c.obj)
                              (--whole-archive)
zephyr/libzephyr.a(thread_entry.c.obj)
                              (--whole-archive)
zephyr/libzephyr.a(cbprintf_complete.c.obj)
                              (--whole-archive)
zephyr/libzephyr.a(cbprintf.c.obj)
                              (--whole-archive)
zephyr/libzephyr.a(assert.c.obj)
                              (--whole-archive)
zephyr/libzephyr.a(dec.c.obj)
                              (--whole-archive)
zephyr/libzephyr.a(hex.c.obj)
                              (--whole-archive)
zephyr/libzephyr.a(rb.c.obj)  (--whole-archive)
zephyr/libzephyr.a(timeutil.c.obj)
                              (--whole-archive)
zephyr/libzephyr.a(bitarray.c.obj)
                              (--whole-archive)
zephyr/libzephyr.a(ring_buffer.c.obj)
                              (--whole-archive)
zephyr/libzephyr.a(last_section_id.c.obj)
                              (--whole-archive)
zephyr/libzephyr.a(configs.c.obj)
                              (--whole-archive)
zephyr/libzephyr.a(stm32cube_hal.c.obj)
                              (--whole-archive)
zephyr/libzephyr.a(soc_config.c.obj)
                              (--whole-archive)
zephyr/libzephyr.a(stm32_cache.c.obj)
                              (--whole-archive)
zephyr/libzephyr.a(stm32_backup_domain.c.obj)
                              (--whole-archive)
zephyr/libzephyr.a(soc_m7.c.obj)
                              (--whole-archive)
zephyr/libzephyr.a(mpu_regions.c.obj)
                              (--whole-archive)
zephyr/libzephyr.a(log_minimal.c.obj)
                              (--whole-archive)
zephyr/libzephyr.a(mem_attr.c.obj)
                              (--whole-archive)
zephyr/libzephyr.a(tracing_none.c.obj)
                              (--whole-archive)
zephyr/arch/common/libarch__common.a(sw_isr_common.c.obj)
                              (--whole-archive)
zephyr/arch/arch/arm/core/libarch__arm__core.a(fatal.c.obj)
                              (--whole-archive)
zephyr/arch/arch/arm/core/libarch__arm__core.a(nmi.c.obj)
                              (--whole-archive)
zephyr/arch/arch/arm/core/libarch__arm__core.a(nmi_on_reset.S.obj)
                              (--whole-archive)
zephyr/arch/arch/arm/core/cortex_m/libarch__arm__core__cortex_m.a(exc_exit.c.obj)
                              (--whole-archive)
zephyr/arch/arch/arm/core/cortex_m/libarch__arm__core__cortex_m.a(fault.c.obj)
                              (--whole-archive)
zephyr/arch/arch/arm/core/cortex_m/libarch__arm__core__cortex_m.a(fault_s.S.obj)
                              (--whole-archive)
zephyr/arch/arch/arm/core/cortex_m/libarch__arm__core__cortex_m.a(fpu.c.obj)
                              (--whole-archive)
zephyr/arch/arch/arm/core/cortex_m/libarch__arm__core__cortex_m.a(reset.S.obj)
                              (--whole-archive)
zephyr/arch/arch/arm/core/cortex_m/libarch__arm__core__cortex_m.a(scb.c.obj)
                              (--whole-archive)
zephyr/arch/arch/arm/core/cortex_m/libarch__arm__core__cortex_m.a(thread_abort.c.obj)
                              (--whole-archive)
zephyr/arch/arch/arm/core/cortex_m/libarch__arm__core__cortex_m.a(vector_table.S.obj)
                              (--whole-archive)
zephyr/arch/arch/arm/core/cortex_m/libarch__arm__core__cortex_m.a(swap_helper.S.obj)
                              (--whole-archive)
zephyr/arch/arch/arm/core/cortex_m/libarch__arm__core__cortex_m.a(irq_manage.c.obj)
                              (--whole-archive)
zephyr/arch/arch/arm/core/cortex_m/libarch__arm__core__cortex_m.a(prep_c.c.obj)
                              (--whole-archive)
zephyr/arch/arch/arm/core/cortex_m/libarch__arm__core__cortex_m.a(thread.c.obj)
                              (--whole-archive)
zephyr/arch/arch/arm/core/cortex_m/libarch__arm__core__cortex_m.a(cpu_idle.c.obj)
                              (--whole-archive)
zephyr/arch/arch/arm/core/cortex_m/libarch__arm__core__cortex_m.a(irq_init.c.obj)
                              (--whole-archive)
zephyr/arch/arch/arm/core/cortex_m/libarch__arm__core__cortex_m.a(isr_wrapper.c.obj)
                              (--whole-archive)
zephyr/arch/arch/arm/core/mpu/libarch__arm__core__mpu.a(arm_core_mpu.c.obj)
                              (--whole-archive)
[...]
Memory Configuration

Name             Origin             Length             Attributes
FLASH            0x0000000008000000 0x0000000000100000 xr
RAM              0x0000000024000000 0x0000000000050000 xw
BACKUP_SRAM      0x0000000038800000 0x0000000000001000 rw
EXTMEM           0x0000000090000000 0x0000000010000000 rw
SRAM1            0x0000000030000000 0x0000000000004000 rw
SRAM2            0x0000000030004000 0x0000000000004000 rw
SRAM4            0x0000000038000000 0x0000000000004000 rw
DTCM             0x0000000020000000 0x0000000000020000 rw
ITCM             0x0000000000000000 0x0000000000010000 rw
IDT_LIST         0x00000000ffff7fff 0x0000000000008000 xw
*default*        0x0000000000000000 0xffffffffffffffff

Linker script and memory map

LOAD zephyr/CMakeFiles/zephyr_final.dir/misc/empty_file.c.obj
LOAD zephyr/CMakeFiles/zephyr_final.dir/isr_tables.c.obj
LOAD zephyr/CMakeFiles/offsets.dir/./arch/arm/core/offsets/offsets.c.obj
LOAD app/libapp.a
LOAD zephyr/libzephyr.a
LOAD zephyr/arch/common/libarch__common.a
LOAD zephyr/arch/arch/arm/core/libarch__arm__core.a
LOAD zephyr/arch/arch/arm/core/cortex_m/libarch__arm__core__cortex_m.a
LOAD zephyr/arch/arch/arm/core/mpu/libarch__arm__core__mpu.a
LOAD zephyr/lib/libc/newlib/liblib__libc__newlib.a
LOAD zephyr/lib/libc/common/liblib__libc__common.a
LOAD zephyr/subsys/testsuite/ztest/libsubsys__testsuite__ztest.a
LOAD zephyr/drivers/interrupt_controller/libdrivers__interrupt_controller.a
LOAD zephyr/drivers/clock_control/libdrivers__clock_control.a
LOAD zephyr/drivers/console/libdrivers__console.a
LOAD zephyr/drivers/gpio/libdrivers__gpio.a
LOAD zephyr/drivers/pinctrl/libdrivers__pinctrl.a
LOAD zephyr/drivers/reset/libdrivers__reset.a
LOAD zephyr/drivers/serial/libdrivers__serial.a
LOAD zephyr/drivers/timer/libdrivers__timer.a
LOAD modules/hal_stm32/stm32cube/lib..__modules__hal__stm32__stm32cube.a
LOAD zephyr/kernel/libkernel.a
LOAD zephyr/arch/common/libisr_tables.a
LOAD /home/saket-jha/zephyr-work/zephyr-sdk-0.17.2/arm-zephyr-eabi/arm-zephyr-eabi/lib/thumb/v7e-m+dp/hard/libm.a
LOAD /home/saket-jha/zephyr-work/zephyr-sdk-0.17.2/arm-zephyr-eabi/arm-zephyr-eabi/lib/thumb/v7e-m+dp/hard/libc.a
LOAD /home/saket-jha/zephyr-work/zephyr-sdk-0.17.2/arm-zephyr-eabi/bin/../lib/gcc/arm-zephyr-eabi/12.2.0/thumb/v7e-m+dp/hard/libgcc.a
LOAD /home/saket-jha/zephyr-work/zephyr-sdk-0.17.2/arm-zephyr-eabi/arm-zephyr-eabi/lib/thumb/v7e-m+dp/hard/libc.a
                0x0000000000000080                _region_min_align = 0x80

.rel.plt        0x0000000008000000        0x0
 *(SORT_BY_ALIGNMENT(.rel.plt))
                [!provide]                        PROVIDE (__rel_iplt_start = .)
 *(SORT_BY_ALIGNMENT(.rel.iplt))
 .rel.iplt      0x0000000008000000        0x0 zephyr/CMakeFiles/zephyr_final.dir/isr_tables.c.obj
                [!provide]                        PROVIDE (__rel_iplt_end = .)

.rela.plt       0x0000000000000000        0x0
 *(SORT_BY_ALIGNMENT(.rela.plt))
                [!provide]                        PROVIDE (__rela_iplt_start = .)
 *(SORT_BY_ALIGNMENT(.rela.iplt))
                [!provide]                        PROVIDE (__rela_iplt_end = .)

.rel.dyn
 *(SORT_BY_ALIGNMENT(.rel.*))

.rela.dyn
 *(SORT_BY_ALIGNMENT(.rela.*))

/DISCARD/
 *(SORT_BY_ALIGNMENT(.plt))

/DISCARD/
 *(SORT_BY_ALIGNMENT(.iplt))
                0x0000000008000000                __rom_region_start = 0x8000000

rom_start       0x0000000008000000      0x2cc
                0x0000000008000000                __rom_start_address = .
 FILL mask 0x00
                0x0000000008000000                . = (. + (0x0 - (. - __rom_start_address)))
                0x0000000008000000                . = ALIGN (0x4)
                0x0000000008000000                . = ALIGN (0x80)
                0x0000000008000000                . = ALIGN (0x400)
                0x0000000008000000                _vector_start = .
 *(SORT_BY_ALIGNMENT(.exc_vector_table))
 *(SORT_BY_ALIGNMENT(.exc_vector_table.*))
 .exc_vector_table._vector_table_section
                0x0000000008000000       0x40 zephyr/arch/arch/arm/core/cortex_m/libarch__arm__core__cortex_m.a(vector_table.S.obj)
                0x0000000008000000                _vector_table
 *(SORT_BY_ALIGNMENT(.vectors))
                0x00000000080002cc                _vector_end = .
                0x0000000008000040                . = ALIGN (0x4)
 *(SORT_BY_ALIGNMENT(.gnu.linkonce.irq_vector_table*))
 .gnu.linkonce.irq_vector_table
                0x0000000008000040      0x28c zephyr/CMakeFiles/zephyr_final.dir/isr_tables.c.obj
                0x0000000008000040                _irq_vector_table
                0x00000000080002cc                _vector_end = .

text            0x0000000008000300     0x65d8
                0x0000000008000300                __text_region_start = .
 *(SORT_BY_ALIGNMENT(.text))
 .text          0x0000000008000300       0xdc /home/saket-jha/zephyr-work/zephyr-sdk-0.17.2/arm-zephyr-eabi/arm-zephyr-eabi/lib/thumb/v7e-m+dp/hard/libc.a(lib_a-strlen.o)
                0x0000000008000300                strlen
 *fill*         0x00000000080003dc        0x4 
 .text          0x00000000080003e0      0x2dc /home/saket-jha/zephyr-work/zephyr-sdk-0.17.2/arm-zephyr-eabi/arm-zephyr-eabi/lib/thumb/v7e-m+dp/hard/libc.a(lib_a-strcmp.o)
                0x00000000080003e8                strcmp
 .text          0x00000000080006bc      0x134 /home/saket-jha/zephyr-work/zephyr-sdk-0.17.2/arm-zephyr-eabi/arm-zephyr-eabi/lib/thumb/v7e-m+dp/hard/libc.a(lib_a-memcpy.o)
                0x00000000080006bc                memcpy
 .text          0x00000000080007f0       0x30 /home/saket-jha/zephyr-work/zephyr-sdk-0.17.2/arm-zephyr-eabi/bin/../lib/gcc/arm-zephyr-eabi/12.2.0/thumb/v7e-m+dp/hard/libgcc.a(_aeabi_uldivmod.o)
                0x00000000080007f0                __aeabi_uldivmod
 .text          0x0000000008000820        0x4 /home/saket-jha/zephyr-work/zephyr-sdk-0.17.2/arm-zephyr-eabi/bin/../lib/gcc/arm-zephyr-eabi/12.2.0/thumb/v7e-m+dp/hard/libgcc.a(_dvmd_tls.o)
                0x0000000008000820                __aeabi_ldiv0
                0x0000000008000820                __aeabi_idiv0
 .text          0x0000000008000824      0x2a0 /home/saket-jha/zephyr-work/zephyr-sdk-0.17.2/arm-zephyr-eabi/bin/../lib/gcc/arm-zephyr-eabi/12.2.0/thumb/v7e-m+dp/hard/libgcc.a(_udivmoddi4.o)
                0x0000000008000824                __udivmoddi4
 *(SORT_BY_ALIGNMENT(.text.*))
 *fill*         0x0000000008000ac4        0x4 
 .text.z_cbvprintf_impl
                0x0000000008000ac8      0xd1c zephyr/libzephyr.a(cbprintf_complete.c.obj)
                0x0000000008000ac8                z_cbvprintf_impl
 .text.anomaly_score
                0x00000000080017e4      0x108 app/libapp.a(manual_inference.c.obj)
                0x00000000080017e4                anomaly_score
 .text.z_zassert.constprop.0
                0x00000000080018ec       0x48 app/libapp.a(main.c.obj)
 .text._anomaly_suite_test_attack_data_wrapper
                0x0000000008001934       0x7c app/libapp.a(main.c.obj)
 .text._anomaly_suite_test_normal_data_wrapper
                0x00000000080019b0       0x84 app/libapp.a(main.c.obj)
 .text.clock_offset_reset_rule_after
                0x0000000008001a34       0x94 zephyr/libzephyr.a(clock.c.obj)
 .text.char_out
                0x0000000008001ac8        0xc zephyr/libzephyr.a(printk.c.obj)
 .text.__printk_hook_install
                0x0000000008001ad4        0xc zephyr/libzephyr.a(printk.c.obj)
                0x0000000008001ad4                __printk_hook_install
 .text.vprintk  0x0000000008001ae0       0x1c zephyr/libzephyr.a(printk.c.obj)
                0x0000000008001ae0                vprintk
 .text.extract_decimal
                0x0000000008001afc       0x2c zephyr/libzephyr.a(cbprintf_complete.c.obj)
 .text.encode_uint
                0x0000000008001b28       0x9c zephyr/libzephyr.a(cbprintf_complete.c.obj)
 .text.st_stm32_common_config
                0x0000000008001bc4       0x1c zephyr/libzephyr.a(soc_config.c.obj)
 .text.stm32_backup_domain_enable_access
                0x0000000008001be0       0xa8 zephyr/libzephyr.a(stm32_backup_domain.c.obj)
                0x0000000008001be0                stm32_backup_domain_enable_access
 .text.stm32_backup_domain_disable_access
                0x0000000008001c88       0xd8 zephyr/libzephyr.a(stm32_backup_domain.c.obj)
                0x0000000008001c88                stm32_backup_domain_disable_access
 .text.soc_early_init_hook
                0x0000000008001d60       0x48 zephyr/libzephyr.a(soc_m7.c.obj)
                0x0000000008001d60                soc_early_init_hook
 .text.mem_attr_get_regions
                0x0000000008001da8        0xc zephyr/libzephyr.a(mem_attr.c.obj)
                0x0000000008001da8                mem_attr_get_regions
 .text.z_arm_fatal_error
                0x0000000008001db4       0xbc zephyr/arch/arch/arm/core/libarch__arm__core.a(fatal.c.obj)
                0x0000000008001db4                z_arm_fatal_error
 .text.z_SysNmiOnReset
                0x0000000008001e70        0x8 zephyr/arch/arch/arm/core/libarch__arm__core.a(nmi_on_reset.S.obj)
                0x0000000008001e70                z_SysNmiOnReset
 .text._HandlerModeExit
                0x0000000008001e78       0x20 zephyr/arch/arch/arm/core/cortex_m/libarch__arm__core__cortex_m.a(exc_exit.c.obj)
                0x0000000008001e78                z_arm_exc_exit
                0x0000000008001e78                z_arm_int_exit
 .text.mem_manage_fault
                0x0000000008001e98      0x134 zephyr/arch/arch/arm/core/cortex_m/libarch__arm__core__cortex_m.a(fault.c.obj)
 .text.usage_fault.constprop.0
                0x0000000008001fcc       0xa4 zephyr/arch/arch/arm/core/cortex_m/libarch__arm__core__cortex_m.a(fault.c.obj)
 .text.bus_fault.constprop.0
                0x0000000008002070       0xc8 zephyr/arch/arch/arm/core/cortex_m/libarch__arm__core__cortex_m.a(fault.c.obj)
 .text.z_arm_fault
                0x0000000008002138      0x214 zephyr/arch/arch/arm/core/cortex_m/libarch__arm__core__cortex_m.a(fault.c.obj)
                0x0000000008002138                z_arm_fault
 .text.z_arm_fault_init
                0x000000000800234c       0x18 zephyr/arch/arch/arm/core/cortex_m/libarch__arm__core__cortex_m.a(fault.c.obj)
                0x000000000800234c                z_arm_fault_init
 .text.__fault  0x0000000008002364       0x14 zephyr/arch/arch/arm/core/cortex_m/libarch__arm__core__cortex_m.a(fault_s.S.obj)
                0x0000000008002364                z_arm_bus_fault
                0x0000000008002364                z_arm_usage_fault
                0x0000000008002364                z_arm_mpu_fault
                0x0000000008002364                z_arm_exc_spurious
                0x0000000008002364                z_arm_debug_monitor
                0x0000000008002364                z_arm_hard_fault
 .text._reset_section
                0x0000000008002378       0x34 zephyr/arch/arch/arm/core/cortex_m/libarch__arm__core__cortex_m.a(reset.S.obj)
                0x0000000008002378                z_arm_reset
                0x0000000008002378                __start
 .text.z_impl_k_thread_abort
                0x00000000080023ac       0x2c zephyr/arch/arch/arm/core/cortex_m/libarch__arm__core__cortex_m.a(thread_abort.c.obj)
                0x00000000080023ac                z_impl_k_thread_abort
 .text.z_arm_pendsv
                0x00000000080023d8       0x94 zephyr/arch/arch/arm/core/cortex_m/libarch__arm__core__cortex_m.a(swap_helper.S.obj)
                0x00000000080023d8                z_arm_pendsv
 .text.z_arm_svc
                0x000000000800246c       0x24 zephyr/arch/arch/arm/core/cortex_m/libarch__arm__core__cortex_m.a(swap_helper.S.obj)
                0x000000000800246c                z_arm_svc
 .text.arm_irq_enable
                0x0000000008002490       0x1c zephyr/arch/arch/arm/core/cortex_m/libarch__arm__core__cortex_m.a(irq_manage.c.obj)
                0x0000000008002490                arm_irq_enable
 .text.arm_irq_priority_set
                0x00000000080024ac       0x64 zephyr/arch/arch/arm/core/cortex_m/libarch__arm__core__cortex_m.a(irq_manage.c.obj)
                0x00000000080024ac                arm_irq_priority_set
 .text.relocate_vector_table
                0x0000000008002510       0x1c zephyr/arch/arch/arm/core/cortex_m/libarch__arm__core__cortex_m.a(prep_c.c.obj)
                0x0000000008002510                relocate_vector_table
 .text.z_prep_c
                0x000000000800252c       0x4c zephyr/arch/arch/arm/core/cortex_m/libarch__arm__core__cortex_m.a(prep_c.c.obj)
                0x000000000800252c                z_prep_c
 .text.arch_new_thread
                0x0000000008002578       0x38 zephyr/arch/arch/arm/core/cortex_m/libarch__arm__core__cortex_m.a(thread.c.obj)
                0x0000000008002578                arch_new_thread
 .text.z_arm_mpu_stack_guard_and_fpu_adjust
                0x00000000080025b0       0x54 zephyr/arch/arch/arm/core/cortex_m/libarch__arm__core__cortex_m.a(thread.c.obj)
                0x00000000080025b0                z_arm_mpu_stack_guard_and_fpu_adjust
 .text.z_check_thread_stack_fail
                0x0000000008002604       0x30 zephyr/arch/arch/arm/core/cortex_m/libarch__arm__core__cortex_m.a(thread.c.obj)
                0x0000000008002604                z_check_thread_stack_fail
 .text.arch_float_disable
                0x0000000008002634       0x48 zephyr/arch/arch/arm/core/cortex_m/libarch__arm__core__cortex_m.a(thread.c.obj)
                0x0000000008002634                arch_float_disable
 .text.arch_switch_to_main_thread
                0x000000000800267c       0x4c zephyr/arch/arch/arm/core/cortex_m/libarch__arm__core__cortex_m.a(thread.c.obj)
                0x000000000800267c                arch_switch_to_main_thread
 .text.z_arm_cpu_idle_init
                0x00000000080026c8        0xc zephyr/arch/arch/arm/core/cortex_m/libarch__arm__core__cortex_m.a(cpu_idle.c.obj)
                0x00000000080026c8                z_arm_cpu_idle_init
 .text.z_arm_interrupt_init
                0x00000000080026d4       0x18 zephyr/arch/arch/arm/core/cortex_m/libarch__arm__core__cortex_m.a(irq_init.c.obj)
                0x00000000080026d4                z_arm_interrupt_init
 .text._isr_wrapper
                0x00000000080026ec       0x24 zephyr/arch/arch/arm/core/cortex_m/libarch__arm__core__cortex_m.a(isr_wrapper.c.obj)
                0x00000000080026ec                _isr_wrapper
 .text.z_arm_configure_static_mpu_regions
                0x0000000008002710       0x18 zephyr/arch/arch/arm/core/mpu/libarch__arm__core__mpu.a(arm_core_mpu.c.obj)
                0x0000000008002710                z_arm_configure_static_mpu_regions
 .text.z_arm_configure_dynamic_mpu_regions
                0x0000000008002728       0x2c zephyr/arch/arch/arm/core/mpu/libarch__arm__core__mpu.a(arm_core_mpu.c.obj)
                0x0000000008002728                z_arm_configure_dynamic_mpu_regions
 .text.region_allocate_and_init
                0x0000000008002754       0x4c zephyr/arch/arch/arm/core/mpu/libarch__arm__core__mpu.a(arm_mpu.c.obj)
 .text.mpu_configure_regions
                0x00000000080027a0       0x64 zephyr/arch/arch/arm/core/mpu/libarch__arm__core__mpu.a(arm_mpu.c.obj)
 .text.arm_core_mpu_enable
                0x0000000008002804       0x18 zephyr/arch/arch/arm/core/mpu/libarch__arm__core__mpu.a(arm_mpu.c.obj)
                0x0000000008002804                arm_core_mpu_enable
 .text.arm_core_mpu_disable
                0x000000000800281c       0x14 zephyr/arch/arch/arm/core/mpu/libarch__arm__core__mpu.a(arm_mpu.c.obj)
                0x000000000800281c                arm_core_mpu_disable
 .text.arm_core_mpu_configure_static_mpu_regions
                0x0000000008002830       0x4c zephyr/arch/arch/arm/core/mpu/libarch__arm__core__mpu.a(arm_mpu.c.obj)
                0x0000000008002830                arm_core_mpu_configure_static_mpu_regions
 .text.arm_core_mpu_configure_dynamic_mpu_regions
                0x000000000800287c       0x6c zephyr/arch/arch/arm/core/mpu/libarch__arm__core__mpu.a(arm_mpu.c.obj)
                0x000000000800287c                arm_core_mpu_configure_dynamic_mpu_regions
 .text.z_arm_mpu_init
                0x00000000080028e8      0x200 zephyr/arch/arch/arm/core/mpu/libarch__arm__core__mpu.a(arm_mpu.c.obj)
                0x00000000080028e8                z_arm_mpu_init
 .text.malloc_prepare
                0x0000000008002ae8       0x44 zephyr/lib/libc/newlib/liblib__libc__newlib.a(libc-hooks.c.obj)
 .text.__stdout_hook_install
                0x0000000008002b2c        0xc zephyr/lib/libc/newlib/liblib__libc__newlib.a(libc-hooks.c.obj)
                0x0000000008002b2c                __stdout_hook_install
 .text.ztest_find_test_suite
                0x0000000008002b38       0x2c zephyr/subsys/testsuite/ztest/libsubsys__testsuite__ztest.a(ztest.c.obj)
 .text.test_cb  0x0000000008002b64       0x5c zephyr/subsys/testsuite/ztest/libsubsys__testsuite__ztest.a(ztest.c.obj)
 .text.test_finalize
                0x0000000008002bc0       0x1c zephyr/subsys/testsuite/ztest/libsubsys__testsuite__ztest.a(ztest.c.obj)
 .text.ztest_test_fail
                0x0000000008002bdc       0x54 zephyr/subsys/testsuite/ztest/libsubsys__testsuite__ztest.a(ztest.c.obj)
                0x0000000008002bdc                ztest_test_fail
 .text.z_ztest_get_next_test
                0x0000000008002c30       0x34 zephyr/subsys/testsuite/ztest/libsubsys__testsuite__ztest.a(ztest.c.obj)
                0x0000000008002c30                z_ztest_get_next_test
 .text.z_ztest_run_test_suite_ptr.constprop.0
                0x0000000008002c64      0x2d8 zephyr/subsys/testsuite/ztest/libsubsys__testsuite__ztest.a(ztest.c.obj)
 .text.z_impl_ztest_run_test_suites
                0x0000000008002f3c       0x90 zephyr/subsys/testsuite/ztest/libsubsys__testsuite__ztest.a(ztest.c.obj)
                0x0000000008002f3c                z_impl_ztest_run_test_suites
 .text.ztest_verify_all_test_suites_ran
                0x0000000008002fcc       0xb0 zephyr/subsys/testsuite/ztest/libsubsys__testsuite__ztest.a(ztest.c.obj)
                0x0000000008002fcc                ztest_verify_all_test_suites_ran
 .text.ztest_run_all
                0x000000000800307c       0x14 zephyr/subsys/testsuite/ztest/libsubsys__testsuite__ztest.a(ztest.c.obj)
                0x000000000800307c                ztest_run_all
 .text.main     0x0000000008003090      0x1c8 zephyr/subsys/testsuite/ztest/libsubsys__testsuite__ztest.a(ztest.c.obj)
                0x0000000008003090                main
 .text.stm32_fill_irq_table
                0x0000000008003258       0x18 zephyr/drivers/interrupt_controller/libdrivers__interrupt_controller.a(intc_gpio_stm32.c.obj)
 .text.stm32_intc_gpio_isr
                0x0000000008003270       0x54 zephyr/drivers/interrupt_controller/libdrivers__interrupt_controller.a(intc_gpio_stm32.c.obj)
 .text.stm32_gpio_intc_enable_line
                0x00000000080032c4       0x6c zephyr/drivers/interrupt_controller/libdrivers__interrupt_controller.a(intc_gpio_stm32.c.obj)
                0x00000000080032c4                stm32_gpio_intc_enable_line
 .text.stm32_gpio_intc_select_line_trigger
                0x0000000008003330       0x68 zephyr/drivers/interrupt_controller/libdrivers__interrupt_controller.a(intc_gpio_stm32.c.obj)
                0x0000000008003330                stm32_gpio_intc_select_line_trigger
 .text.stm32_gpio_intc_set_irq_callback
                0x0000000008003398       0x40 zephyr/drivers/interrupt_controller/libdrivers__interrupt_controller.a(intc_gpio_stm32.c.obj)
                0x0000000008003398                stm32_gpio_intc_set_irq_callback
 .text.stm32_gpio_intc_remove_irq_callback
                0x00000000080033d8       0x24 zephyr/drivers/interrupt_controller/libdrivers__interrupt_controller.a(intc_gpio_stm32.c.obj)
                0x00000000080033d8                stm32_gpio_intc_remove_irq_callback
 .text.stm32_exti_get_line_src_port
                0x00000000080033fc       0x38 zephyr/drivers/interrupt_controller/libdrivers__interrupt_controller.a(intc_gpio_stm32.c.obj)
                0x00000000080033fc                stm32_exti_get_line_src_port
 .text.stm32_exti_init
                0x0000000008003434       0x40 zephyr/drivers/interrupt_controller/libdrivers__interrupt_controller.a(intc_exti_stm32.c.obj)
 .text.stm32_exti_is_pending
                0x0000000008003474       0x4c zephyr/drivers/interrupt_controller/libdrivers__interrupt_controller.a(intc_exti_stm32.c.obj)
                0x0000000008003474                stm32_exti_is_pending
 .text.stm32_exti_clear_pending
                0x00000000080034c0       0x48 zephyr/drivers/interrupt_controller/libdrivers__interrupt_controller.a(intc_exti_stm32.c.obj)
                0x00000000080034c0                stm32_exti_clear_pending
 .text.get_hclk_frequency
                0x0000000008003508       0x28 zephyr/drivers/clock_control/libdrivers__clock_control.a(clock_stm32_ll_h7.c.obj)
 .text.stm32_clock_control_get_subsys_rate
                0x0000000008003530       0xe8 zephyr/drivers/clock_control/libdrivers__clock_control.a(clock_stm32_ll_h7.c.obj)
 .text.stm32_clock_control_init
                0x0000000008003618      0x280 zephyr/drivers/clock_control/libdrivers__clock_control.a(clock_stm32_ll_h7.c.obj)
                0x0000000008003618                stm32_clock_control_init
 .text.uart_console_init
                0x0000000008003898       0x28 zephyr/drivers/console/libdrivers__console.a(uart_console.c.obj)
 .text.console_out
                0x00000000080038c0       0x28 zephyr/drivers/console/libdrivers__console.a(uart_console.c.obj)
 .text.gpio_stm32_manage_callback
                0x00000000080038e8       0xa0 zephyr/drivers/gpio/libdrivers__gpio.a(gpio_stm32.c.obj)
 .text.gpio_stm32_pin_interrupt_configure
                0x0000000008003988       0xb0 zephyr/drivers/gpio/libdrivers__gpio.a(gpio_stm32.c.obj)
 .text.gpio_stm32_isr
                0x0000000008003a38       0x58 zephyr/drivers/gpio/libdrivers__gpio.a(gpio_stm32.c.obj)
 .text.gpio_stm32_init
                0x0000000008003a90       0x38 zephyr/drivers/gpio/libdrivers__gpio.a(gpio_stm32.c.obj)
 .text.pinctrl_configure_pins
                0x0000000008003ac8       0xb0 zephyr/drivers/pinctrl/libdrivers__pinctrl.a(pinctrl_stm32.c.obj)
                0x0000000008003ac8                pinctrl_configure_pins
 .text.uart_stm32_cfg2ll_stopbits
                0x0000000008003b78       0x38 zephyr/drivers/serial/libdrivers__serial.a(uart_stm32.c.obj)
 .text.lpuartdiv_calc
                0x0000000008003bb0       0x30 zephyr/drivers/serial/libdrivers__serial.a(uart_stm32.c.obj)
                0x0000000008003bb0                lpuartdiv_calc
 .text.uart_stm32_set_baudrate
                0x0000000008003be0      0x154 zephyr/drivers/serial/libdrivers__serial.a(uart_stm32.c.obj)
 .text.uart_stm32_configure
                0x0000000008003d34      0x12c zephyr/drivers/serial/libdrivers__serial.a(uart_stm32.c.obj)
 .text.uart_stm32_init
                0x0000000008003e60      0x1c0 zephyr/drivers/serial/libdrivers__serial.a(uart_stm32.c.obj)
 .text.elapsed  0x0000000008004020       0x4c zephyr/drivers/timer/libdrivers__timer.a(cortex_m_systick.c.obj)
 .text.sys_clock_driver_init
                0x000000000800406c       0x38 zephyr/drivers/timer/libdrivers__timer.a(cortex_m_systick.c.obj)
 .text.sys_clock_isr
                0x00000000080040a4       0x60 zephyr/drivers/timer/libdrivers__timer.a(cortex_m_systick.c.obj)
                0x00000000080040a4                sys_clock_isr
 .text.sys_clock_set_timeout
                0x0000000008004104      0x164 zephyr/drivers/timer/libdrivers__timer.a(cortex_m_systick.c.obj)
                0x0000000008004104                sys_clock_set_timeout
 .text.sys_clock_elapsed
                0x0000000008004268       0xa4 zephyr/drivers/timer/libdrivers__timer.a(cortex_m_systick.c.obj)
                0x0000000008004268                sys_clock_elapsed
 .text.sys_clock_cycle_get_32
                0x000000000800430c       0x94 zephyr/drivers/timer/libdrivers__timer.a(cortex_m_systick.c.obj)
                0x000000000800430c                sys_clock_cycle_get_32
 .text.LL_SetFlashLatency
                0x00000000080043a0      0x198 modules/hal_stm32/stm32cube/lib..__modules__hal__stm32__stm32cube.a(stm32h7xx_ll_utils.c.obj)
                0x00000000080043a0                LL_SetFlashLatency
 .text.z_device_state_init
                0x0000000008004538       0x44 zephyr/kernel/libkernel.a(device.c.obj)
                0x0000000008004538                z_device_state_init
 .text.z_impl_z_errno
                0x000000000800457c        0xc zephyr/kernel/libkernel.a(errno.c.obj)
                0x000000000800457c                z_impl_z_errno
 .text.k_sys_fatal_error_handler
                0x0000000008004588       0x18 zephyr/kernel/libkernel.a(fatal.c.obj)
                0x0000000008004588                k_sys_fatal_error_handler
 .text.z_fatal_error
                0x00000000080045a0       0xb8 zephyr/kernel/libkernel.a(fatal.c.obj)
                0x00000000080045a0                z_fatal_error
 .text.z_sys_init_run_level
                0x0000000008004658       0x30 zephyr/kernel/libkernel.a(init.c.obj)
 .text.bg_thread_main
                0x0000000008004688      0x108 zephyr/kernel/libkernel.a(init.c.obj)
 .text.z_bss_zero
                0x0000000008004790       0x2c zephyr/kernel/libkernel.a(init.c.obj)
                0x0000000008004790                z_bss_zero
 .text.z_init_cpu
                0x00000000080047bc       0x74 zephyr/kernel/libkernel.a(init.c.obj)
                0x00000000080047bc                z_init_cpu
 .text.z_cstart
                0x0000000008004830       0xc8 zephyr/kernel/libkernel.a(init.c.obj)
                0x0000000008004830                z_cstart
 .text.idle     0x00000000080048f8       0x48 zephyr/kernel/libkernel.a(idle.c.obj)
                0x00000000080048f8                idle
 .text.z_impl_k_thread_name_set
                0x0000000008004940       0x20 zephyr/kernel/libkernel.a(thread.c.obj)
                0x0000000008004940                z_impl_k_thread_name_set
 .text.z_setup_new_thread
                0x0000000008004960       0xec zephyr/kernel/libkernel.a(thread.c.obj)
                0x0000000008004960                z_setup_new_thread
 .text.z_impl_k_thread_create
                0x0000000008004a4c       0x8c zephyr/kernel/libkernel.a(thread.c.obj)
                0x0000000008004a4c                z_impl_k_thread_create
 .text.z_dummy_thread_init
                0x0000000008004ad8       0x1c zephyr/kernel/libkernel.a(thread.c.obj)
                0x0000000008004ad8                z_dummy_thread_init
 .text.unready_thread
                0x0000000008004af4       0xa4 zephyr/kernel/libkernel.a(sched.c.obj)
 .text.unpend_thread_no_timeout
                0x0000000008004b98       0x38 zephyr/kernel/libkernel.a(sched.c.obj)
 .text.ready_thread
                0x0000000008004bd0       0xd4 zephyr/kernel/libkernel.a(sched.c.obj)
 .text.z_swap_irqlock
                0x0000000008004ca4       0x6c zephyr/kernel/libkernel.a(sched.c.obj)
 .text.move_thread_to_end_of_prio_q
                0x0000000008004d10       0xf4 zephyr/kernel/libkernel.a(sched.c.obj)
                0x0000000008004d10                move_thread_to_end_of_prio_q
 .text.z_ready_thread
                0x0000000008004e04       0x8c zephyr/kernel/libkernel.a(sched.c.obj)
                0x0000000008004e04                z_ready_thread
 .text.z_sched_wake_thread
                0x0000000008004e90       0xa8 zephyr/kernel/libkernel.a(sched.c.obj)
                0x0000000008004e90                z_sched_wake_thread
 .text.z_reschedule
                0x0000000008004f38       0x8c zephyr/kernel/libkernel.a(sched.c.obj)
                0x0000000008004f38                z_reschedule
 .text.z_reschedule_irqlock
                0x0000000008004fc4       0x28 zephyr/kernel/libkernel.a(sched.c.obj)
                0x0000000008004fc4                z_reschedule_irqlock
 .text.k_sched_lock
                0x0000000008004fec       0xe4 zephyr/kernel/libkernel.a(sched.c.obj)
                0x0000000008004fec                k_sched_lock
 .text.k_sched_unlock
                0x00000000080050d0      0x120 zephyr/kernel/libkernel.a(sched.c.obj)
                0x00000000080050d0                k_sched_unlock
 .text.z_sched_init
                0x00000000080051f0       0x10 zephyr/kernel/libkernel.a(sched.c.obj)
                0x00000000080051f0                z_sched_init
 .text.z_impl_k_wakeup
                0x0000000008005200       0xb0 zephyr/kernel/libkernel.a(sched.c.obj)
                0x0000000008005200                z_impl_k_wakeup
 .text.z_impl_k_sched_current_thread_query
                0x00000000080052b0        0xc zephyr/kernel/libkernel.a(sched.c.obj)
                0x00000000080052b0                z_impl_k_sched_current_thread_query
 .text.z_thread_abort
                0x00000000080052bc      0x250 zephyr/kernel/libkernel.a(sched.c.obj)
                0x00000000080052bc                z_thread_abort
 .text.z_impl_k_thread_join
                0x000000000800550c      0x148 zephyr/kernel/libkernel.a(sched.c.obj)
                0x000000000800550c                z_impl_k_thread_join
 .text.slice_timeout
                0x0000000008005654       0x5c zephyr/kernel/libkernel.a(timeslicing.c.obj)
 .text.thread_is_sliceable
                0x00000000080056b0       0x3c zephyr/kernel/libkernel.a(timeslicing.c.obj)
                0x00000000080056b0                thread_is_sliceable
 .text.z_reset_time_slice
                0x00000000080056ec       0x50 zephyr/kernel/libkernel.a(timeslicing.c.obj)
                0x00000000080056ec                z_reset_time_slice
 .text.z_time_slice
                0x000000000800573c       0xc8 zephyr/kernel/libkernel.a(timeslicing.c.obj)
                0x000000000800573c                z_time_slice
 .text.z_spin_lock_valid
                0x0000000008005804       0x1c zephyr/kernel/libkernel.a(spinlock_validate.c.obj)
                0x0000000008005804                z_spin_lock_valid
 .text.z_spin_unlock_valid
                0x0000000008005820       0x2c zephyr/kernel/libkernel.a(spinlock_validate.c.obj)
                0x0000000008005820                z_spin_unlock_valid
 .text.z_spin_lock_set_owner
                0x000000000800584c       0x10 zephyr/kernel/libkernel.a(spinlock_validate.c.obj)
                0x000000000800584c                z_spin_lock_set_owner
 .text.z_data_copy
                0x000000000800585c       0x50 zephyr/kernel/libkernel.a(xip.c.obj)
                0x000000000800585c                z_data_copy
 .text.first    0x00000000080058ac       0x10 zephyr/kernel/libkernel.a(timeout.c.obj)
 .text.elapsed  0x00000000080058bc       0x14 zephyr/kernel/libkernel.a(timeout.c.obj)
 .text.remove_timeout
                0x00000000080058d0       0x38 zephyr/kernel/libkernel.a(timeout.c.obj)
 .text.z_add_timeout
                0x0000000008005908      0x1b8 zephyr/kernel/libkernel.a(timeout.c.obj)
                0x0000000008005908                z_add_timeout
 .text.z_abort_timeout
                0x0000000008005ac0       0xbc zephyr/kernel/libkernel.a(timeout.c.obj)
                0x0000000008005ac0                z_abort_timeout
 .text.sys_clock_announce
                0x0000000008005b7c      0x148 zephyr/kernel/libkernel.a(timeout.c.obj)
                0x0000000008005b7c                sys_clock_announce
 .text.boot_banner
                0x0000000008005cc4        0xc zephyr/kernel/libkernel.a(banner.c.obj)
                0x0000000008005cc4                boot_banner
 .text.expf     0x0000000008005cd0       0xe4 /home/saket-jha/zephyr-work/zephyr-sdk-0.17.2/arm-zephyr-eabi/arm-zephyr-eabi/lib/thumb/v7e-m+dp/hard/libm.a(lib_a-sf_exp.o)
                0x0000000008005cd0                expf
 .text.with_errnof
                0x0000000008005db4       0x1c /home/saket-jha/zephyr-work/zephyr-sdk-0.17.2/arm-zephyr-eabi/arm-zephyr-eabi/lib/thumb/v7e-m+dp/hard/libm.a(lib_a-math_errf.o)
 .text.xflowf   0x0000000008005dd0       0x20 /home/saket-jha/zephyr-work/zephyr-sdk-0.17.2/arm-zephyr-eabi/arm-zephyr-eabi/lib/thumb/v7e-m+dp/hard/libm.a(lib_a-math_errf.o)
 .text.__math_uflowf
                0x0000000008005df0        0xc /home/saket-jha/zephyr-work/zephyr-sdk-0.17.2/arm-zephyr-eabi/arm-zephyr-eabi/lib/thumb/v7e-m+dp/hard/libm.a(lib_a-math_errf.o)
                0x0000000008005df0                __math_uflowf
 .text.__math_may_uflowf
                0x0000000008005dfc        0xc /home/saket-jha/zephyr-work/zephyr-sdk-0.17.2/arm-zephyr-eabi/arm-zephyr-eabi/lib/thumb/v7e-m+dp/hard/libm.a(lib_a-math_errf.o)
                0x0000000008005dfc                __math_may_uflowf
 .text.__math_oflowf
                0x0000000008005e08        0xc /home/saket-jha/zephyr-work/zephyr-sdk-0.17.2/arm-zephyr-eabi/arm-zephyr-eabi/lib/thumb/v7e-m+dp/hard/libm.a(lib_a-math_errf.o)
                0x0000000008005e08                __math_oflowf
 .text.memset   0x0000000008005e14       0xa4 /home/saket-jha/zephyr-work/zephyr-sdk-0.17.2/arm-zephyr-eabi/arm-zephyr-eabi/lib/thumb/v7e-m+dp/hard/libc.a(lib_a-memset.o)
                0x0000000008005e14                memset
 .text.strncpy  0x0000000008005eb8       0x68 /home/saket-jha/zephyr-work/zephyr-sdk-0.17.2/arm-zephyr-eabi/arm-zephyr-eabi/lib/thumb/v7e-m+dp/hard/libc.a(lib_a-strncpy.o)
                0x0000000008005eb8                strncpy
 .text.strnlen  0x0000000008005f20       0x24 /home/saket-jha/zephyr-work/zephyr-sdk-0.17.2/arm-zephyr-eabi/arm-zephyr-eabi/lib/thumb/v7e-m+dp/hard/libc.a(lib_a-strnlen.o)
                0x0000000008005f20                strnlen
 .text._OffsetAbsSyms
                0x0000000008005f44        0x2 zephyr/CMakeFiles/offsets.dir/./arch/arm/core/offsets/offsets.c.obj
                0x0000000008005f44                _OffsetAbsSyms
 .text.arch_printk_char_out
                0x0000000008005f46        0x4 zephyr/libzephyr.a(printk.c.obj)
                0x0000000008005f46                arch_printk_char_out
 .text.printk   0x0000000008005f4a       0x1a zephyr/libzephyr.a(printk.c.obj)
                0x0000000008005f4a                printk
 .text.z_thread_entry
                0x0000000008005f64       0x14 zephyr/libzephyr.a(thread_entry.c.obj)
                0x0000000008005f64                z_thread_entry
 .text._ldiv5   0x0000000008005f78       0x30 zephyr/libzephyr.a(cbprintf_complete.c.obj)
 .text._get_digit
                0x0000000008005fa8       0x2e zephyr/libzephyr.a(cbprintf_complete.c.obj)
 .text.outs     0x0000000008005fd6       0x2e zephyr/libzephyr.a(cbprintf_complete.c.obj)
 .text.assert_post_action
                0x0000000008006004       0x12 zephyr/libzephyr.a(assert.c.obj)
                0x0000000008006004                assert_post_action
 .text.assert_print
                0x0000000008006016       0x1a zephyr/libzephyr.a(assert.c.obj)
                0x0000000008006016                assert_print
 .text._ConfigAbsSyms
                0x0000000008006030        0x2 zephyr/libzephyr.a(configs.c.obj)
                0x0000000008006030                _ConfigAbsSyms
 .text.z_log_minimal_printk
                0x0000000008006032       0x1a zephyr/libzephyr.a(log_minimal.c.obj)
                0x0000000008006032                z_log_minimal_printk
 .text.z_do_kernel_oops
                0x000000000800604c        0x8 zephyr/arch/arch/arm/core/libarch__arm__core.a(fatal.c.obj)
                0x000000000800604c                z_do_kernel_oops
 .text.z_arm_nmi
                0x0000000008006054        0xe zephyr/arch/arch/arm/core/libarch__arm__core.a(nmi.c.obj)
                0x0000000008006054                z_arm_nmi
 .text.z_irq_spurious
                0x0000000008006062        0x8 zephyr/arch/arch/arm/core/cortex_m/libarch__arm__core__cortex_m.a(irq_manage.c.obj)
                0x0000000008006062                z_irq_spurious
 .text.arch_coprocessors_disable
                0x000000000800606a        0x4 zephyr/arch/arch/arm/core/cortex_m/libarch__arm__core__cortex_m.a(thread.c.obj)
                0x000000000800606a                arch_coprocessors_disable
 .text.arch_irq_unlock_outlined
                0x000000000800606e        0xe zephyr/arch/arch/arm/core/cortex_m/libarch__arm__core__cortex_m.a(thread.c.obj)
                0x000000000800606e                arch_irq_unlock_outlined
 .text.arch_cpu_idle
                0x000000000800607c       0x1a zephyr/arch/arch/arm/core/cortex_m/libarch__arm__core__cortex_m.a(cpu_idle.c.obj)
                0x000000000800607c                arch_cpu_idle
 .text.size_to_mpu_rasr_size
                0x0000000008006096       0x20 zephyr/arch/arch/arm/core/mpu/libarch__arm__core__mpu.a(arm_mpu.c.obj)
 .text._stdout_hook_default
                0x00000000080060b6        0x6 zephyr/lib/libc/newlib/liblib__libc__newlib.a(libc-hooks.c.obj)
 .text.__errno  0x00000000080060bc        0x4 zephyr/lib/libc/newlib/liblib__libc__newlib.a(libc-hooks.c.obj)
                0x00000000080060bc                __errno
 .text.test_main
                0x00000000080060c0       0x16 zephyr/subsys/testsuite/ztest/libsubsys__testsuite__ztest.a(ztest.c.obj)
                0x00000000080060c0                test_main
 .text.z_ztest_should_suite_run
                0x00000000080060d6        0xa zephyr/subsys/testsuite/ztest/libsubsys__testsuite__ztest.a(ztest_defaults.c.obj)
                0x00000000080060d6                z_ztest_should_suite_run
 .text.z_ztest_should_test_run
                0x00000000080060e0        0x4 zephyr/subsys/testsuite/ztest/libsubsys__testsuite__ztest.a(ztest_defaults.c.obj)
                0x00000000080060e0                z_ztest_should_test_run
 .text.z_ztest_run_all
                0x00000000080060e4        0x4 zephyr/subsys/testsuite/ztest/libsubsys__testsuite__ztest.a(ztest_defaults.c.obj)
                0x00000000080060e4                z_ztest_run_all
 .text.ztest_relative_filename
                0x00000000080060e8        0x2 zephyr/subsys/testsuite/ztest/libsubsys__testsuite__ztest.a(ztest_defaults.c.obj)
                0x00000000080060e8                ztest_relative_filename
 .text.stm32_exti_gpio_intc_init
                0x00000000080060ea       0x92 zephyr/drivers/interrupt_controller/libdrivers__interrupt_controller.a(intc_gpio_stm32.c.obj)
 .text.stm32_gpio_intc_get_pin_irq_line
                0x000000000800617c        0xa zephyr/drivers/interrupt_controller/libdrivers__interrupt_controller.a(intc_gpio_stm32.c.obj)
                0x000000000800617c                stm32_gpio_intc_get_pin_irq_line
 .text.stm32_gpio_intc_disable_line
                0x0000000008006186       0x12 zephyr/drivers/interrupt_controller/libdrivers__interrupt_controller.a(intc_gpio_stm32.c.obj)
                0x0000000008006186                stm32_gpio_intc_disable_line
 .text.stm32_exti_set_line_src_port
                0x0000000008006198       0x3c zephyr/drivers/interrupt_controller/libdrivers__interrupt_controller.a(intc_gpio_stm32.c.obj)
                0x0000000008006198                stm32_exti_set_line_src_port
 .text.stm32_clock_control_on
                0x00000000080061d4       0x44 zephyr/drivers/clock_control/libdrivers__clock_control.a(clock_stm32_ll_h7.c.obj)
 .text.stm32_clock_control_off
                0x0000000008006218       0x2e zephyr/drivers/clock_control/libdrivers__clock_control.a(clock_stm32_ll_h7.c.obj)
 .text.enabled_clock
                0x0000000008006246       0x18 zephyr/drivers/clock_control/libdrivers__clock_control.a(clock_stm32_ll_h7.c.obj)
                0x0000000008006246                enabled_clock
 .text.stm32_clock_control_configure
                0x000000000800625e       0x52 zephyr/drivers/clock_control/libdrivers__clock_control.a(clock_stm32_ll_h7.c.obj)
 .text.gpio_stm32_port_get_raw
                0x00000000080062b0        0xc zephyr/drivers/gpio/libdrivers__gpio.a(gpio_stm32.c.obj)
 .text.gpio_stm32_port_set_masked_raw
                0x00000000080062bc       0x12 zephyr/drivers/gpio/libdrivers__gpio.a(gpio_stm32.c.obj)
 .text.gpio_stm32_port_set_bits_raw
                0x00000000080062ce        0xa zephyr/drivers/gpio/libdrivers__gpio.a(gpio_stm32.c.obj)
 .text.gpio_stm32_port_clear_bits_raw
                0x00000000080062d8        0xc zephyr/drivers/gpio/libdrivers__gpio.a(gpio_stm32.c.obj)
 .text.gpio_stm32_port_toggle_bits
                0x00000000080062e4        0xe zephyr/drivers/gpio/libdrivers__gpio.a(gpio_stm32.c.obj)
 .text.gpio_stm32_configure_raw.isra.0
                0x00000000080062f2       0xa0 zephyr/drivers/gpio/libdrivers__gpio.a(gpio_stm32.c.obj)
 .text.gpio_stm32_config
                0x0000000008006392       0xd8 zephyr/drivers/gpio/libdrivers__gpio.a(gpio_stm32.c.obj)
 .text.gpio_stm32_configure
                0x000000000800646a       0x30 zephyr/drivers/gpio/libdrivers__gpio.a(gpio_stm32.c.obj)
                0x000000000800646a                gpio_stm32_configure
 .text.pinctrl_lookup_state
                0x000000000800649a       0x26 zephyr/drivers/pinctrl/libdrivers__pinctrl.a(common.c.obj)
                0x000000000800649a                pinctrl_lookup_state
 .text.reset_stm32_status
                0x00000000080064c0       0x22 zephyr/drivers/reset/libdrivers__reset.a(reset_stm32.c.obj)
 .text.reset_stm32_line_assert
                0x00000000080064e2       0x1c zephyr/drivers/reset/libdrivers__reset.a(reset_stm32.c.obj)
 .text.reset_stm32_line_deassert
                0x00000000080064fe       0x1e zephyr/drivers/reset/libdrivers__reset.a(reset_stm32.c.obj)
 .text.reset_stm32_line_toggle
                0x000000000800651c       0x16 zephyr/drivers/reset/libdrivers__reset.a(reset_stm32.c.obj)
 .text.uart_stm32_ll2cfg_databits
                0x0000000008006532       0x2a zephyr/drivers/serial/libdrivers__serial.a(uart_stm32.c.obj)
 .text.uart_stm32_err_check
                0x000000000800655c       0x5a zephyr/drivers/serial/libdrivers__serial.a(uart_stm32.c.obj)
 .text.uart_stm32_poll_out
                0x00000000080065b6       0x36 zephyr/drivers/serial/libdrivers__serial.a(uart_stm32.c.obj)
 .text.uart_stm32_poll_in
                0x00000000080065ec       0x22 zephyr/drivers/serial/libdrivers__serial.a(uart_stm32.c.obj)
 .text.uart_stm32_config_get
                0x000000000800660e       0x92 zephyr/drivers/serial/libdrivers__serial.a(uart_stm32.c.obj)
 .text.uart_stm32_parameters_set
                0x00000000080066a0      0x136 zephyr/drivers/serial/libdrivers__serial.a(uart_stm32.c.obj)
 .text.z_impl_device_is_ready
                0x00000000080067d6       0x16 zephyr/kernel/libkernel.a(device.c.obj)
                0x00000000080067d6                z_impl_device_is_ready
 .text.arch_system_halt
                0x00000000080067ec       0x10 zephyr/kernel/libkernel.a(fatal.c.obj)
                0x00000000080067ec                arch_system_halt
 .text.do_device_init
                0x00000000080067fc       0x2e zephyr/kernel/libkernel.a(init.c.obj)
 .text.z_early_memset
                0x000000000800682a        0x4 zephyr/kernel/libkernel.a(init.c.obj)
                0x000000000800682a                z_early_memset
 .text.z_early_memcpy
                0x000000000800682e        0x4 zephyr/kernel/libkernel.a(init.c.obj)
                0x000000000800682e                z_early_memcpy
 .text.k_is_in_isr
                0x0000000008006832        0xc zephyr/kernel/libkernel.a(thread.c.obj)
                0x0000000008006832                k_is_in_isr
 .text.k_thread_name_get
                0x000000000800683e        0x4 zephyr/kernel/libkernel.a(thread.c.obj)
                0x000000000800683e                k_thread_name_get
 .text.sys_dlist_remove
                0x0000000008006842       0x10 zephyr/kernel/libkernel.a(sched.c.obj)
 .text.add_to_waitq_locked
                0x0000000008006852       0x50 zephyr/kernel/libkernel.a(sched.c.obj)
 .text.z_thread_timeout
                0x00000000080068a2        0x8 zephyr/kernel/libkernel.a(sched.c.obj)
                0x00000000080068a2                z_thread_timeout
 .text.next_timeout
                0x00000000080068aa       0x2e zephyr/kernel/libkernel.a(timeout.c.obj)
 *(SORT_BY_ALIGNMENT(.TEXT.*))
 *(SORT_BY_ALIGNMENT(.gnu.linkonce.t.*))
 *(SORT_BY_ALIGNMENT(.glue_7t))
 .glue_7t       0x00000000080068d8        0x0 linker stubs
 *(SORT_BY_ALIGNMENT(.glue_7))
 .glue_7        0x00000000080068d8        0x0 linker stubs
 *(SORT_BY_ALIGNMENT(.vfp11_veneer))
 .vfp11_veneer  0x00000000080068d8        0x0 linker stubs
 *(SORT_BY_ALIGNMENT(.v4_bx))
 .v4_bx         0x00000000080068d8        0x0 linker stubs
                0x00000000080068d8                . = ALIGN (0x4)
                0x00000000080068d8                __text_region_end = .

.ARM.exidx      0x00000000080068d8        0x8
                0x00000000080068d8                __exidx_start = .
 *(SORT_BY_ALIGNMENT(.ARM.exidx*) SORT_BY_ALIGNMENT(gnu.linkonce.armexidx.*))
 .ARM.exidx     0x00000000080068d8        0x8 /home/saket-jha/zephyr-work/zephyr-sdk-0.17.2/arm-zephyr-eabi/bin/../lib/gcc/arm-zephyr-eabi/12.2.0/thumb/v7e-m+dp/hard/libgcc.a(_udivmoddi4.o)
                0x00000000080068e0                __exidx_end = .
                0x00000000080068e0                __rodata_region_start = .

initlevel       0x00000000080068e0       0xb0
                0x00000000080068e0                __init_start = .
                0x00000000080068e0                __init_EARLY_start = .
 *(SORT_BY_NAME(SORT_BY_ALIGNMENT(.z_init_EARLY_P_?_*)))
 *(SORT_BY_NAME(SORT_BY_ALIGNMENT(.z_init_EARLY_P_??_*)))
 *(SORT_BY_NAME(SORT_BY_ALIGNMENT(.z_init_EARLY_P_???_*)))
                0x00000000080068e0                __init_PRE_KERNEL_1_start = .
 *(SORT_BY_NAME(SORT_BY_ALIGNMENT(.z_init_PRE_KERNEL_1_P_?_*)))
 .z_init_PRE_KERNEL_1_P_1_SUB_00009_
                0x00000000080068e0        0x8 zephyr/drivers/clock_control/libdrivers__clock_control.a(clock_stm32_ll_h7.c.obj)
 .z_init_PRE_KERNEL_1_P_1_SUB_0_
                0x00000000080068e8        0x8 zephyr/libzephyr.a(soc_config.c.obj)
 *(SORT_BY_NAME(SORT_BY_ALIGNMENT(.z_init_PRE_KERNEL_1_P_??_*)))
 .z_init_PRE_KERNEL_1_P_35_SUB_00055_
                0x00000000080068f0        0x8 zephyr/drivers/reset/libdrivers__reset.a(reset_stm32.c.obj)
 .z_init_PRE_KERNEL_1_P_40_SUB_00043_
                0x00000000080068f8        0x8 zephyr/drivers/gpio/libdrivers__gpio.a(gpio_stm32.c.obj)
 .z_init_PRE_KERNEL_1_P_40_SUB_00046_
                0x0000000008006900        0x8 zephyr/drivers/gpio/libdrivers__gpio.a(gpio_stm32.c.obj)
 .z_init_PRE_KERNEL_1_P_40_SUB_00047_
                0x0000000008006908        0x8 zephyr/drivers/gpio/libdrivers__gpio.a(gpio_stm32.c.obj)
 .z_init_PRE_KERNEL_1_P_40_SUB_00081_
                0x0000000008006910        0x8 zephyr/drivers/interrupt_controller/libdrivers__interrupt_controller.a(intc_exti_stm32.c.obj)
 .z_init_PRE_KERNEL_1_P_40_SUB_00105_
                0x0000000008006918        0x8 zephyr/drivers/gpio/libdrivers__gpio.a(gpio_stm32.c.obj)
 .z_init_PRE_KERNEL_1_P_40_SUB_00140_
                0x0000000008006920        0x8 zephyr/drivers/gpio/libdrivers__gpio.a(gpio_stm32.c.obj)
 .z_init_PRE_KERNEL_1_P_40_SUB_00141_
                0x0000000008006928        0x8 zephyr/drivers/gpio/libdrivers__gpio.a(gpio_stm32.c.obj)
 .z_init_PRE_KERNEL_1_P_40_SUB_00142_
                0x0000000008006930        0x8 zephyr/drivers/gpio/libdrivers__gpio.a(gpio_stm32.c.obj)
 .z_init_PRE_KERNEL_1_P_40_SUB_00143_
                0x0000000008006938        0x8 zephyr/drivers/gpio/libdrivers__gpio.a(gpio_stm32.c.obj)
 .z_init_PRE_KERNEL_1_P_40_SUB_00144_
                0x0000000008006940        0x8 zephyr/drivers/gpio/libdrivers__gpio.a(gpio_stm32.c.obj)
 .z_init_PRE_KERNEL_1_P_40_SUB_00145_
                0x0000000008006948        0x8 zephyr/drivers/gpio/libdrivers__gpio.a(gpio_stm32.c.obj)
 .z_init_PRE_KERNEL_1_P_40_SUB_00146_
                0x0000000008006950        0x8 zephyr/drivers/gpio/libdrivers__gpio.a(gpio_stm32.c.obj)
 .z_init_PRE_KERNEL_1_P_40_SUB_0_
                0x0000000008006958        0x8 zephyr/drivers/interrupt_controller/libdrivers__interrupt_controller.a(intc_gpio_stm32.c.obj)
 .z_init_PRE_KERNEL_1_P_50_SUB_00088_
                0x0000000008006960        0x8 zephyr/drivers/serial/libdrivers__serial.a(uart_stm32.c.obj)
 .z_init_PRE_KERNEL_1_P_50_SUB_00091_
                0x0000000008006968        0x8 zephyr/drivers/serial/libdrivers__serial.a(uart_stm32.c.obj)
 .z_init_PRE_KERNEL_1_P_50_SUB_00102_
                0x0000000008006970        0x8 zephyr/drivers/serial/libdrivers__serial.a(uart_stm32.c.obj)
 .z_init_PRE_KERNEL_1_P_60_SUB_0_
                0x0000000008006978        0x8 zephyr/drivers/console/libdrivers__console.a(uart_console.c.obj)
 *(SORT_BY_NAME(SORT_BY_ALIGNMENT(.z_init_PRE_KERNEL_1_P_???_*)))
                0x0000000008006980                __init_PRE_KERNEL_2_start = .
 *(SORT_BY_NAME(SORT_BY_ALIGNMENT(.z_init_PRE_KERNEL_2_P_?_*)))
 .z_init_PRE_KERNEL_2_P_0_SUB_0_
                0x0000000008006980        0x8 zephyr/drivers/timer/libdrivers__timer.a(cortex_m_systick.c.obj)
 *(SORT_BY_NAME(SORT_BY_ALIGNMENT(.z_init_PRE_KERNEL_2_P_??_*)))
 *(SORT_BY_NAME(SORT_BY_ALIGNMENT(.z_init_PRE_KERNEL_2_P_???_*)))
                0x0000000008006988                __init_POST_KERNEL_start = .
 *(SORT_BY_NAME(SORT_BY_ALIGNMENT(.z_init_POST_KERNEL_P_?_*)))
 *(SORT_BY_NAME(SORT_BY_ALIGNMENT(.z_init_POST_KERNEL_P_??_*)))
 .z_init_POST_KERNEL_P_35_SUB_0_
                0x0000000008006988        0x8 zephyr/lib/libc/newlib/liblib__libc__newlib.a(libc-hooks.c.obj)
 *(SORT_BY_NAME(SORT_BY_ALIGNMENT(.z_init_POST_KERNEL_P_???_*)))
                0x0000000008006990                __init_APPLICATION_start = .
 *(SORT_BY_NAME(SORT_BY_ALIGNMENT(.z_init_APPLICATION_P_?_*)))
 *(SORT_BY_NAME(SORT_BY_ALIGNMENT(.z_init_APPLICATION_P_??_*)))
 *(SORT_BY_NAME(SORT_BY_ALIGNMENT(.z_init_APPLICATION_P_???_*)))
                0x0000000008006990                __init_SMP_start = .
 *(SORT_BY_NAME(SORT_BY_ALIGNMENT(.z_init_SMP_P_?_*)))
 *(SORT_BY_NAME(SORT_BY_ALIGNMENT(.z_init_SMP_P_??_*)))
 *(SORT_BY_NAME(SORT_BY_ALIGNMENT(.z_init_SMP_P_???_*)))
                0x0000000008006990                __init_end = .

device_area     0x0000000008006990      0x220
                0x0000000008006990                _device_list_start = .
 *(SORT_BY_NAME(SORT_BY_ALIGNMENT(._device.static.*_?_*)))
 ._device.static.1_1_
                0x0000000008006990       0x20 zephyr/drivers/clock_control/libdrivers__clock_control.a(clock_stm32_ll_h7.c.obj)
                0x0000000008006990                __device_dts_ord_9
 *(SORT_BY_NAME(SORT_BY_ALIGNMENT(._device.static.*_??_*)))
 ._device.static.1_35_
                0x00000000080069b0       0x20 zephyr/drivers/reset/libdrivers__reset.a(reset_stm32.c.obj)
                0x00000000080069b0                __device_dts_ord_55
 ._device.static.1_40_
                0x00000000080069d0       0x20 zephyr/drivers/interrupt_controller/libdrivers__interrupt_controller.a(intc_exti_stm32.c.obj)
                0x00000000080069d0                __device_dts_ord_81
 ._device.static.1_40_
                0x00000000080069f0      0x160 zephyr/drivers/gpio/libdrivers__gpio.a(gpio_stm32.c.obj)
                0x00000000080069f0                __device_dts_ord_146
                0x0000000008006a10                __device_dts_ord_145
                0x0000000008006a30                __device_dts_ord_144
                0x0000000008006a50                __device_dts_ord_143
                0x0000000008006a70                __device_dts_ord_142
                0x0000000008006a90                __device_dts_ord_141
                0x0000000008006ab0                __device_dts_ord_47
                0x0000000008006ad0                __device_dts_ord_105
                0x0000000008006af0                __device_dts_ord_43
                0x0000000008006b10                __device_dts_ord_46
                0x0000000008006b30                __device_dts_ord_140
 ._device.static.1_50_
                0x0000000008006b50       0x60 zephyr/drivers/serial/libdrivers__serial.a(uart_stm32.c.obj)
                0x0000000008006b50                __device_dts_ord_102
                0x0000000008006b70                __device_dts_ord_91
                0x0000000008006b90                __device_dts_ord_88
 *(SORT_BY_NAME(SORT_BY_ALIGNMENT(._device.static.*_???_*)))
 *(SORT_BY_NAME(SORT_BY_ALIGNMENT(._device.static.*_????_*)))
 *(SORT_BY_NAME(SORT_BY_ALIGNMENT(._device.static.*_?????_*)))
                0x0000000008006bb0                _device_list_end = .

sw_isr_table    0x0000000008006bb0      0x518
                0x0000000008006bb0                . = ALIGN (0x4)
 *(SORT_BY_ALIGNMENT(.gnu.linkonce.sw_isr_table*))
 .gnu.linkonce.sw_isr_table
                0x0000000008006bb0      0x518 zephyr/CMakeFiles/zephyr_final.dir/isr_tables.c.obj
                0x0000000008006bb0                _sw_isr_table

initlevel_error
                0x00000000080068e0        0x0
 *(SORT_BY_NAME(SORT_BY_ALIGNMENT(.z_init_*)))
                0x0000000000000001                ASSERT ((SIZEOF (initlevel_error) == 0x0), Undefined initialization levels used.)

app_shmem_regions
                0x00000000080070c8        0x0
                0x00000000080070c8                __app_shmem_regions_start = .
 *(SORT_BY_NAME(SORT_BY_ALIGNMENT(.app_regions.*)))
                0x00000000080070c8                __app_shmem_regions_end = .

k_p4wq_initparam_area
                0x00000000080070c8        0x0
                0x00000000080070c8                _k_p4wq_initparam_list_start = .
 *(SORT_BY_NAME(SORT_BY_ALIGNMENT(._k_p4wq_initparam.static.*)))
                0x00000000080070c8                _k_p4wq_initparam_list_end = .

_static_thread_data_area
                0x00000000080070c8        0x0
                0x00000000080070c8                __static_thread_data_list_start = .
 *(SORT_BY_NAME(SORT_BY_ALIGNMENT(.__static_thread_data.static.*)))
                0x00000000080070c8                __static_thread_data_list_end = .

device_deps     0x00000000080070c8        0x0
                0x00000000080070c8                __device_deps_start = .
 *(SORT_BY_NAME(SORT_BY_ALIGNMENT(.__device_deps_pass2*)))
                0x00000000080070c8                __device_deps_end = .

gpio_driver_api_area
                0x00000000080070c8       0x24
                0x00000000080070c8                _gpio_driver_api_list_start = .
 *(SORT_BY_NAME(SORT_BY_ALIGNMENT(._gpio_driver_api.static.*)))
 ._gpio_driver_api.static.gpio_stm32_driver_
                0x00000000080070c8       0x24 zephyr/drivers/gpio/libdrivers__gpio.a(gpio_stm32.c.obj)
                0x00000000080070ec                _gpio_driver_api_list_end = .

reset_driver_api_area
                0x00000000080070ec       0x10
                0x00000000080070ec                _reset_driver_api_list_start = .
 *(SORT_BY_NAME(SORT_BY_ALIGNMENT(._reset_driver_api.static.*)))
 ._reset_driver_api.static.reset_stm32_driver_api_
                0x00000000080070ec       0x10 zephyr/drivers/reset/libdrivers__reset.a(reset_stm32.c.obj)
                0x00000000080070fc                _reset_driver_api_list_end = .

shared_irq_driver_api_area
                0x00000000080070fc        0x0
                0x00000000080070fc                _shared_irq_driver_api_list_start = .
 *(SORT_BY_NAME(SORT_BY_ALIGNMENT(._shared_irq_driver_api.static.*)))
                0x00000000080070fc                _shared_irq_driver_api_list_end = .

crypto_driver_api_area
                0x00000000080070fc        0x0
                0x00000000080070fc                _crypto_driver_api_list_start = .
 *(SORT_BY_NAME(SORT_BY_ALIGNMENT(._crypto_driver_api.static.*)))
                0x00000000080070fc                _crypto_driver_api_list_end = .

adc_driver_api_area
                0x00000000080070fc        0x0
                0x00000000080070fc                _adc_driver_api_list_start = .
 *(SORT_BY_NAME(SORT_BY_ALIGNMENT(._adc_driver_api.static.*)))
                0x00000000080070fc                _adc_driver_api_list_end = .

auxdisplay_driver_api_area
                0x00000000080070fc        0x0
                0x00000000080070fc                _auxdisplay_driver_api_list_start = .
 *(SORT_BY_NAME(SORT_BY_ALIGNMENT(._auxdisplay_driver_api.static.*)))
                0x00000000080070fc                _auxdisplay_driver_api_list_end = .

bbram_driver_api_area
                0x00000000080070fc        0x0
                0x00000000080070fc                _bbram_driver_api_list_start = .
 *(SORT_BY_NAME(SORT_BY_ALIGNMENT(._bbram_driver_api.static.*)))
                0x00000000080070fc                _bbram_driver_api_list_end = .

bt_hci_driver_api_area
                0x00000000080070fc        0x0
                0x00000000080070fc                _bt_hci_driver_api_list_start = .
 *(SORT_BY_NAME(SORT_BY_ALIGNMENT(._bt_hci_driver_api.static.*)))
                0x00000000080070fc                _bt_hci_driver_api_list_end = .

can_driver_api_area
                0x00000000080070fc        0x0
                0x00000000080070fc                _can_driver_api_list_start = .
 *(SORT_BY_NAME(SORT_BY_ALIGNMENT(._can_driver_api.static.*)))
                0x00000000080070fc                _can_driver_api_list_end = .

cellular_driver_api_area
                0x00000000080070fc        0x0
                0x00000000080070fc                _cellular_driver_api_list_start = .
 *(SORT_BY_NAME(SORT_BY_ALIGNMENT(._cellular_driver_api.static.*)))
                0x00000000080070fc                _cellular_driver_api_list_end = .

charger_driver_api_area
                0x00000000080070fc        0x0
                0x00000000080070fc                _charger_driver_api_list_start = .
 *(SORT_BY_NAME(SORT_BY_ALIGNMENT(._charger_driver_api.static.*)))
                0x00000000080070fc                _charger_driver_api_list_end = .

clock_control_driver_api_area
                0x00000000080070fc       0x1c
                0x00000000080070fc                _clock_control_driver_api_list_start = .
 *(SORT_BY_NAME(SORT_BY_ALIGNMENT(._clock_control_driver_api.static.*)))
 ._clock_control_driver_api.static.stm32_clock_control_api_
                0x00000000080070fc       0x1c zephyr/drivers/clock_control/libdrivers__clock_control.a(clock_stm32_ll_h7.c.obj)
                0x0000000008007118                _clock_control_driver_api_list_end = .

comparator_driver_api_area
                0x0000000008007118        0x0
                0x0000000008007118                _comparator_driver_api_list_start = .
 *(SORT_BY_NAME(SORT_BY_ALIGNMENT(._comparator_driver_api.static.*)))
                0x0000000008007118                _comparator_driver_api_list_end = .

coredump_driver_api_area
                0x0000000008007118        0x0
                0x0000000008007118                _coredump_driver_api_list_start = .
 *(SORT_BY_NAME(SORT_BY_ALIGNMENT(._coredump_driver_api.static.*)))
                0x0000000008007118                _coredump_driver_api_list_end = .

counter_driver_api_area
                0x0000000008007118        0x0
                0x0000000008007118                _counter_driver_api_list_start = .
 *(SORT_BY_NAME(SORT_BY_ALIGNMENT(._counter_driver_api.static.*)))
                0x0000000008007118                _counter_driver_api_list_end = .

dac_driver_api_area
                0x0000000008007118        0x0
                0x0000000008007118                _dac_driver_api_list_start = .
 *(SORT_BY_NAME(SORT_BY_ALIGNMENT(._dac_driver_api.static.*)))
                0x0000000008007118                _dac_driver_api_list_end = .

dai_driver_api_area
                0x0000000008007118        0x0
                0x0000000008007118                _dai_driver_api_list_start = .
 *(SORT_BY_NAME(SORT_BY_ALIGNMENT(._dai_driver_api.static.*)))
                0x0000000008007118                _dai_driver_api_list_end = .

display_driver_api_area
                0x0000000008007118        0x0
                0x0000000008007118                _display_driver_api_list_start = .
 *(SORT_BY_NAME(SORT_BY_ALIGNMENT(._display_driver_api.static.*)))
                0x0000000008007118                _display_driver_api_list_end = .

dma_driver_api_area
                0x0000000008007118        0x0
                0x0000000008007118                _dma_driver_api_list_start = .
 *(SORT_BY_NAME(SORT_BY_ALIGNMENT(._dma_driver_api.static.*)))
                0x0000000008007118                _dma_driver_api_list_end = .

edac_driver_api_area
                0x0000000008007118        0x0
                0x0000000008007118                _edac_driver_api_list_start = .
 *(SORT_BY_NAME(SORT_BY_ALIGNMENT(._edac_driver_api.static.*)))
                0x0000000008007118                _edac_driver_api_list_end = .

eeprom_driver_api_area
                0x0000000008007118        0x0
                0x0000000008007118                _eeprom_driver_api_list_start = .
 *(SORT_BY_NAME(SORT_BY_ALIGNMENT(._eeprom_driver_api.static.*)))
                0x0000000008007118                _eeprom_driver_api_list_end = .

emul_bbram_driver_api_area
                0x0000000008007118        0x0
                0x0000000008007118                _emul_bbram_driver_api_list_start = .
 *(SORT_BY_NAME(SORT_BY_ALIGNMENT(._emul_bbram_driver_api.static.*)))
                0x0000000008007118                _emul_bbram_driver_api_list_end = .

fuel_gauge_emul_driver_api_area
                0x0000000008007118        0x0
                0x0000000008007118                _fuel_gauge_emul_driver_api_list_start = .
 *(SORT_BY_NAME(SORT_BY_ALIGNMENT(._fuel_gauge_emul_driver_api.static.*)))
                0x0000000008007118                _fuel_gauge_emul_driver_api_list_end = .

emul_sensor_driver_api_area
                0x0000000008007118        0x0
                0x0000000008007118                _emul_sensor_driver_api_list_start = .
 *(SORT_BY_NAME(SORT_BY_ALIGNMENT(._emul_sensor_driver_api.static.*)))
                0x0000000008007118                _emul_sensor_driver_api_list_end = .

entropy_driver_api_area
                0x0000000008007118        0x0
                0x0000000008007118                _entropy_driver_api_list_start = .
 *(SORT_BY_NAME(SORT_BY_ALIGNMENT(._entropy_driver_api.static.*)))
                0x0000000008007118                _entropy_driver_api_list_end = .

espi_driver_api_area
                0x0000000008007118        0x0
                0x0000000008007118                _espi_driver_api_list_start = .
 *(SORT_BY_NAME(SORT_BY_ALIGNMENT(._espi_driver_api.static.*)))
                0x0000000008007118                _espi_driver_api_list_end = .

espi_saf_driver_api_area
                0x0000000008007118        0x0
                0x0000000008007118                _espi_saf_driver_api_list_start = .
 *(SORT_BY_NAME(SORT_BY_ALIGNMENT(._espi_saf_driver_api.static.*)))
                0x0000000008007118                _espi_saf_driver_api_list_end = .

flash_driver_api_area
                0x0000000008007118        0x0
                0x0000000008007118                _flash_driver_api_list_start = .
 *(SORT_BY_NAME(SORT_BY_ALIGNMENT(._flash_driver_api.static.*)))
                0x0000000008007118                _flash_driver_api_list_end = .

fpga_driver_api_area
                0x0000000008007118        0x0
                0x0000000008007118                _fpga_driver_api_list_start = .
 *(SORT_BY_NAME(SORT_BY_ALIGNMENT(._fpga_driver_api.static.*)))
                0x0000000008007118                _fpga_driver_api_list_end = .

fuel_gauge_driver_api_area
                0x0000000008007118        0x0
                0x0000000008007118                _fuel_gauge_driver_api_list_start = .
 *(SORT_BY_NAME(SORT_BY_ALIGNMENT(._fuel_gauge_driver_api.static.*)))
                0x0000000008007118                _fuel_gauge_driver_api_list_end = .

gnss_driver_api_area
                0x0000000008007118        0x0
                0x0000000008007118                _gnss_driver_api_list_start = .
 *(SORT_BY_NAME(SORT_BY_ALIGNMENT(._gnss_driver_api.static.*)))
                0x0000000008007118                _gnss_driver_api_list_end = .

haptics_driver_api_area
                0x0000000008007118        0x0
                0x0000000008007118                _haptics_driver_api_list_start = .
 *(SORT_BY_NAME(SORT_BY_ALIGNMENT(._haptics_driver_api.static.*)))
                0x0000000008007118                _haptics_driver_api_list_end = .

hwspinlock_driver_api_area
                0x0000000008007118        0x0
                0x0000000008007118                _hwspinlock_driver_api_list_start = .
 *(SORT_BY_NAME(SORT_BY_ALIGNMENT(._hwspinlock_driver_api.static.*)))
                0x0000000008007118                _hwspinlock_driver_api_list_end = .

i2c_driver_api_area
                0x0000000008007118        0x0
                0x0000000008007118                _i2c_driver_api_list_start = .
 *(SORT_BY_NAME(SORT_BY_ALIGNMENT(._i2c_driver_api.static.*)))
                0x0000000008007118                _i2c_driver_api_list_end = .

i2c_target_driver_api_area
                0x0000000008007118        0x0
                0x0000000008007118                _i2c_target_driver_api_list_start = .
 *(SORT_BY_NAME(SORT_BY_ALIGNMENT(._i2c_target_driver_api.static.*)))
                0x0000000008007118                _i2c_target_driver_api_list_end = .

i2s_driver_api_area
                0x0000000008007118        0x0
                0x0000000008007118                _i2s_driver_api_list_start = .
 *(SORT_BY_NAME(SORT_BY_ALIGNMENT(._i2s_driver_api.static.*)))
                0x0000000008007118                _i2s_driver_api_list_end = .

i3c_driver_api_area
                0x0000000008007118        0x0
                0x0000000008007118                _i3c_driver_api_list_start = .
 *(SORT_BY_NAME(SORT_BY_ALIGNMENT(._i3c_driver_api.static.*)))
                0x0000000008007118                _i3c_driver_api_list_end = .

ipm_driver_api_area
                0x0000000008007118        0x0
                0x0000000008007118                _ipm_driver_api_list_start = .
 *(SORT_BY_NAME(SORT_BY_ALIGNMENT(._ipm_driver_api.static.*)))
                0x0000000008007118                _ipm_driver_api_list_end = .

led_driver_api_area
                0x0000000008007118        0x0
                0x0000000008007118                _led_driver_api_list_start = .
 *(SORT_BY_NAME(SORT_BY_ALIGNMENT(._led_driver_api.static.*)))
                0x0000000008007118                _led_driver_api_list_end = .

led_strip_driver_api_area
                0x0000000008007118        0x0
                0x0000000008007118                _led_strip_driver_api_list_start = .
 *(SORT_BY_NAME(SORT_BY_ALIGNMENT(._led_strip_driver_api.static.*)))
                0x0000000008007118                _led_strip_driver_api_list_end = .

lora_driver_api_area
                0x0000000008007118        0x0
                0x0000000008007118                _lora_driver_api_list_start = .
 *(SORT_BY_NAME(SORT_BY_ALIGNMENT(._lora_driver_api.static.*)))
                0x0000000008007118                _lora_driver_api_list_end = .

mbox_driver_api_area
                0x0000000008007118        0x0
                0x0000000008007118                _mbox_driver_api_list_start = .
 *(SORT_BY_NAME(SORT_BY_ALIGNMENT(._mbox_driver_api.static.*)))
                0x0000000008007118                _mbox_driver_api_list_end = .

mdio_driver_api_area
                0x0000000008007118        0x0
                0x0000000008007118                _mdio_driver_api_list_start = .
 *(SORT_BY_NAME(SORT_BY_ALIGNMENT(._mdio_driver_api.static.*)))
                0x0000000008007118                _mdio_driver_api_list_end = .

mipi_dbi_driver_api_area
                0x0000000008007118        0x0
                0x0000000008007118                _mipi_dbi_driver_api_list_start = .
 *(SORT_BY_NAME(SORT_BY_ALIGNMENT(._mipi_dbi_driver_api.static.*)))
                0x0000000008007118                _mipi_dbi_driver_api_list_end = .

mipi_dsi_driver_api_area
                0x0000000008007118        0x0
                0x0000000008007118                _mipi_dsi_driver_api_list_start = .
 *(SORT_BY_NAME(SORT_BY_ALIGNMENT(._mipi_dsi_driver_api.static.*)))
                0x0000000008007118                _mipi_dsi_driver_api_list_end = .

mspi_driver_api_area
                0x0000000008007118        0x0
                0x0000000008007118                _mspi_driver_api_list_start = .
 *(SORT_BY_NAME(SORT_BY_ALIGNMENT(._mspi_driver_api.static.*)))
                0x0000000008007118                _mspi_driver_api_list_end = .

peci_driver_api_area
                0x0000000008007118        0x0
                0x0000000008007118                _peci_driver_api_list_start = .
 *(SORT_BY_NAME(SORT_BY_ALIGNMENT(._peci_driver_api.static.*)))
                0x0000000008007118                _peci_driver_api_list_end = .

ps2_driver_api_area
                0x0000000008007118        0x0
                0x0000000008007118                _ps2_driver_api_list_start = .
 *(SORT_BY_NAME(SORT_BY_ALIGNMENT(._ps2_driver_api.static.*)))
                0x0000000008007118                _ps2_driver_api_list_end = .

ptp_clock_driver_api_area
                0x0000000008007118        0x0
                0x0000000008007118                _ptp_clock_driver_api_list_start = .
 *(SORT_BY_NAME(SORT_BY_ALIGNMENT(._ptp_clock_driver_api.static.*)))
                0x0000000008007118                _ptp_clock_driver_api_list_end = .

pwm_driver_api_area
                0x0000000008007118        0x0
                0x0000000008007118                _pwm_driver_api_list_start = .
 *(SORT_BY_NAME(SORT_BY_ALIGNMENT(._pwm_driver_api.static.*)))
                0x0000000008007118                _pwm_driver_api_list_end = .

regulator_parent_driver_api_area
                0x0000000008007118        0x0
                0x0000000008007118                _regulator_parent_driver_api_list_start = .
 *(SORT_BY_NAME(SORT_BY_ALIGNMENT(._regulator_parent_driver_api.static.*)))
                0x0000000008007118                _regulator_parent_driver_api_list_end = .

regulator_driver_api_area
                0x0000000008007118        0x0
                0x0000000008007118                _regulator_driver_api_list_start = .
 *(SORT_BY_NAME(SORT_BY_ALIGNMENT(._regulator_driver_api.static.*)))
                0x0000000008007118                _regulator_driver_api_list_end = .

retained_mem_driver_api_area
                0x0000000008007118        0x0
                0x0000000008007118                _retained_mem_driver_api_list_start = .
 *(SORT_BY_NAME(SORT_BY_ALIGNMENT(._retained_mem_driver_api.static.*)))
                0x0000000008007118                _retained_mem_driver_api_list_end = .

rtc_driver_api_area
                0x0000000008007118        0x0
                0x0000000008007118                _rtc_driver_api_list_start = .
 *(SORT_BY_NAME(SORT_BY_ALIGNMENT(._rtc_driver_api.static.*)))
                0x0000000008007118                _rtc_driver_api_list_end = .

sdhc_driver_api_area
                0x0000000008007118        0x0
                0x0000000008007118                _sdhc_driver_api_list_start = .
 *(SORT_BY_NAME(SORT_BY_ALIGNMENT(._sdhc_driver_api.static.*)))
                0x0000000008007118                _sdhc_driver_api_list_end = .

sensor_driver_api_area
                0x0000000008007118        0x0
                0x0000000008007118                _sensor_driver_api_list_start = .
 *(SORT_BY_NAME(SORT_BY_ALIGNMENT(._sensor_driver_api.static.*)))
                0x0000000008007118                _sensor_driver_api_list_end = .

smbus_driver_api_area
                0x0000000008007118        0x0
                0x0000000008007118                _smbus_driver_api_list_start = .
 *(SORT_BY_NAME(SORT_BY_ALIGNMENT(._smbus_driver_api.static.*)))
                0x0000000008007118                _smbus_driver_api_list_end = .

spi_driver_api_area
                0x0000000008007118        0x0
                0x0000000008007118                _spi_driver_api_list_start = .
 *(SORT_BY_NAME(SORT_BY_ALIGNMENT(._spi_driver_api.static.*)))
                0x0000000008007118                _spi_driver_api_list_end = .

stepper_driver_api_area
                0x0000000008007118        0x0
                0x0000000008007118                _stepper_driver_api_list_start = .
 *(SORT_BY_NAME(SORT_BY_ALIGNMENT(._stepper_driver_api.static.*)))
                0x0000000008007118                _stepper_driver_api_list_end = .

syscon_driver_api_area
                0x0000000008007118        0x0
                0x0000000008007118                _syscon_driver_api_list_start = .
 *(SORT_BY_NAME(SORT_BY_ALIGNMENT(._syscon_driver_api.static.*)))
                0x0000000008007118                _syscon_driver_api_list_end = .

tee_driver_api_area
                0x0000000008007118        0x0
                0x0000000008007118                _tee_driver_api_list_start = .
 *(SORT_BY_NAME(SORT_BY_ALIGNMENT(._tee_driver_api.static.*)))
                0x0000000008007118                _tee_driver_api_list_end = .

video_driver_api_area
                0x0000000008007118        0x0
                0x0000000008007118                _video_driver_api_list_start = .
 *(SORT_BY_NAME(SORT_BY_ALIGNMENT(._video_driver_api.static.*)))
                0x0000000008007118                _video_driver_api_list_end = .

virtio_driver_api_area
                0x0000000008007118        0x0
                0x0000000008007118                _virtio_driver_api_list_start = .
 *(SORT_BY_NAME(SORT_BY_ALIGNMENT(._virtio_driver_api.static.*)))
                0x0000000008007118                _virtio_driver_api_list_end = .

w1_driver_api_area
                0x0000000008007118        0x0
                0x0000000008007118                _w1_driver_api_list_start = .
 *(SORT_BY_NAME(SORT_BY_ALIGNMENT(._w1_driver_api.static.*)))
                0x0000000008007118                _w1_driver_api_list_end = .

wdt_driver_api_area
                0x0000000008007118        0x0
                0x0000000008007118                _wdt_driver_api_list_start = .
 *(SORT_BY_NAME(SORT_BY_ALIGNMENT(._wdt_driver_api.static.*)))
                0x0000000008007118                _wdt_driver_api_list_end = .

can_transceiver_driver_api_area
                0x0000000008007118        0x0
                0x0000000008007118                _can_transceiver_driver_api_list_start = .
 *(SORT_BY_NAME(SORT_BY_ALIGNMENT(._can_transceiver_driver_api.static.*)))
                0x0000000008007118                _can_transceiver_driver_api_list_end = .

nrf_clock_control_driver_api_area
                0x0000000008007118        0x0
                0x0000000008007118                _nrf_clock_control_driver_api_list_start = .
 *(SORT_BY_NAME(SORT_BY_ALIGNMENT(._nrf_clock_control_driver_api.static.*)))
                0x0000000008007118                _nrf_clock_control_driver_api_list_end = .

i3c_target_driver_api_area
                0x0000000008007118        0x0
                0x0000000008007118                _i3c_target_driver_api_list_start = .
 *(SORT_BY_NAME(SORT_BY_ALIGNMENT(._i3c_target_driver_api.static.*)))
                0x0000000008007118                _i3c_target_driver_api_list_end = .

its_driver_api_area
                0x0000000008007118        0x0
                0x0000000008007118                _its_driver_api_list_start = .
 *(SORT_BY_NAME(SORT_BY_ALIGNMENT(._its_driver_api.static.*)))
                0x0000000008007118                _its_driver_api_list_end = .

vtd_driver_api_area
                0x0000000008007118        0x0
                0x0000000008007118                _vtd_driver_api_list_start = .
 *(SORT_BY_NAME(SORT_BY_ALIGNMENT(._vtd_driver_api.static.*)))
                0x0000000008007118                _vtd_driver_api_list_end = .

renesas_elc_driver_api_area
                0x0000000008007118        0x0
                0x0000000008007118                _renesas_elc_driver_api_list_start = .
 *(SORT_BY_NAME(SORT_BY_ALIGNMENT(._renesas_elc_driver_api.static.*)))
                0x0000000008007118                _renesas_elc_driver_api_list_end = .

tgpio_driver_api_area
                0x0000000008007118        0x0
                0x0000000008007118                _tgpio_driver_api_list_start = .
 *(SORT_BY_NAME(SORT_BY_ALIGNMENT(._tgpio_driver_api.static.*)))
                0x0000000008007118                _tgpio_driver_api_list_end = .

pcie_ctrl_driver_api_area
                0x0000000008007118        0x0
                0x0000000008007118                _pcie_ctrl_driver_api_list_start = .
 *(SORT_BY_NAME(SORT_BY_ALIGNMENT(._pcie_ctrl_driver_api.static.*)))
                0x0000000008007118                _pcie_ctrl_driver_api_list_end = .

pcie_ep_driver_api_area
                0x0000000008007118        0x0
                0x0000000008007118                _pcie_ep_driver_api_list_start = .
 *(SORT_BY_NAME(SORT_BY_ALIGNMENT(._pcie_ep_driver_api.static.*)))
                0x0000000008007118                _pcie_ep_driver_api_list_end = .

psi5_driver_api_area
                0x0000000008007118        0x0
                0x0000000008007118                _psi5_driver_api_list_start = .
 *(SORT_BY_NAME(SORT_BY_ALIGNMENT(._psi5_driver_api.static.*)))
                0x0000000008007118                _psi5_driver_api_list_end = .

sent_driver_api_area
                0x0000000008007118        0x0
                0x0000000008007118                _sent_driver_api_list_start = .
 *(SORT_BY_NAME(SORT_BY_ALIGNMENT(._sent_driver_api.static.*)))
                0x0000000008007118                _sent_driver_api_list_end = .

svc_driver_api_area
                0x0000000008007118        0x0
                0x0000000008007118                _svc_driver_api_list_start = .
 *(SORT_BY_NAME(SORT_BY_ALIGNMENT(._svc_driver_api.static.*)))
                0x0000000008007118                _svc_driver_api_list_end = .

uart_driver_api_area
                0x0000000008007118       0x14
                0x0000000008007118                _uart_driver_api_list_start = .
 *(SORT_BY_NAME(SORT_BY_ALIGNMENT(._uart_driver_api.static.*)))
 ._uart_driver_api.static.uart_stm32_driver_api_
                0x0000000008007118       0x14 zephyr/drivers/serial/libdrivers__serial.a(uart_stm32.c.obj)
                0x000000000800712c                _uart_driver_api_list_end = .

bc12_emul_driver_api_area
                0x000000000800712c        0x0
                0x000000000800712c                _bc12_emul_driver_api_list_start = .
 *(SORT_BY_NAME(SORT_BY_ALIGNMENT(._bc12_emul_driver_api.static.*)))
                0x000000000800712c                _bc12_emul_driver_api_list_end = .

bc12_driver_api_area
                0x000000000800712c        0x0
                0x000000000800712c                _bc12_driver_api_list_start = .
 *(SORT_BY_NAME(SORT_BY_ALIGNMENT(._bc12_driver_api.static.*)))
                0x000000000800712c                _bc12_driver_api_list_end = .

usbc_ppc_driver_api_area
                0x000000000800712c        0x0
                0x000000000800712c                _usbc_ppc_driver_api_list_start = .
 *(SORT_BY_NAME(SORT_BY_ALIGNMENT(._usbc_ppc_driver_api.static.*)))
                0x000000000800712c                _usbc_ppc_driver_api_list_end = .

tcpc_driver_api_area
                0x000000000800712c        0x0
                0x000000000800712c                _tcpc_driver_api_list_start = .
 *(SORT_BY_NAME(SORT_BY_ALIGNMENT(._tcpc_driver_api.static.*)))
                0x000000000800712c                _tcpc_driver_api_list_end = .

usbc_vbus_driver_api_area
                0x000000000800712c        0x0
                0x000000000800712c                _usbc_vbus_driver_api_list_start = .
 *(SORT_BY_NAME(SORT_BY_ALIGNMENT(._usbc_vbus_driver_api.static.*)))
                0x000000000800712c                _usbc_vbus_driver_api_list_end = .

ivshmem_driver_api_area
                0x000000000800712c        0x0
                0x000000000800712c                _ivshmem_driver_api_list_start = .
 *(SORT_BY_NAME(SORT_BY_ALIGNMENT(._ivshmem_driver_api.static.*)))
                0x000000000800712c                _ivshmem_driver_api_list_end = .

ethphy_driver_api_area
                0x000000000800712c        0x0
                0x000000000800712c                _ethphy_driver_api_list_start = .
 *(SORT_BY_NAME(SORT_BY_ALIGNMENT(._ethphy_driver_api.static.*)))
                0x000000000800712c                _ethphy_driver_api_list_end = .

ztest           0x000000000800712c       0x4c
                0x000000000800712c                _ztest_expected_result_entry_list_start = .
 *(SORT_BY_NAME(SORT_BY_ALIGNMENT(._ztest_expected_result_entry.static.*)))
                0x000000000800712c                _ztest_expected_result_entry_list_end = .
                0x000000000800712c                _ztest_suite_node_list_start = .
 *(SORT_BY_NAME(SORT_BY_ALIGNMENT(._ztest_suite_node.static.*)))
 ._ztest_suite_node.static.z_ztest_test_node_anomaly_suite_
                0x000000000800712c       0x1c app/libapp.a(main.c.obj)
                0x0000000008007148                _ztest_suite_node_list_end = .
                0x0000000008007148                _ztest_unit_test_list_start = .
 *(SORT_BY_NAME(SORT_BY_ALIGNMENT(._ztest_unit_test.static.*)))
 ._ztest_unit_test.static.z_ztest_unit_test__anomaly_suite__test_attack_data_
                0x0000000008007148       0x14 app/libapp.a(main.c.obj)
 ._ztest_unit_test.static.z_ztest_unit_test__anomaly_suite__test_normal_data_
                0x000000000800715c       0x14 app/libapp.a(main.c.obj)
                0x0000000008007170                _ztest_unit_test_list_end = .
                0x0000000008007170                _ztest_test_rule_list_start = .
 *(SORT_BY_NAME(SORT_BY_ALIGNMENT(._ztest_test_rule.static.*)))
 ._ztest_test_rule.static.z_ztest_test_rule_clock_offset_reset_rule_
                0x0000000008007170        0x8 zephyr/libzephyr.a(clock.c.obj)
                0x0000000008007178                _ztest_test_rule_list_end = .

init_array      0x0000000008007178        0x0
                0x0000000008007178                __zephyr_init_array_start = .
 *(SORT_BY_INIT_PRIORITY(.init_array.*) SORT_BY_INIT_PRIORITY(.ctors.*))
 *(SORT_BY_ALIGNMENT(.init_array) SORT_BY_ALIGNMENT(.ctors))
                0x0000000008007178                __zephyr_init_array_end = .
                0x0000000000000001                ASSERT ((__zephyr_init_array_start == __zephyr_init_array_end), GNU-style constructors required but STATIC_INIT_GNU not enabled)

bt_l2cap_fixed_chan_area
                0x0000000008007178        0x0
                0x0000000008007178                _bt_l2cap_fixed_chan_list_start = .
 *(SORT_BY_NAME(SORT_BY_ALIGNMENT(._bt_l2cap_fixed_chan.static.*)))
                0x0000000008007178                _bt_l2cap_fixed_chan_list_end = .

bt_gatt_service_static_area
                0x0000000008007178        0x0
                0x0000000008007178                _bt_gatt_service_static_list_start = .
 *(SORT_BY_NAME(SORT_BY_ALIGNMENT(._bt_gatt_service_static.static.*)))
                0x0000000008007178                _bt_gatt_service_static_list_end = .

log_strings_area
                0x0000000008007178        0x0
                0x0000000008007178                _log_strings_list_start = .
 *(SORT_BY_NAME(SORT_BY_ALIGNMENT(._log_strings.static.*)))
                0x0000000008007178                _log_strings_list_end = .

log_stmesp_ptr_area
                0x0000000008007178        0x0
                0x0000000008007178                _log_stmesp_ptr_list_start = .
 *(SORT_BY_NAME(SORT_BY_ALIGNMENT(._log_stmesp_ptr.static.*)))
                0x0000000008007178                _log_stmesp_ptr_list_end = .

log_stmesp_str_area
                0x0000000008007178        0x0
                0x0000000008007178                _log_stmesp_str_list_start = .
 *(SORT_BY_NAME(SORT_BY_ALIGNMENT(._log_stmesp_str.static.*)))
                0x0000000008007178                _log_stmesp_str_list_end = .

log_const_area  0x0000000008007178       0x38
                0x0000000008007178                _log_const_list_start = .
 *(SORT_BY_NAME(SORT_BY_ALIGNMENT(._log_const.static.*)))
 ._log_const.static.log_const_cbprintf_package_
                0x0000000008007178        0x8 zephyr/libzephyr.a(cbprintf_packaged.c.obj)
                0x0000000008007178                log_const_cbprintf_package
 ._log_const.static.log_const_exti_stm32_
                0x0000000008007180        0x8 zephyr/drivers/interrupt_controller/libdrivers__interrupt_controller.a(intc_exti_stm32.c.obj)
                0x0000000008007180                log_const_exti_stm32
 ._log_const.static.log_const_mpu_
                0x0000000008007188        0x8 zephyr/arch/arch/arm/core/mpu/libarch__arm__core__mpu.a(arm_core_mpu.c.obj)
                0x0000000008007188                log_const_mpu
 ._log_const.static.log_const_os_
                0x0000000008007190        0x8 zephyr/kernel/libkernel.a(init.c.obj)
                0x0000000008007190                log_const_os
 ._log_const.static.log_const_stm32_
                0x0000000008007198        0x8 zephyr/drivers/gpio/libdrivers__gpio.a(gpio_stm32.c.obj)
                0x0000000008007198                log_const_stm32
 ._log_const.static.log_const_stm32_backup_domain_
                0x00000000080071a0        0x8 zephyr/libzephyr.a(stm32_backup_domain.c.obj)
                0x00000000080071a0                log_const_stm32_backup_domain
 ._log_const.static.log_const_uart_stm32_
                0x00000000080071a8        0x8 zephyr/drivers/serial/libdrivers__serial.a(uart_stm32.c.obj)
                0x00000000080071a8                log_const_uart_stm32
                0x00000000080071b0                _log_const_list_end = .

log_backend_area
                0x00000000080071b0        0x0
                0x00000000080071b0                _log_backend_list_start = .
 *(SORT_BY_NAME(SORT_BY_ALIGNMENT(._log_backend.static.*)))
                0x00000000080071b0                _log_backend_list_end = .

log_link_area   0x00000000080071b0        0x0
                0x00000000080071b0                _log_link_list_start = .
 *(SORT_BY_NAME(SORT_BY_ALIGNMENT(._log_link.static.*)))
                0x00000000080071b0                _log_link_list_end = .

tracing_backend_area
                0x00000000080071b0        0x0
                0x00000000080071b0                _tracing_backend_list_start = .
 *(SORT_BY_NAME(SORT_BY_ALIGNMENT(._tracing_backend.static.*)))
                0x00000000080071b0                _tracing_backend_list_end = .

zephyr_dbg_info
 *(SORT_BY_ALIGNMENT(.dbg_thread_info))

intc_table_area
                0x00000000080071b0        0x0
                0x00000000080071b0                _intc_table_list_start = .
 *(SORT_BY_NAME(SORT_BY_ALIGNMENT(._intc_table.static.*)))
                0x00000000080071b0                _intc_table_list_end = .

symbol_to_keep  0x00000000080071b0        0x0
                0x00000000080071b0                __symbol_to_keep_start = .
 *(SORT_BY_NAME(SORT_BY_ALIGNMENT(.symbol_to_keep*)))
                0x00000000080071b0                __symbol_to_keep_end = .

shell_area      0x00000000080071b0        0x0
                0x00000000080071b0                _shell_list_start = .
 *(SORT_BY_NAME(SORT_BY_ALIGNMENT(._shell.static.*)))
                0x00000000080071b0                _shell_list_end = .

shell_root_cmds_area
                0x00000000080071b0        0x0
                0x00000000080071b0                _shell_root_cmds_list_start = .
 *(SORT_BY_NAME(SORT_BY_ALIGNMENT(._shell_root_cmds.static.*)))
                0x00000000080071b0                _shell_root_cmds_list_end = .

shell_subcmds_area
                0x00000000080071b0        0x0
                0x00000000080071b0                _shell_subcmds_list_start = .
 *(SORT_BY_NAME(SORT_BY_ALIGNMENT(._shell_subcmds.static.*)))
                0x00000000080071b0                _shell_subcmds_list_end = .

shell_dynamic_subcmds_area
                0x00000000080071b0        0x0
                0x00000000080071b0                _shell_dynamic_subcmds_list_start = .
 *(SORT_BY_NAME(SORT_BY_ALIGNMENT(._shell_dynamic_subcmds.static.*)))
                0x00000000080071b0                _shell_dynamic_subcmds_list_end = .

cfb_font_area   0x00000000080071b0        0x0
                0x00000000080071b0                _cfb_font_list_start = .
 *(SORT_BY_NAME(SORT_BY_ALIGNMENT(._cfb_font.static.*)))
                0x00000000080071b0                _cfb_font_list_end = .

rodata          0x00000000080071b0     0x2194
 *(SORT_BY_ALIGNMENT(.rodata))
 .rodata        0x00000000080071b0       0x10 app/libapp.a(main.c.obj)
 *(SORT_BY_ALIGNMENT(.rodata.*))
 .rodata.__exp2f_data
                0x00000000080071c0      0x148 /home/saket-jha/zephyr-work/zephyr-sdk-0.17.2/arm-zephyr-eabi/arm-zephyr-eabi/lib/thumb/v7e-m+dp/hard/libm.a(lib_a-sf_exp2_data.o)
                0x00000000080071c0                __exp2f_data
 .rodata.layer_1_b
                0x0000000008007308       0x20 app/libapp.a(manual_inference.c.obj)
 .rodata.layer_1_w
                0x0000000008007328       0x80 app/libapp.a(manual_inference.c.obj)
 .rodata.layer_0_b
                0x00000000080073a8       0x10 app/libapp.a(manual_inference.c.obj)
 .rodata.layer_0_w
                0x00000000080073b8       0x80 app/libapp.a(manual_inference.c.obj)
 .rodata.mpu_config
                0x0000000008007438        0x8 zephyr/libzephyr.a(mpu_regions.c.obj)
                0x0000000008007438                mpu_config
 .rodata.mpu_regions
                0x0000000008007440       0x3c zephyr/libzephyr.a(mpu_regions.c.obj)
 .rodata.mem_attr_region
                0x000000000800747c       0x10 zephyr/libzephyr.a(mem_attr.c.obj)
 .rodata.static_regions
                0x000000000800748c        0xc zephyr/arch/arch/arm/core/mpu/libarch__arm__core__mpu.a(arm_core_mpu.c.obj)
 .rodata.CSWTCH.38
                0x0000000008007498       0x18 zephyr/subsys/testsuite/ztest/libsubsys__testsuite__ztest.a(ztest.c.obj)
 .rodata.CSWTCH.34
                0x00000000080074b0       0x10 zephyr/subsys/testsuite/ztest/libsubsys__testsuite__ztest.a(ztest.c.obj)
 .rodata.ztest_api
                0x00000000080074c0        0xc zephyr/subsys/testsuite/ztest/libsubsys__testsuite__ztest.a(ztest_defaults.c.obj)
                0x00000000080074c0                ztest_api
 .rodata.gpio_stm32_cfg_k
                0x00000000080074cc       0x14 zephyr/drivers/gpio/libdrivers__gpio.a(gpio_stm32.c.obj)
 .rodata.gpio_stm32_cfg_j
                0x00000000080074e0       0x14 zephyr/drivers/gpio/libdrivers__gpio.a(gpio_stm32.c.obj)
 .rodata.gpio_stm32_cfg_i
                0x00000000080074f4       0x14 zephyr/drivers/gpio/libdrivers__gpio.a(gpio_stm32.c.obj)
 .rodata.gpio_stm32_cfg_h
                0x0000000008007508       0x14 zephyr/drivers/gpio/libdrivers__gpio.a(gpio_stm32.c.obj)
 .rodata.gpio_stm32_cfg_g
                0x000000000800751c       0x14 zephyr/drivers/gpio/libdrivers__gpio.a(gpio_stm32.c.obj)
 .rodata.gpio_stm32_cfg_f
                0x0000000008007530       0x14 zephyr/drivers/gpio/libdrivers__gpio.a(gpio_stm32.c.obj)
 .rodata.gpio_stm32_cfg_e
                0x0000000008007544       0x14 zephyr/drivers/gpio/libdrivers__gpio.a(gpio_stm32.c.obj)
 .rodata.gpio_stm32_cfg_d
                0x0000000008007558       0x14 zephyr/drivers/gpio/libdrivers__gpio.a(gpio_stm32.c.obj)
 .rodata.gpio_stm32_cfg_c
                0x000000000800756c       0x14 zephyr/drivers/gpio/libdrivers__gpio.a(gpio_stm32.c.obj)
 .rodata.gpio_stm32_cfg_b
                0x0000000008007580       0x14 zephyr/drivers/gpio/libdrivers__gpio.a(gpio_stm32.c.obj)
 .rodata.gpio_stm32_cfg_a
                0x0000000008007594       0x14 zephyr/drivers/gpio/libdrivers__gpio.a(gpio_stm32.c.obj)
 .rodata.gpio_ports
                0x00000000080075a8       0x44 zephyr/drivers/pinctrl/libdrivers__pinctrl.a(pinctrl_stm32.c.obj)
 .rodata.reset_stm32_config
                0x00000000080075ec        0x4 zephyr/drivers/reset/libdrivers__reset.a(reset_stm32.c.obj)
 .rodata.uart_stm32_cfg_2
                0x00000000080075f0       0x24 zephyr/drivers/serial/libdrivers__serial.a(uart_stm32.c.obj)
 .rodata.pclken_2
                0x0000000008007614        0x8 zephyr/drivers/serial/libdrivers__serial.a(uart_stm32.c.obj)
 .rodata.__pinctrl_dev_config__device_dts_ord_102
                0x000000000800761c        0x8 zephyr/drivers/serial/libdrivers__serial.a(uart_stm32.c.obj)
 .rodata.__pinctrl_states__device_dts_ord_102
                0x0000000008007624        0x8 zephyr/drivers/serial/libdrivers__serial.a(uart_stm32.c.obj)
 .rodata.__pinctrl_state_pins_0__device_dts_ord_102
                0x000000000800762c       0x10 zephyr/drivers/serial/libdrivers__serial.a(uart_stm32.c.obj)
 .rodata.uart_stm32_cfg_1
                0x000000000800763c       0x24 zephyr/drivers/serial/libdrivers__serial.a(uart_stm32.c.obj)
 .rodata.pclken_1
                0x0000000008007660        0x8 zephyr/drivers/serial/libdrivers__serial.a(uart_stm32.c.obj)
 .rodata.__pinctrl_dev_config__device_dts_ord_91
                0x0000000008007668        0x8 zephyr/drivers/serial/libdrivers__serial.a(uart_stm32.c.obj)
 .rodata.__pinctrl_states__device_dts_ord_91
                0x0000000008007670        0x8 zephyr/drivers/serial/libdrivers__serial.a(uart_stm32.c.obj)
 .rodata.__pinctrl_state_pins_0__device_dts_ord_91
                0x0000000008007678       0x10 zephyr/drivers/serial/libdrivers__serial.a(uart_stm32.c.obj)
 .rodata.uart_stm32_cfg_0
                0x0000000008007688       0x24 zephyr/drivers/serial/libdrivers__serial.a(uart_stm32.c.obj)
 .rodata.pclken_0
                0x00000000080076ac        0x8 zephyr/drivers/serial/libdrivers__serial.a(uart_stm32.c.obj)
 .rodata.__pinctrl_dev_config__device_dts_ord_88
                0x00000000080076b4        0x8 zephyr/drivers/serial/libdrivers__serial.a(uart_stm32.c.obj)
 .rodata.__pinctrl_states__device_dts_ord_88
                0x00000000080076bc        0x8 zephyr/drivers/serial/libdrivers__serial.a(uart_stm32.c.obj)
 .rodata.__pinctrl_state_pins_0__device_dts_ord_88
                0x00000000080076c4       0x10 zephyr/drivers/serial/libdrivers__serial.a(uart_stm32.c.obj)