Archive member included to satisfy reference by file (symbol)

app/libapp.a(main.c.obj)      (--whole-archive)
app/libapp.a(io.c.obj)        (--whole-archive)
app/libapp.a(flash_map_extended.c.obj)
                              (--whole-archive)
app/libapp.a(os.c.obj)        (--whole-archive)
app/libapp.a(keys.c.obj)      (--whole-archive)
app/libapp.a(image_validate.c.obj)
                              (--whole-archive)
app/libapp.a(bootutil_find_key.c.obj)
                              (--whole-archive)
app/libapp.a(bootutil_img_hash.c.obj)
                              (--whole-archive)
app/libapp.a(bootutil_img_security_cnt.c.obj)
                              (--whole-archive)
app/libapp.a(tlv.c.obj)       (--whole-archive)
app/libapp.a(encrypted.c.obj)
                              (--whole-archive)
app/libapp.a(image_rsa.c.obj)
                              (--whole-archive)
app/libapp.a(image_ecdsa.c.obj)
                              (--whole-archive)
app/libapp.a(image_ed25519.c.obj)
                              (--whole-archive)
app/libapp.a(bootutil_misc.c.obj)
                              (--whole-archive)
app/libapp.a(fault_injection_hardening.c.obj)
                              (--whole-archive)
app/libapp.a(loader.c.obj)    (--whole-archive)
app/libapp.a(swap_misc.c.obj)
                              (--whole-archive)
app/libapp.a(caps.c.obj)      (--whole-archive)
app/libapp.a(swap_scratch.c.obj)
                              (--whole-archive)
app/libapp.a(autogen-pubkey.c.obj)
                              (--whole-archive)
app/libapp.a(arm_cortex_m.c.obj)
                              (--whole-archive)
zephyr/libzephyr.a(validate_libc.c.obj)
                              (--whole-archive)
zephyr/libzephyr.a(heap.c.obj)
                              (--whole-archive)
zephyr/libzephyr.a(cbprintf_packaged.c.obj)
                              (--whole-archive)
zephyr/libzephyr.a(clock.c.obj)
                              (--whole-archive)
zephyr/libzephyr.a(printk.c.obj)
                              (--whole-archive)
zephyr/libzephyr.a(sem.c.obj)
                              (--whole-archive)
zephyr/libzephyr.a(thread_entry.c.obj)
                              (--whole-archive)
zephyr/libzephyr.a(cbprintf_nano.c.obj)
                              (--whole-archive)
zephyr/libzephyr.a(assert.c.obj)
                              (--whole-archive)
zephyr/libzephyr.a(dec.c.obj)
                              (--whole-archive)
zephyr/libzephyr.a(hex.c.obj)
                              (--whole-archive)
zephyr/libzephyr.a(rb.c.obj)  (--whole-archive)
zephyr/libzephyr.a(timeutil.c.obj)
                              (--whole-archive)
zephyr/libzephyr.a(bitarray.c.obj)
                              (--whole-archive)
zephyr/libzephyr.a(ring_buffer.c.obj)
                              (--whole-archive)
zephyr/libzephyr.a(last_section_id.c.obj)
                              (--whole-archive)
zephyr/libzephyr.a(configs.c.obj)
                              (--whole-archive)
zephyr/libzephyr.a(stm32cube_hal.c.obj)
                              (--whole-archive)
zephyr/libzephyr.a(soc_config.c.obj)
                              (--whole-archive)
zephyr/libzephyr.a(stm32_cache.c.obj)
                              (--whole-archive)
zephyr/libzephyr.a(stm32_backup_domain.c.obj)
                              (--whole-archive)
zephyr/libzephyr.a(soc_m7.c.obj)
                              (--whole-archive)
zephyr/libzephyr.a(mpu_regions.c.obj)
                              (--whole-archive)
zephyr/libzephyr.a(log_minimal.c.obj)
                              (--whole-archive)
zephyr/libzephyr.a(mem_attr.c.obj)
                              (--whole-archive)
zephyr/libzephyr.a(flash_map.c.obj)
                              (--whole-archive)
zephyr/libzephyr.a(flash_map_default.c.obj)
                              (--whole-archive)
zephyr/libzephyr.a(flash_map_layout.c.obj)
                              (--whole-archive)
zephyr/libzephyr.a(tracing_none.c.obj)
                              (--whole-archive)
zephyr/libzephyr.a(flash_util.c.obj)
                              (--whole-archive)
zephyr/libzephyr.a(banner.c.obj)
                              (--whole-archive)
zephyr/arch/common/libarch__common.a(sw_isr_common.c.obj)
                              (--whole-archive)
zephyr/arch/arch/arm/core/libarch__arm__core.a(fatal.c.obj)
                              (--whole-archive)
zephyr/arch/arch/arm/core/libarch__arm__core.a(nmi.c.obj)
                              (--whole-archive)
zephyr/arch/arch/arm/core/libarch__arm__core.a(nmi_on_reset.S.obj)
                              (--whole-archive)
zephyr/arch/arch/arm/core/libarch__arm__core.a(tls.c.obj)
                              (--whole-archive)
zephyr/arch/arch/arm/core/cortex_m/libarch__arm__core__cortex_m.a(exc_exit.c.obj)
                              (--whole-archive)
zephyr/arch/arch/arm/core/cortex_m/libarch__arm__core__cortex_m.a(fault.c.obj)
[...]
Memory Configuration

Name             Origin             Length             Attributes
FLASH            0x0000000008000000 0x0000000000020000 xr
RAM              0x0000000024000000 0x0000000000050000 xw
BACKUP_SRAM      0x0000000038800000 0x0000000000001000 rw
EXTMEM           0x0000000090000000 0x0000000010000000 rw
SRAM1            0x0000000030000000 0x0000000000004000 rw
SRAM2            0x0000000030004000 0x0000000000004000 rw
SRAM4            0x0000000038000000 0x0000000000004000 rw
DTCM             0x0000000020000000 0x0000000000020000 rw
ITCM             0x0000000000000000 0x0000000000010000 rw
IDT_LIST         0x00000000ffff7fff 0x0000000000008000 xw
*default*        0x0000000000000000 0xffffffffffffffff

Linker script and memory map

                0x00000000080045b8                vfprintf = __m_vfprintf
                0x0000000000000000                vfscanf = __m_vfscanf
LOAD zephyr/CMakeFiles/zephyr_pre0.dir/misc/empty_file.c.obj
LOAD zephyr/CMakeFiles/offsets.dir/./arch/arm/core/offsets/offsets.c.obj
LOAD app/libapp.a
LOAD zephyr/libzephyr.a
LOAD zephyr/arch/common/libarch__common.a
LOAD zephyr/arch/arch/arm/core/libarch__arm__core.a
LOAD zephyr/arch/arch/arm/core/cortex_m/libarch__arm__core__cortex_m.a
LOAD zephyr/arch/arch/arm/core/mpu/libarch__arm__core__mpu.a
LOAD zephyr/lib/libc/picolibc/liblib__libc__picolibc.a
LOAD zephyr/lib/libc/common/liblib__libc__common.a
LOAD zephyr/drivers/interrupt_controller/libdrivers__interrupt_controller.a
LOAD zephyr/drivers/clock_control/libdrivers__clock_control.a
LOAD zephyr/drivers/console/libdrivers__console.a
LOAD zephyr/drivers/flash/libdrivers__flash.a
LOAD zephyr/drivers/gpio/libdrivers__gpio.a
LOAD zephyr/drivers/pinctrl/libdrivers__pinctrl.a
LOAD zephyr/drivers/reset/libdrivers__reset.a
LOAD zephyr/drivers/serial/libdrivers__serial.a
LOAD zephyr/drivers/timer/libdrivers__timer.a
LOAD modules/hal_stm32/stm32cube/lib..__modules__hal__stm32__stm32cube.a
LOAD modules/mbedtls/libmbedTLSBase.a
LOAD modules/mbedtls/libmbedTLSCrypto.a
LOAD modules/mbedtls/libmbedTLSX509.a
LOAD modules/mbedtls/libmodules__mbedtls.a
LOAD modules/mcuboot/libmcuboot_util.a
LOAD zephyr/kernel/libkernel.a
LOAD zephyr/arch/common/libisr_tables.a
LOAD modules/mbedtls/libmbedTLSBase.a
LOAD modules/mbedtls/libmbedTLSCrypto.a
LOAD modules/mbedtls/libmbedTLSX509.a
LOAD /home/saket-jha/zephyr-work/zephyr-sdk-0.17.2/arm-zephyr-eabi/bin/../lib/gcc/../../picolibc/arm-zephyr-eabi/lib/thumb/v7e-m/nofp/libc.a
LOAD /home/saket-jha/zephyr-work/zephyr-sdk-0.17.2/arm-zephyr-eabi/bin/../lib/gcc/arm-zephyr-eabi/12.2.0/thumb/v7e-m/nofp/libgcc.a
                0x0000000000000020                _region_min_align = 0x20

.rel.plt        0x0000000008000000        0x0
 *(SORT_BY_ALIGNMENT(.rel.plt))
                [!provide]                        PROVIDE (__rel_iplt_start = .)
 *(SORT_BY_ALIGNMENT(.rel.iplt))
 .rel.iplt      0x0000000008000000        0x0 app/libapp.a(main.c.obj)
                [!provide]                        PROVIDE (__rel_iplt_end = .)

.rela.plt       0x0000000000000000        0x0
 *(SORT_BY_ALIGNMENT(.rela.plt))
                [!provide]                        PROVIDE (__rela_iplt_start = .)
 *(SORT_BY_ALIGNMENT(.rela.iplt))
                [!provide]                        PROVIDE (__rela_iplt_end = .)

.rel.dyn
 *(SORT_BY_ALIGNMENT(.rel.*))

.rela.dyn
 *(SORT_BY_ALIGNMENT(.rela.*))

/DISCARD/
 *(SORT_BY_ALIGNMENT(.plt))

/DISCARD/
 *(SORT_BY_ALIGNMENT(.iplt))
                0x0000000008000000                __rom_region_start = 0x8000000

rom_start       0x0000000008000000      0x2cc
                0x0000000008000000                __rom_start_address = .
 FILL mask 0x00
                0x0000000008000000                . = (. + (0x0 - (. - __rom_start_address)))
                0x0000000008000000                . = ALIGN (0x4)
                0x0000000008000000                . = ALIGN (0x80)
                0x0000000008000000                . = ALIGN (0x400)
                0x0000000008000000                _vector_start = .
 *(SORT_BY_ALIGNMENT(.exc_vector_table))
 *(SORT_BY_ALIGNMENT(.exc_vector_table.*))
 .exc_vector_table._vector_table_section
                0x0000000008000000       0x40 zephyr/arch/arch/arm/core/cortex_m/libarch__arm__core__cortex_m.a(vector_table.S.obj)
                0x0000000008000000                _vector_table
 *(SORT_BY_ALIGNMENT(.vectors))
                0x00000000080002cc                _vector_end = .
                0x0000000008000040                . = ALIGN (0x4)
 *(SORT_BY_ALIGNMENT(.gnu.linkonce.irq_vector_table*))
 .gnu.linkonce.irq_vector_table
                0x0000000008000040      0x28c zephyr/arch/common/libisr_tables.a(isr_tables.c.obj)
                0x0000000008000040                _irq_vector_table
                0x00000000080002cc                _vector_end = .

text            0x00000000080002cc     0x6a78
                0x00000000080002cc                __text_region_start = .
 *(SORT_BY_ALIGNMENT(.text))
 .text          0x00000000080002cc       0x30 /home/saket-jha/zephyr-work/zephyr-sdk-0.17.2/arm-zephyr-eabi/bin/../lib/gcc/arm-zephyr-eabi/12.2.0/thumb/v7e-m/nofp/libgcc.a(_aeabi_uldivmod.o)
                0x00000000080002cc                __aeabi_uldivmod
 .text          0x00000000080002fc        0x4 /home/saket-jha/zephyr-work/zephyr-sdk-0.17.2/arm-zephyr-eabi/bin/../lib/gcc/arm-zephyr-eabi/12.2.0/thumb/v7e-m/nofp/libgcc.a(_dvmd_tls.o)
                0x00000000080002fc                __aeabi_ldiv0
                0x00000000080002fc                __aeabi_idiv0
 .text          0x0000000008000300      0x2a0 /home/saket-jha/zephyr-work/zephyr-sdk-0.17.2/arm-zephyr-eabi/bin/../lib/gcc/arm-zephyr-eabi/12.2.0/thumb/v7e-m/nofp/libgcc.a(_udivmoddi4.o)
                0x0000000008000300                __udivmoddi4
 *(SORT_BY_ALIGNMENT(.text.*))
 .text.main     0x00000000080005a0       0x84 app/libapp.a(main.c.obj)
                0x00000000080005a0                main
 .text.flash_device_base
                0x0000000008000624       0x24 app/libapp.a(flash_map_extended.c.obj)
                0x0000000008000624                flash_device_base
 .text.flash_area_id_from_multi_image_slot
                0x0000000008000648       0x24 app/libapp.a(flash_map_extended.c.obj)
                0x0000000008000648                flash_area_id_from_multi_image_slot
 .text.os_heap_init
                0x000000000800066c       0x10 app/libapp.a(os.c.obj)
                0x000000000800066c                os_heap_init
 .text.bootutil_img_validate
                0x000000000800067c      0x17c app/libapp.a(image_validate.c.obj)
                0x000000000800067c                bootutil_img_validate
 .text.bootutil_find_key
                0x00000000080007f8       0x6c app/libapp.a(bootutil_find_key.c.obj)
                0x00000000080007f8                bootutil_find_key
 .text.bootutil_cmp_rsasig
                0x0000000008000864      0x12c app/libapp.a(image_rsa.c.obj)
 .text.bootutil_verify_sig
                0x0000000008000990       0xd0 app/libapp.a(image_rsa.c.obj)
                0x0000000008000990                bootutil_verify_sig
 .text.boot_read_sectors
                0x0000000008000a60       0x40 app/libapp.a(bootutil_misc.c.obj)
                0x0000000008000a60                boot_read_sectors
 .text.boot_get_loader_state
                0x0000000008000aa0        0x8 app/libapp.a(loader.c.obj)
                0x0000000008000aa0                boot_get_loader_state
 .text.boot_validate_slot.constprop.0.isra.0
                0x0000000008000aa8       0xf8 app/libapp.a(loader.c.obj)
 .text.boot_copy_region
                0x0000000008000ba0       0x58 app/libapp.a(loader.c.obj)
                0x0000000008000ba0                boot_copy_region
 .text.context_boot_go
                0x0000000008000bf8      0x260 app/libapp.a(loader.c.obj)
                0x0000000008000bf8                context_boot_go
 .text.boot_go  0x0000000008000e58       0x18 app/libapp.a(loader.c.obj)
                0x0000000008000e58                boot_go
 .text.boot_slots_compatible
                0x0000000008000e70       0x9c app/libapp.a(swap_scratch.c.obj)
                0x0000000008000e70                boot_slots_compatible
 .text.cleanup_arm_interrupts
                0x0000000008000f0c       0x54 app/libapp.a(arm_cortex_m.c.obj)
                0x0000000008000f0c                cleanup_arm_interrupts
 .text.char_out
                0x0000000008000f60        0xc zephyr/libzephyr.a(printk.c.obj)
 .text.__printk_hook_install
                0x0000000008000f6c        0xc zephyr/libzephyr.a(printk.c.obj)
                0x0000000008000f6c                __printk_hook_install
 .text.vprintk  0x0000000008000f78       0x30 zephyr/libzephyr.a(printk.c.obj)
                0x0000000008000f78                vprintk
 .text.z_thread_entry
                0x0000000008000fa8       0x34 zephyr/libzephyr.a(thread_entry.c.obj)
                0x0000000008000fa8                z_thread_entry
 .text.st_stm32_common_config
                0x0000000008000fdc       0x1c zephyr/libzephyr.a(soc_config.c.obj)
 .text.stm32_backup_domain_enable_access
                0x0000000008000ff8       0x3c zephyr/libzephyr.a(stm32_backup_domain.c.obj)
                0x0000000008000ff8                stm32_backup_domain_enable_access
 .text.stm32_backup_domain_disable_access
                0x0000000008001034       0x60 zephyr/libzephyr.a(stm32_backup_domain.c.obj)
                0x0000000008001034                stm32_backup_domain_disable_access
 .text.soc_early_init_hook
                0x0000000008001094       0x48 zephyr/libzephyr.a(soc_m7.c.obj)
                0x0000000008001094                soc_early_init_hook
 .text.mem_attr_get_regions
                0x00000000080010dc        0xc zephyr/libzephyr.a(mem_attr.c.obj)
                0x00000000080010dc                mem_attr_get_regions
 .text.flash_area_open
                0x00000000080010e8       0x4c zephyr/libzephyr.a(flash_map.c.obj)
                0x00000000080010e8                flash_area_open
 .text.flash_area_sectors
                0x0000000008001134       0x34 zephyr/libzephyr.a(flash_map_layout.c.obj)
                0x0000000008001134                flash_area_sectors
 .text.boot_banner
                0x0000000008001168       0x1c zephyr/libzephyr.a(banner.c.obj)
                0x0000000008001168                boot_banner
 .text.z_SysNmiOnReset
                0x0000000008001184        0x8 zephyr/arch/arch/arm/core/libarch__arm__core.a(nmi_on_reset.S.obj)
                0x0000000008001184                z_SysNmiOnReset
 .text.arch_tls_stack_setup
                0x000000000800118c       0x40 zephyr/arch/arch/arm/core/libarch__arm__core.a(tls.c.obj)
                0x000000000800118c                arch_tls_stack_setup
 .text._HandlerModeExit
                0x00000000080011cc       0x20 zephyr/arch/arch/arm/core/cortex_m/libarch__arm__core__cortex_m.a(exc_exit.c.obj)
                0x00000000080011cc                z_arm_exc_exit
                0x00000000080011cc                z_arm_int_exit
 .text.mem_manage_fault
                0x00000000080011ec       0xa0 zephyr/arch/arch/arm/core/cortex_m/libarch__arm__core__cortex_m.a(fault.c.obj)
 .text.usage_fault.constprop.0
                0x000000000800128c       0x54 zephyr/arch/arch/arm/core/cortex_m/libarch__arm__core__cortex_m.a(fault.c.obj)
 .text.bus_fault.constprop.0
                0x00000000080012e0       0x6c zephyr/arch/arch/arm/core/cortex_m/libarch__arm__core__cortex_m.a(fault.c.obj)
 .text.z_arm_fault
                0x000000000800134c      0x128 zephyr/arch/arch/arm/core/cortex_m/libarch__arm__core__cortex_m.a(fault.c.obj)
                0x000000000800134c                z_arm_fault
 .text.z_arm_fault_init
                0x0000000008001474       0x18 zephyr/arch/arch/arm/core/cortex_m/libarch__arm__core__cortex_m.a(fault.c.obj)
                0x0000000008001474                z_arm_fault_init
 .text.__fault  0x000000000800148c       0x14 zephyr/arch/arch/arm/core/cortex_m/libarch__arm__core__cortex_m.a(fault_s.S.obj)
                0x000000000800148c                z_arm_bus_fault
                0x000000000800148c                z_arm_usage_fault
                0x000000000800148c                z_arm_mpu_fault
                0x000000000800148c                z_arm_exc_spurious
                0x000000000800148c                z_arm_debug_monitor
                0x000000000800148c                z_arm_hard_fault
 .text._reset_section
                0x00000000080014a0       0x34 zephyr/arch/arch/arm/core/cortex_m/libarch__arm__core__cortex_m.a(reset.S.obj)
                0x00000000080014a0                z_arm_reset
                0x00000000080014a0                __start
 .text.z_arm_clear_arm_mpu_config
                0x00000000080014d4       0x24 zephyr/arch/arch/arm/core/cortex_m/libarch__arm__core__cortex_m.a(scb.c.obj)
                0x00000000080014d4                z_arm_clear_arm_mpu_config
 .text.z_impl_k_thread_abort
                0x00000000080014f8       0x2c zephyr/arch/arch/arm/core/cortex_m/libarch__arm__core__cortex_m.a(thread_abort.c.obj)
                0x00000000080014f8                z_impl_k_thread_abort
 .text.z_arm_pendsv
                0x0000000008001524       0x60 zephyr/arch/arch/arm/core/cortex_m/libarch__arm__core__cortex_m.a(swap_helper.S.obj)
                0x0000000008001524                z_arm_pendsv
 .text.z_arm_svc
                0x0000000008001584       0x24 zephyr/arch/arch/arm/core/cortex_m/libarch__arm__core__cortex_m.a(swap_helper.S.obj)
                0x0000000008001584                z_arm_svc
 .text.arm_irq_enable
                0x00000000080015a8       0x1c zephyr/arch/arch/arm/core/cortex_m/libarch__arm__core__cortex_m.a(irq_manage.c.obj)
                0x00000000080015a8                arm_irq_enable
 .text.arm_irq_priority_set
                0x00000000080015c4       0x2c zephyr/arch/arch/arm/core/cortex_m/libarch__arm__core__cortex_m.a(irq_manage.c.obj)
                0x00000000080015c4                arm_irq_priority_set
 .text.relocate_vector_table
                0x00000000080015f0       0x1c zephyr/arch/arch/arm/core/cortex_m/libarch__arm__core__cortex_m.a(prep_c.c.obj)
                0x00000000080015f0                relocate_vector_table
 .text.z_prep_c
                0x000000000800160c       0x38 zephyr/arch/arch/arm/core/cortex_m/libarch__arm__core__cortex_m.a(prep_c.c.obj)
                0x000000000800160c                z_prep_c
 .text.arch_new_thread
                0x0000000008001644       0x2c zephyr/arch/arch/arm/core/cortex_m/libarch__arm__core__cortex_m.a(thread.c.obj)
                0x0000000008001644                arch_new_thread
 .text.z_check_thread_stack_fail
                0x0000000008001670       0x2c zephyr/arch/arch/arm/core/cortex_m/libarch__arm__core__cortex_m.a(thread.c.obj)
                0x0000000008001670                z_check_thread_stack_fail
 .text.arch_switch_to_main_thread
                0x000000000800169c       0x3c zephyr/arch/arch/arm/core/cortex_m/libarch__arm__core__cortex_m.a(thread.c.obj)
                0x000000000800169c                arch_switch_to_main_thread
 .text.z_arm_cpu_idle_init
                0x00000000080016d8        0xc zephyr/arch/arch/arm/core/cortex_m/libarch__arm__core__cortex_m.a(cpu_idle.c.obj)
                0x00000000080016d8                z_arm_cpu_idle_init
 .text.z_arm_interrupt_init
                0x00000000080016e4       0x18 zephyr/arch/arch/arm/core/cortex_m/libarch__arm__core__cortex_m.a(irq_init.c.obj)
                0x00000000080016e4                z_arm_interrupt_init
 .text._isr_wrapper
                0x00000000080016fc       0x24 zephyr/arch/arch/arm/core/cortex_m/libarch__arm__core__cortex_m.a(isr_wrapper.c.obj)
                0x00000000080016fc                _isr_wrapper
 .text.z_arm_configure_static_mpu_regions
                0x0000000008001720       0x18 zephyr/arch/arch/arm/core/mpu/libarch__arm__core__mpu.a(arm_core_mpu.c.obj)
                0x0000000008001720                z_arm_configure_static_mpu_regions
 .text.z_arm_configure_dynamic_mpu_regions
                0x0000000008001738       0x20 zephyr/arch/arch/arm/core/mpu/libarch__arm__core__mpu.a(arm_core_mpu.c.obj)
                0x0000000008001738                z_arm_configure_dynamic_mpu_regions
 .text.region_init
                0x0000000008001758       0x28 zephyr/arch/arch/arm/core/mpu/libarch__arm__core__mpu.a(arm_mpu.c.obj)
 .text.mpu_configure_regions
                0x0000000008001780       0x6c zephyr/arch/arch/arm/core/mpu/libarch__arm__core__mpu.a(arm_mpu.c.obj)
 .text.arm_core_mpu_enable
                0x00000000080017ec       0x18 zephyr/arch/arch/arm/core/mpu/libarch__arm__core__mpu.a(arm_mpu.c.obj)
                0x00000000080017ec                arm_core_mpu_enable
 .text.arm_core_mpu_disable
                0x0000000008001804       0x14 zephyr/arch/arch/arm/core/mpu/libarch__arm__core__mpu.a(arm_mpu.c.obj)
                0x0000000008001804                arm_core_mpu_disable
 .text.arm_core_mpu_configure_static_mpu_regions
                0x0000000008001818       0x14 zephyr/arch/arch/arm/core/mpu/libarch__arm__core__mpu.a(arm_mpu.c.obj)
                0x0000000008001818                arm_core_mpu_configure_static_mpu_regions
 .text.arm_core_mpu_configure_dynamic_mpu_regions
                0x000000000800182c       0x38 zephyr/arch/arch/arm/core/mpu/libarch__arm__core__mpu.a(arm_mpu.c.obj)
                0x000000000800182c                arm_core_mpu_configure_dynamic_mpu_regions
 .text.z_arm_mpu_init
                0x0000000008001864      0x168 zephyr/arch/arch/arm/core/mpu/libarch__arm__core__mpu.a(arm_mpu.c.obj)
                0x0000000008001864                z_arm_mpu_init
 .text._exit    0x00000000080019cc       0x10 zephyr/lib/libc/picolibc/liblib__libc__picolibc.a(exit.c.obj)
                0x00000000080019cc                _exit
 .text.z_impl_zephyr_fputc
                0x00000000080019dc       0x10 zephyr/lib/libc/picolibc/liblib__libc__picolibc.a(stdio.c.obj)
                0x00000000080019dc                z_impl_zephyr_fputc
 .text.__stdout_hook_install
                0x00000000080019ec       0x18 zephyr/lib/libc/picolibc/liblib__libc__picolibc.a(stdio.c.obj)
                0x00000000080019ec                __stdout_hook_install
 .text.abort    0x0000000008001a04       0x1c zephyr/lib/libc/common/liblib__libc__common.a(abort.c.obj)
                0x0000000008001a04                abort
 .text.calloc   0x0000000008001a20       0x18 zephyr/lib/libc/common/liblib__libc__common.a(malloc.c.obj)
                0x0000000008001a20                calloc
 .text.stm32_fill_irq_table
                0x0000000008001a38       0x18 zephyr/drivers/interrupt_controller/libdrivers__interrupt_controller.a(intc_gpio_stm32.c.obj)
 .text.stm32_intc_gpio_isr
                0x0000000008001a50       0x54 zephyr/drivers/interrupt_controller/libdrivers__interrupt_controller.a(intc_gpio_stm32.c.obj)
 .text.stm32_gpio_intc_enable_line
                0x0000000008001aa4       0x30 zephyr/drivers/interrupt_controller/libdrivers__interrupt_controller.a(intc_gpio_stm32.c.obj)
                0x0000000008001aa4                stm32_gpio_intc_enable_line
 .text.stm32_gpio_intc_set_irq_callback
                0x0000000008001ad4       0x40 zephyr/drivers/interrupt_controller/libdrivers__interrupt_controller.a(intc_gpio_stm32.c.obj)
                0x0000000008001ad4                stm32_gpio_intc_set_irq_callback
 .text.stm32_gpio_intc_remove_irq_callback
                0x0000000008001b14       0x24 zephyr/drivers/interrupt_controller/libdrivers__interrupt_controller.a(intc_gpio_stm32.c.obj)
                0x0000000008001b14                stm32_gpio_intc_remove_irq_callback
 .text.stm32_exti_get_line_src_port
                0x0000000008001b38       0x38 zephyr/drivers/interrupt_controller/libdrivers__interrupt_controller.a(intc_gpio_stm32.c.obj)
                0x0000000008001b38                stm32_exti_get_line_src_port
 .text.stm32_exti_init
                0x0000000008001b70       0x34 zephyr/drivers/interrupt_controller/libdrivers__interrupt_controller.a(intc_exti_stm32.c.obj)
 .text.get_hclk_frequency
                0x0000000008001ba4       0x28 zephyr/drivers/clock_control/libdrivers__clock_control.a(clock_stm32_ll_h7.c.obj)
 .text.stm32_clock_control_get_subsys_rate
                0x0000000008001bcc       0xe8 zephyr/drivers/clock_control/libdrivers__clock_control.a(clock_stm32_ll_h7.c.obj)
 .text.stm32_clock_control_init
                0x0000000008001cb4      0x280 zephyr/drivers/clock_control/libdrivers__clock_control.a(clock_stm32_ll_h7.c.obj)
                0x0000000008001cb4                stm32_clock_control_init
 .text.uart_console_init
                0x0000000008001f34       0x28 zephyr/drivers/console/libdrivers__console.a(uart_console.c.obj)
 .text.console_out
                0x0000000008001f5c       0x28 zephyr/drivers/console/libdrivers__console.a(uart_console.c.obj)
 .text.flash_stm32h7_get_parameters
                0x0000000008001f84        0x8 zephyr/drivers/flash/libdrivers__flash.a(flash_stm32h7x.c.obj)
 .text.flash_stm32h7_get_size
                0x0000000008001f8c       0x18 zephyr/drivers/flash/libdrivers__flash.a(flash_stm32h7x.c.obj)
 .text.flash_stm32_page_layout
                0x0000000008001fa4       0x20 zephyr/drivers/flash/libdrivers__flash.a(flash_stm32h7x.c.obj)
                0x0000000008001fa4                flash_stm32_page_layout
 .text.flash_stm32_check_status.isra.0
                0x0000000008001fc4       0x28 zephyr/drivers/flash/libdrivers__flash.a(flash_stm32h7x.c.obj)
 .text.flash_stm32h7_read
                0x0000000008001fec       0x80 zephyr/drivers/flash/libdrivers__flash.a(flash_stm32h7x.c.obj)
 .text.flash_stm32_wait_flash_idle
                0x000000000800206c       0x54 zephyr/drivers/flash/libdrivers__flash.a(flash_stm32h7x.c.obj)
                0x000000000800206c                flash_stm32_wait_flash_idle
 .text.flash_stm32_block_erase_loop
                0x00000000080020c0       0x80 zephyr/drivers/flash/libdrivers__flash.a(flash_stm32h7x.c.obj)
                0x00000000080020c0                flash_stm32_block_erase_loop
 .text.flash_stm32h7_erase
                0x0000000008002140       0xb8 zephyr/drivers/flash/libdrivers__flash.a(flash_stm32h7x.c.obj)
 .text.flash_stm32h7_write
                0x00000000080021f8       0x74 zephyr/drivers/flash/libdrivers__flash.a(flash_stm32h7x.c.obj)
 .text.gpio_stm32_pin_interrupt_configure
                0x000000000800226c       0xb0 zephyr/drivers/gpio/libdrivers__gpio.a(gpio_stm32.c.obj)
 .text.gpio_stm32_init
                0x000000000800231c       0x38 zephyr/drivers/gpio/libdrivers__gpio.a(gpio_stm32.c.obj)
 .text.pinctrl_configure_pins
                0x0000000008002354       0x84 zephyr/drivers/pinctrl/libdrivers__pinctrl.a(pinctrl_stm32.c.obj)
                0x0000000008002354                pinctrl_configure_pins
 .text.uart_stm32_cfg2ll_stopbits
                0x00000000080023d8       0x38 zephyr/drivers/serial/libdrivers__serial.a(uart_stm32.c.obj)
 .text.lpuartdiv_calc
                0x0000000008002410       0x30 zephyr/drivers/serial/libdrivers__serial.a(uart_stm32.c.obj)
                0x0000000008002410                lpuartdiv_calc
 .text.uart_stm32_set_baudrate
                0x0000000008002440       0xb0 zephyr/drivers/serial/libdrivers__serial.a(uart_stm32.c.obj)
 .text.uart_stm32_configure
                0x00000000080024f0      0x12c zephyr/drivers/serial/libdrivers__serial.a(uart_stm32.c.obj)
 .text.uart_stm32_init
                0x000000000800261c      0x190 zephyr/drivers/serial/libdrivers__serial.a(uart_stm32.c.obj)
 .text.elapsed  0x00000000080027ac       0x4c zephyr/drivers/timer/libdrivers__timer.a(cortex_m_systick.c.obj)
 .text.sys_clock_driver_init
                0x00000000080027f8       0x38 zephyr/drivers/timer/libdrivers__timer.a(cortex_m_systick.c.obj)
 .text.sys_clock_isr
                0x0000000008002830       0x60 zephyr/drivers/timer/libdrivers__timer.a(cortex_m_systick.c.obj)
                0x0000000008002830                sys_clock_isr
 .text.sys_clock_set_timeout
                0x0000000008002890       0xfc zephyr/drivers/timer/libdrivers__timer.a(cortex_m_systick.c.obj)
                0x0000000008002890                sys_clock_set_timeout
 .text.sys_clock_elapsed
                0x000000000800298c       0x3c zephyr/drivers/timer/libdrivers__timer.a(cortex_m_systick.c.obj)
                0x000000000800298c                sys_clock_elapsed
 .text.LL_SetFlashLatency
                0x00000000080029c8      0x198 modules/hal_stm32/stm32cube/lib..__modules__hal__stm32__stm32cube.a(stm32h7xx_ll_utils.c.obj)
                0x00000000080029c8                LL_SetFlashLatency
 .text.mbedtls_ct_bool
                0x0000000008002b60       0x18 modules/mbedtls/libmbedTLSBase.a(bignum_core.c.obj)
 .text.mbedtls_mpi_core_cond_assign
                0x0000000008002b78       0x30 modules/mbedtls/libmbedTLSBase.a(bignum_core.c.obj)
                0x0000000008002b78                mbedtls_mpi_core_cond_assign
 .text.mbedtls_mpi_core_exp_mod_optionally_safe
                0x0000000008002ba8      0x1a0 modules/mbedtls/libmbedTLSBase.a(bignum_core.c.obj)
 .text.mbedtls_ct_mpi_sign_if
                0x0000000008002d48       0x1c modules/mbedtls/libmbedTLSBase.a(bignum.c.obj)
 .text.mbedtls_mpi_div_mpi
                0x0000000008002d64      0x334 modules/mbedtls/libmbedTLSBase.a(bignum.c.obj)
                0x0000000008002d64                mbedtls_mpi_div_mpi
 .text.mbedtls_ct_memcpy_if
                0x0000000008003098       0x4c modules/mbedtls/libmbedTLSBase.a(constant_time.c.obj)
                0x0000000008003098                mbedtls_ct_memcpy_if
 .text.mbedtls_md_info_from_type
                0x00000000080030e4       0x10 modules/mbedtls/libmbedTLSBase.a(md.c.obj)
                0x00000000080030e4                mbedtls_md_info_from_type
 .text.verify_header
                0x00000000080030f4       0x40 modules/mbedtls/libmbedTLSBase.a(memory_buffer_alloc.c.obj)
 .text.verify_chain
                0x0000000008003134       0x3c modules/mbedtls/libmbedTLSBase.a(memory_buffer_alloc.c.obj)
 .text.buffer_alloc_calloc
                0x0000000008003170      0x114 modules/mbedtls/libmbedTLSBase.a(memory_buffer_alloc.c.obj)
 .text.buffer_alloc_free
                0x0000000008003284      0x124 modules/mbedtls/libmbedTLSBase.a(memory_buffer_alloc.c.obj)
 .text.mbedtls_memory_buffer_alloc_init
                0x00000000080033a8       0x6c modules/mbedtls/libmbedTLSBase.a(memory_buffer_alloc.c.obj)
                0x00000000080033a8                mbedtls_memory_buffer_alloc_init
 .text.mbedtls_platform_zeroize
                0x0000000008003414       0x18 modules/mbedtls/libmbedTLSBase.a(platform_util.c.obj)
                0x0000000008003414                mbedtls_platform_zeroize
 .text.mbedtls_calloc
                0x000000000800342c        0xc modules/mbedtls/libmbedTLSBase.a(platform.c.obj)
                0x000000000800342c                mbedtls_calloc
 .text.mbedtls_free
                0x0000000008003438        0xc modules/mbedtls/libmbedTLSBase.a(platform.c.obj)
                0x0000000008003438                mbedtls_free
 .text.mbedtls_platform_set_calloc_free
                0x0000000008003444       0x14 modules/mbedtls/libmbedTLSBase.a(platform.c.obj)
                0x0000000008003444                mbedtls_platform_set_calloc_free
 .text.rsa_check_context.constprop.0
                0x0000000008003458       0xb8 modules/mbedtls/libmbedTLSBase.a(rsa.c.obj)
 .text.mbedtls_rsa_set_padding
                0x0000000008003510       0x30 modules/mbedtls/libmbedTLSBase.a(rsa.c.obj)
                0x0000000008003510                mbedtls_rsa_set_padding
 .text.mbedtls_rsa_check_pubkey
                0x0000000008003540       0x4c modules/mbedtls/libmbedTLSBase.a(rsa.c.obj)
                0x0000000008003540                mbedtls_rsa_check_pubkey
 .text.mbedtls_rsa_public
                0x000000000800358c       0x90 modules/mbedtls/libmbedTLSBase.a(rsa.c.obj)
                0x000000000800358c                mbedtls_rsa_public
 .text.mbedtls_sha256_starts
                0x000000000800361c       0x5c modules/mbedtls/libmbedTLSBase.a(sha256.c.obj)
                0x000000000800361c                mbedtls_sha256_starts
 .text.mbedtls_internal_sha256_process
                0x0000000008003678      0x138 modules/mbedtls/libmbedTLSBase.a(sha256.c.obj)
                0x0000000008003678                mbedtls_internal_sha256_process
 .text.boot_write_magic
                0x00000000080037b0       0x50 modules/mcuboot/libmcuboot_util.a(bootutil_public.c.obj)
                0x00000000080037b0                boot_write_magic
 .text.boot_read_swap_state
                0x0000000008003800       0xac modules/mcuboot/libmcuboot_util.a(bootutil_public.c.obj)
                0x0000000008003800                boot_read_swap_state
 .text.boot_swap_type_multi
                0x00000000080038ac       0xa0 modules/mcuboot/libmcuboot_util.a(bootutil_public.c.obj)
                0x00000000080038ac                boot_swap_type_multi
 .text.z_fatal_error
                0x000000000800394c       0x30 zephyr/kernel/libkernel.a(fatal.c.obj)
                0x000000000800394c                z_fatal_error
 .text.z_sys_init_run_level
                0x000000000800397c       0x30 zephyr/kernel/libkernel.a(init.c.obj)
 .text.bg_thread_main
                0x00000000080039ac       0xc0 zephyr/kernel/libkernel.a(init.c.obj)
 .text.z_bss_zero
                0x0000000008003a6c       0x2c zephyr/kernel/libkernel.a(init.c.obj)
                0x0000000008003a6c                z_bss_zero
 .text.z_init_cpu
                0x0000000008003a98       0x70 zephyr/kernel/libkernel.a(init.c.obj)
                0x0000000008003a98                z_init_cpu
 .text.z_cstart
                0x0000000008003b08       0xc8 zephyr/kernel/libkernel.a(init.c.obj)
                0x0000000008003b08                z_cstart
 .text.z_impl_k_sem_give
                0x0000000008003bd0       0x68 zephyr/kernel/libkernel.a(sem.c.obj)
                0x0000000008003bd0                z_impl_k_sem_give
 .text.z_impl_k_sem_take
                0x0000000008003c38       0x4c zephyr/kernel/libkernel.a(sem.c.obj)
                0x0000000008003c38                z_impl_k_sem_take
 .text.z_setup_new_thread
                0x0000000008003c84       0x9c zephyr/kernel/libkernel.a(thread.c.obj)
                0x0000000008003c84                z_setup_new_thread
 .text.z_dummy_thread_init
                0x0000000008003d20       0x18 zephyr/kernel/libkernel.a(thread.c.obj)
                0x0000000008003d20                z_dummy_thread_init
 .text.z_swap_irqlock
                0x0000000008003d38       0x30 zephyr/kernel/libkernel.a(sched.c.obj)
 .text.ready_thread
                0x0000000008003d68       0x84 zephyr/kernel/libkernel.a(sched.c.obj)
 .text.unready_thread
                0x0000000008003dec       0x54 zephyr/kernel/libkernel.a(sched.c.obj)
 .text.add_thread_timeout
                0x0000000008003e40       0x1c zephyr/kernel/libkernel.a(sched.c.obj)
 .text.move_thread_to_end_of_prio_q
                0x0000000008003e5c       0x90 zephyr/kernel/libkernel.a(sched.c.obj)
                0x0000000008003e5c                move_thread_to_end_of_prio_q
 .text.z_pend_curr
                0x0000000008003eec       0x44 zephyr/kernel/libkernel.a(sched.c.obj)
                0x0000000008003eec                z_pend_curr
 .text.z_reschedule
                0x0000000008003f30       0x24 zephyr/kernel/libkernel.a(sched.c.obj)
                0x0000000008003f30                z_reschedule
 .text.z_reschedule_irqlock
                0x0000000008003f54       0x28 zephyr/kernel/libkernel.a(sched.c.obj)
                0x0000000008003f54                z_reschedule_irqlock
 .text.k_sched_lock
                0x0000000008003f7c       0x28 zephyr/kernel/libkernel.a(sched.c.obj)
                0x0000000008003f7c                k_sched_lock
 .text.k_sched_unlock
                0x0000000008003fa4       0x68 zephyr/kernel/libkernel.a(sched.c.obj)
                0x0000000008003fa4                k_sched_unlock
 .text.z_sched_init
                0x000000000800400c       0x10 zephyr/kernel/libkernel.a(sched.c.obj)
                0x000000000800400c                z_sched_init
 .text.z_impl_k_wakeup
                0x000000000800401c       0x48 zephyr/kernel/libkernel.a(sched.c.obj)
                0x000000000800401c                z_impl_k_wakeup
 .text.z_impl_k_sched_current_thread_query
                0x0000000008004064        0xc zephyr/kernel/libkernel.a(sched.c.obj)
                0x0000000008004064                z_impl_k_sched_current_thread_query
 .text.z_thread_abort
                0x0000000008004070      0x140 zephyr/kernel/libkernel.a(sched.c.obj)
                0x0000000008004070                z_thread_abort
 .text.slice_timeout
                0x00000000080041b0       0x20 zephyr/kernel/libkernel.a(timeslicing.c.obj)
 .text.thread_is_sliceable
                0x00000000080041d0       0x3c zephyr/kernel/libkernel.a(timeslicing.c.obj)
                0x00000000080041d0                thread_is_sliceable
 .text.z_reset_time_slice
                0x000000000800420c       0x50 zephyr/kernel/libkernel.a(timeslicing.c.obj)
                0x000000000800420c                z_reset_time_slice
 .text.z_time_slice
                0x000000000800425c       0x60 zephyr/kernel/libkernel.a(timeslicing.c.obj)
                0x000000000800425c                z_time_slice
 .text.z_data_copy
                0x00000000080042bc       0x50 zephyr/kernel/libkernel.a(xip.c.obj)
                0x00000000080042bc                z_data_copy
 .text.first    0x000000000800430c       0x10 zephyr/kernel/libkernel.a(timeout.c.obj)
 .text.elapsed  0x000000000800431c       0x14 zephyr/kernel/libkernel.a(timeout.c.obj)
 .text.remove_timeout
                0x0000000008004330       0x38 zephyr/kernel/libkernel.a(timeout.c.obj)
 .text.z_add_timeout
                0x0000000008004368      0x120 zephyr/kernel/libkernel.a(timeout.c.obj)
                0x0000000008004368                z_add_timeout
 .text.sys_clock_announce
                0x0000000008004488       0xc0 zephyr/kernel/libkernel.a(timeout.c.obj)
                0x0000000008004488                sys_clock_announce
 .text.sys_clock_tick_get
                0x0000000008004548       0x30 zephyr/kernel/libkernel.a(timeout.c.obj)
                0x0000000008004548                sys_clock_tick_get
 .text.puts     0x0000000008004578       0x40 /home/saket-jha/zephyr-work/zephyr-sdk-0.17.2/arm-zephyr-eabi/bin/../lib/gcc/../../picolibc/arm-zephyr-eabi/lib/thumb/v7e-m/nofp/libc.a(libc_tinystdio_puts.c.o)
                0x0000000008004578                puts
 .text.__m_vfprintf
                0x00000000080045b8      0x294 /home/saket-jha/zephyr-work/zephyr-sdk-0.17.2/arm-zephyr-eabi/bin/../lib/gcc/../../picolibc/arm-zephyr-eabi/lib/thumb/v7e-m/nofp/libc.a(libc_tinystdio_vfmprintf.c.o)
                0x00000000080045b8                __m_vfprintf
 .text.__libc_fini_array
                0x000000000800484c       0x1c /home/saket-jha/zephyr-work/zephyr-sdk-0.17.2/arm-zephyr-eabi/bin/../lib/gcc/../../picolibc/arm-zephyr-eabi/lib/thumb/v7e-m/nofp/libc.a(libc_misc_fini.c.o)
                0x000000000800484c                __libc_fini_array
 .text._OffsetAbsSyms
                0x0000000008004868        0x2 zephyr/CMakeFiles/offsets.dir/./arch/arm/core/offsets/offsets.c.obj
                0x0000000008004868                _OffsetAbsSyms
 .text.flash_area_get_device_id
                0x000000000800486a        0x4 app/libapp.a(flash_map_extended.c.obj)
                0x000000000800486a                flash_area_get_device_id
 .text.flash_area_get_sector
                0x000000000800486e       0x36 app/libapp.a(flash_map_extended.c.obj)
                0x000000000800486e                flash_area_get_sector
 .text.bootutil_img_hash
                0x00000000080048a4       0x8a app/libapp.a(bootutil_img_hash.c.obj)
                0x00000000080048a4                bootutil_img_hash
 .text.bootutil_tlv_iter_begin
                0x000000000800492e       0x9c app/libapp.a(tlv.c.obj)
                0x000000000800492e                bootutil_tlv_iter_begin
 .text.bootutil_tlv_iter_next
                0x00000000080049ca       0x98 app/libapp.a(tlv.c.obj)
                0x00000000080049ca                bootutil_tlv_iter_next
 .text.bootutil_tlv_iter_is_prot
                0x0000000008004a62       0x1c app/libapp.a(tlv.c.obj)
                0x0000000008004a62                bootutil_tlv_iter_is_prot
 .text.boot_fih_memequal
                0x0000000008004a7e        0x4 app/libapp.a(bootutil_misc.c.obj)
                0x0000000008004a7e                boot_fih_memequal
 .text.boot_trailer_sz
                0x0000000008004a82        0x8 app/libapp.a(bootutil_misc.c.obj)
                0x0000000008004a82                boot_trailer_sz
 .text.bootutil_max_image_size
                0x0000000008004a8a        0x6 app/libapp.a(bootutil_misc.c.obj)
                0x0000000008004a8a                bootutil_max_image_size
 .text.boot_read_image_size
                0x0000000008004a90       0x8a app/libapp.a(bootutil_misc.c.obj)
                0x0000000008004a90                boot_read_image_size
 .text.boot_erase_region
                0x0000000008004b1a       0x7c app/libapp.a(bootutil_misc.c.obj)
                0x0000000008004b1a                boot_erase_region
 .text.boot_initialize_area
                0x0000000008004b96       0x34 app/libapp.a(bootutil_misc.c.obj)
                0x0000000008004b96                boot_initialize_area
 .text.boot_state_clear
                0x0000000008004bca       0x16 app/libapp.a(bootutil_misc.c.obj)
                0x0000000008004bca                boot_state_clear
 .text.boot_check_header_erased
                0x0000000008004be0       0x2e app/libapp.a(loader.c.obj)
 .text.boot_read_image_headers.constprop.0
                0x0000000008004c0e       0x2a app/libapp.a(loader.c.obj)
 .text.boot_status_reset
                0x0000000008004c38       0x12 app/libapp.a(loader.c.obj)
                0x0000000008004c38                boot_status_reset
 .text.boot_status_is_reset
                0x0000000008004c4a       0x1a app/libapp.a(loader.c.obj)
                0x0000000008004c4a                boot_status_is_reset
 .text.boot_scramble_region
                0x0000000008004c64       0x10 app/libapp.a(loader.c.obj)
                0x0000000008004c64                boot_scramble_region
 .text.boot_scramble_slot
                0x0000000008004c74        0xa app/libapp.a(loader.c.obj)
                0x0000000008004c74                boot_scramble_slot
 .text.boot_open_all_flash_areas
                0x0000000008004c7e       0x30 app/libapp.a(loader.c.obj)
                0x0000000008004c7e                boot_open_all_flash_areas
 .text.boot_close_all_flash_areas
                0x0000000008004cae       0x1a app/libapp.a(loader.c.obj)
                0x0000000008004cae                boot_close_all_flash_areas
 .text.boot_read_image_header
                0x0000000008004cc8       0x20 app/libapp.a(swap_scratch.c.obj)
                0x0000000008004cc8                boot_read_image_header
 .text.arch_printk_char_out
                0x0000000008004ce8        0x4 zephyr/libzephyr.a(printk.c.obj)
                0x0000000008004ce8                arch_printk_char_out
 .text.printk   0x0000000008004cec       0x1a zephyr/libzephyr.a(printk.c.obj)
                0x0000000008004cec                printk
 .text._ConfigAbsSyms
                0x0000000008004d06        0x2 zephyr/libzephyr.a(configs.c.obj)
                0x0000000008004d06                _ConfigAbsSyms
 .text.z_log_minimal_printk
                0x0000000008004d08       0x1a zephyr/libzephyr.a(log_minimal.c.obj)
                0x0000000008004d08                z_log_minimal_printk
 .text.is_in_flash_area_bounds
                0x0000000008004d22       0x1a zephyr/libzephyr.a(flash_map.c.obj)
 .text.flash_area_close
                0x0000000008004d3c        0x2 zephyr/libzephyr.a(flash_map.c.obj)
                0x0000000008004d3c                flash_area_close
 .text.flash_area_read
                0x0000000008004d3e       0x2a zephyr/libzephyr.a(flash_map.c.obj)
                0x0000000008004d3e                flash_area_read
 .text.flash_area_write
                0x0000000008004d68       0x2a zephyr/libzephyr.a(flash_map.c.obj)
                0x0000000008004d68                flash_area_write
 .text.flash_area_erase
                0x0000000008004d92       0x2a zephyr/libzephyr.a(flash_map.c.obj)
                0x0000000008004d92                flash_area_erase
 .text.flash_area_align
                0x0000000008004dbc        0xe zephyr/libzephyr.a(flash_map.c.obj)
                0x0000000008004dbc                flash_area_align
 .text.flash_area_erased_val
                0x0000000008004dca        0xe zephyr/libzephyr.a(flash_map.c.obj)
                0x0000000008004dca                flash_area_erased_val
 .text.get_sectors_cb
                0x0000000008004dd8       0x44 zephyr/libzephyr.a(flash_map_layout.c.obj)
 .text.flash_area_get_sectors
                0x0000000008004e1c       0x32 zephyr/libzephyr.a(flash_map_layout.c.obj)
                0x0000000008004e1c                flash_area_get_sectors
 .text.z_arm_fatal_error
                0x0000000008004e4e        0xc zephyr/arch/arch/arm/core/libarch__arm__core.a(fatal.c.obj)
                0x0000000008004e4e                z_arm_fatal_error
 .text.z_do_kernel_oops
                0x0000000008004e5a        0x8 zephyr/arch/arch/arm/core/libarch__arm__core.a(fatal.c.obj)
                0x0000000008004e5a                z_do_kernel_oops
 .text.z_arm_nmi
                0x0000000008004e62        0xe zephyr/arch/arch/arm/core/libarch__arm__core.a(nmi.c.obj)
                0x0000000008004e62                z_arm_nmi
 .text.z_irq_spurious
                0x0000000008004e70        0x8 zephyr/arch/arch/arm/core/cortex_m/libarch__arm__core__cortex_m.a(irq_manage.c.obj)
                0x0000000008004e70                z_irq_spurious
 .text.arch_coprocessors_disable
                0x0000000008004e78        0x6 zephyr/arch/arch/arm/core/cortex_m/libarch__arm__core__cortex_m.a(thread.c.obj)
                0x0000000008004e78                arch_coprocessors_disable
 .text.arch_irq_unlock_outlined
                0x0000000008004e7e        0xe zephyr/arch/arch/arm/core/cortex_m/libarch__arm__core__cortex_m.a(thread.c.obj)
                0x0000000008004e7e                arch_irq_unlock_outlined
 .text.arch_cpu_idle
                0x0000000008004e8c       0x1a zephyr/arch/arch/arm/core/cortex_m/libarch__arm__core__cortex_m.a(cpu_idle.c.obj)
                0x0000000008004e8c                arch_cpu_idle
 .text.size_to_mpu_rasr_size
                0x0000000008004ea6       0x20 zephyr/arch/arch/arm/core/mpu/libarch__arm__core__mpu.a(arm_mpu.c.obj)
 .text.__assert_no_args
                0x0000000008004ec6        0x6 zephyr/lib/libc/picolibc/liblib__libc__picolibc.a(assert.c.obj)
                0x0000000008004ec6                __assert_no_args
 .text.picolibc_put
                0x0000000008004ecc        0xa zephyr/lib/libc/picolibc/liblib__libc__picolibc.a(stdio.c.obj)
 .text.free     0x0000000008004ed6        0x2 zephyr/lib/libc/common/liblib__libc__common.a(malloc.c.obj)
                0x0000000008004ed6                free
 .text.stm32_exti_gpio_intc_init
                0x0000000008004ed8       0x92 zephyr/drivers/interrupt_controller/libdrivers__interrupt_controller.a(intc_gpio_stm32.c.obj)
 .text.stm32_gpio_intc_get_pin_irq_line
                0x0000000008004f6a        0xa zephyr/drivers/interrupt_controller/libdrivers__interrupt_controller.a(intc_gpio_stm32.c.obj)
                0x0000000008004f6a                stm32_gpio_intc_get_pin_irq_line
 .text.stm32_gpio_intc_disable_line
                0x0000000008004f74       0x12 zephyr/drivers/interrupt_controller/libdrivers__interrupt_controller.a(intc_gpio_stm32.c.obj)
                0x0000000008004f74                stm32_gpio_intc_disable_line
 .text.stm32_gpio_intc_select_line_trigger
                0x0000000008004f86       0x52 zephyr/drivers/interrupt_controller/libdrivers__interrupt_controller.a(intc_gpio_stm32.c.obj)
                0x0000000008004f86                stm32_gpio_intc_select_line_trigger
 .text.stm32_exti_set_line_src_port
                0x0000000008004fd8       0x3c zephyr/drivers/interrupt_controller/libdrivers__interrupt_controller.a(intc_gpio_stm32.c.obj)
                0x0000000008004fd8                stm32_exti_set_line_src_port
 .text.stm32_exti_is_pending
                0x0000000008005014       0x38 zephyr/drivers/interrupt_controller/libdrivers__interrupt_controller.a(intc_exti_stm32.c.obj)
                0x0000000008005014                stm32_exti_is_pending
 .text.stm32_exti_clear_pending
                0x000000000800504c       0x34 zephyr/drivers/interrupt_controller/libdrivers__interrupt_controller.a(intc_exti_stm32.c.obj)
                0x000000000800504c                stm32_exti_clear_pending
 .text.stm32_clock_control_on
                0x0000000008005080       0x44 zephyr/drivers/clock_control/libdrivers__clock_control.a(clock_stm32_ll_h7.c.obj)
 .text.stm32_clock_control_off
                0x00000000080050c4       0x2e zephyr/drivers/clock_control/libdrivers__clock_control.a(clock_stm32_ll_h7.c.obj)
 .text.enabled_clock
                0x00000000080050f2       0x18 zephyr/drivers/clock_control/libdrivers__clock_control.a(clock_stm32_ll_h7.c.obj)
                0x00000000080050f2                enabled_clock
 .text.stm32_clock_control_configure
                0x000000000800510a       0x52 zephyr/drivers/clock_control/libdrivers__clock_control.a(clock_stm32_ll_h7.c.obj)
 .text.flash_get_page_info
                0x000000000800515c       0x62 zephyr/drivers/flash/libdrivers__flash.a(flash_page_layout.c.obj)
 .text.z_impl_flash_get_page_info_by_offs
                0x00000000080051be        0x8 zephyr/drivers/flash/libdrivers__flash.a(flash_page_layout.c.obj)
                0x00000000080051be                z_impl_flash_get_page_info_by_offs
 .text.flash_page_foreach
                0x00000000080051c6       0x58 zephyr/drivers/flash/libdrivers__flash.a(flash_page_layout.c.obj)
                0x00000000080051c6                flash_page_foreach
 .text.stm32h7_flash_init
                0x000000000800521e       0x12 zephyr/drivers/flash/libdrivers__flash.a(flash_stm32h7x.c.obj)
 .text._flash_stm32_sem_take.isra.0
                0x0000000008005230        0xe zephyr/drivers/flash/libdrivers__flash.a(flash_stm32h7x.c.obj)
 .text.flash_stm32_range_exists
                0x000000000800523e       0x2a zephyr/drivers/flash/libdrivers__flash.a(flash_stm32h7x.c.obj)
 .text.flash_stm32_valid_range
                0x0000000008005268        0xe zephyr/drivers/flash/libdrivers__flash.a(flash_stm32h7x.c.obj)
                0x0000000008005268                flash_stm32_valid_range
 .text.write_ndwords.constprop.0
                0x0000000008005276       0xb6 zephyr/drivers/flash/libdrivers__flash.a(flash_stm32h7x.c.obj)
 .text.flash_stm32_write_range
                0x000000000800532c       0x5e zephyr/drivers/flash/libdrivers__flash.a(flash_stm32h7x.c.obj)
                0x000000000800532c                flash_stm32_write_range
 .text.gpio_stm32_port_get_raw
                0x000000000800538a        0xc zephyr/drivers/gpio/libdrivers__gpio.a(gpio_stm32.c.obj)
 .text.gpio_stm32_port_set_masked_raw
                0x0000000008005396       0x12 zephyr/drivers/gpio/libdrivers__gpio.a(gpio_stm32.c.obj)
 .text.gpio_stm32_port_set_bits_raw
                0x00000000080053a8        0xa zephyr/drivers/gpio/libdrivers__gpio.a(gpio_stm32.c.obj)
 .text.gpio_stm32_port_clear_bits_raw
                0x00000000080053b2        0xc zephyr/drivers/gpio/libdrivers__gpio.a(gpio_stm32.c.obj)
 .text.gpio_stm32_port_toggle_bits
                0x00000000080053be        0xe zephyr/drivers/gpio/libdrivers__gpio.a(gpio_stm32.c.obj)
 .text.gpio_stm32_manage_callback
                0x00000000080053cc       0x52 zephyr/drivers/gpio/libdrivers__gpio.a(gpio_stm32.c.obj)
 .text.gpio_stm32_configure_raw.isra.0
                0x000000000800541e       0xa0 zephyr/drivers/gpio/libdrivers__gpio.a(gpio_stm32.c.obj)
 .text.gpio_stm32_config
                0x00000000080054be       0xd8 zephyr/drivers/gpio/libdrivers__gpio.a(gpio_stm32.c.obj)
 .text.gpio_stm32_isr
                0x0000000008005596       0x2c zephyr/drivers/gpio/libdrivers__gpio.a(gpio_stm32.c.obj)
 .text.gpio_stm32_configure
                0x00000000080055c2       0x30 zephyr/drivers/gpio/libdrivers__gpio.a(gpio_stm32.c.obj)
                0x00000000080055c2                gpio_stm32_configure
 .text.pinctrl_lookup_state
                0x00000000080055f2       0x26 zephyr/drivers/pinctrl/libdrivers__pinctrl.a(common.c.obj)
                0x00000000080055f2                pinctrl_lookup_state
 .text.reset_stm32_status
                0x0000000008005618       0x22 zephyr/drivers/reset/libdrivers__reset.a(reset_stm32.c.obj)
 .text.reset_stm32_line_assert
                0x000000000800563a       0x1c zephyr/drivers/reset/libdrivers__reset.a(reset_stm32.c.obj)
 .text.reset_stm32_line_deassert
                0x0000000008005656       0x1e zephyr/drivers/reset/libdrivers__reset.a(reset_stm32.c.obj)
 .text.reset_stm32_line_toggle
                0x0000000008005674       0x16 zephyr/drivers/reset/libdrivers__reset.a(reset_stm32.c.obj)
 .text.uart_stm32_ll2cfg_databits
                0x000000000800568a       0x2a zephyr/drivers/serial/libdrivers__serial.a(uart_stm32.c.obj)
 .text.uart_stm32_err_check
                0x00000000080056b4       0x5a zephyr/drivers/serial/libdrivers__serial.a(uart_stm32.c.obj)
 .text.uart_stm32_poll_out
                0x000000000800570e       0x36 zephyr/drivers/serial/libdrivers__serial.a(uart_stm32.c.obj)
 .text.uart_stm32_poll_in
                0x0000000008005744       0x22 zephyr/drivers/serial/libdrivers__serial.a(uart_stm32.c.obj)
 .text.uart_stm32_config_get
                0x0000000008005766       0x92 zephyr/drivers/serial/libdrivers__serial.a(uart_stm32.c.obj)
 .text.uart_stm32_parameters_set
                0x00000000080057f8      0x136 zephyr/drivers/serial/libdrivers__serial.a(uart_stm32.c.obj)
 .text.sys_clock_disable
                0x000000000800592e        0xe zephyr/drivers/timer/libdrivers__timer.a(cortex_m_systick.c.obj)
                0x000000000800592e                sys_clock_disable
 .text.mbedtls_asn1_get_len
                0x000000000800593c       0x68 modules/mbedtls/libmbedTLSBase.a(asn1parse.c.obj)
                0x000000000800593c                mbedtls_asn1_get_len
 .text.mbedtls_asn1_get_tag
                0x00000000080059a4       0x28 modules/mbedtls/libmbedTLSBase.a(asn1parse.c.obj)
                0x00000000080059a4                mbedtls_asn1_get_tag
 .text.mbedtls_asn1_get_mpi
                0x00000000080059cc       0x26 modules/mbedtls/libmbedTLSBase.a(asn1parse.c.obj)
                0x00000000080059cc                mbedtls_asn1_get_mpi
 .text.mbedtls_mpi_core_bitlen
                0x00000000080059f2       0x1e modules/mbedtls/libmbedTLSBase.a(bignum_core.c.obj)
                0x00000000080059f2                mbedtls_mpi_core_bitlen
 .text.mbedtls_mpi_core_bigendian_to_host
                0x0000000008005a10       0x26 modules/mbedtls/libmbedTLSBase.a(bignum_core.c.obj)
                0x0000000008005a10                mbedtls_mpi_core_bigendian_to_host
 .text.mbedtls_mpi_core_read_be
                0x0000000008005a36       0x4a modules/mbedtls/libmbedTLSBase.a(bignum_core.c.obj)
                0x0000000008005a36                mbedtls_mpi_core_read_be
 .text.mbedtls_mpi_core_write_be
                0x0000000008005a80       0x64 modules/mbedtls/libmbedTLSBase.a(bignum_core.c.obj)
                0x0000000008005a80                mbedtls_mpi_core_write_be
 .text.mbedtls_mpi_core_shift_r
                0x0000000008005ae4       0x7e modules/mbedtls/libmbedTLSBase.a(bignum_core.c.obj)
                0x0000000008005ae4                mbedtls_mpi_core_shift_r
 .text.mbedtls_mpi_core_shift_l
                0x0000000008005b62       0x6c modules/mbedtls/libmbedTLSBase.a(bignum_core.c.obj)
                0x0000000008005b62                mbedtls_mpi_core_shift_l
 .text.mbedtls_mpi_core_add
                0x0000000008005bce       0x2c modules/mbedtls/libmbedTLSBase.a(bignum_core.c.obj)
                0x0000000008005bce                mbedtls_mpi_core_add
 .text.mbedtls_mpi_core_sub
                0x0000000008005bfa       0x3c modules/mbedtls/libmbedTLSBase.a(bignum_core.c.obj)
                0x0000000008005bfa                mbedtls_mpi_core_sub
 .text.mbedtls_mpi_core_mla
                0x0000000008005c36      0x174 modules/mbedtls/libmbedTLSBase.a(bignum_core.c.obj)
                0x0000000008005c36                mbedtls_mpi_core_mla
 .text.mbedtls_mpi_core_montmul_init
                0x0000000008005daa       0x22 modules/mbedtls/libmbedTLSBase.a(bignum_core.c.obj)
                0x0000000008005daa                mbedtls_mpi_core_montmul_init
 .text.mbedtls_mpi_core_montmul
                0x0000000008005dcc       0x96 modules/mbedtls/libmbedTLSBase.a(bignum_core.c.obj)
                0x0000000008005dcc                mbedtls_mpi_core_montmul
 .text.mbedtls_mpi_core_get_mont_r2_unsafe
                0x0000000008005e62       0x34 modules/mbedtls/libmbedTLSBase.a(bignum_core.c.obj)
                0x0000000008005e62                mbedtls_mpi_core_get_mont_r2_unsafe
 .text.mbedtls_mpi_core_exp_mod_working_limbs
                0x0000000008005e96       0x16 modules/mbedtls/libmbedTLSBase.a(bignum_core.c.obj)
                0x0000000008005e96                mbedtls_mpi_core_exp_mod_working_limbs
 .text.mbedtls_mpi_core_exp_mod
                0x0000000008005eac       0x20 modules/mbedtls/libmbedTLSBase.a(bignum_core.c.obj)
                0x0000000008005eac                mbedtls_mpi_core_exp_mod
 .text.mbedtls_mpi_core_exp_mod_unsafe
                0x0000000008005ecc       0x22 modules/mbedtls/libmbedTLSBase.a(bignum_core.c.obj)
                0x0000000008005ecc                mbedtls_mpi_core_exp_mod_unsafe
 .text.mbedtls_mpi_core_sub_int
                0x0000000008005eee       0x22 modules/mbedtls/libmbedTLSBase.a(bignum_core.c.obj)
                0x0000000008005eee                mbedtls_mpi_core_sub_int
 .text.mbedtls_mpi_core_check_zero_ct
                0x0000000008005f10       0x18 modules/mbedtls/libmbedTLSBase.a(bignum_core.c.obj)
                0x0000000008005f10                mbedtls_mpi_core_check_zero_ct
 .text.mbedtls_mpi_core_to_mont_rep
                0x0000000008005f28       0x18 modules/mbedtls/libmbedTLSBase.a(bignum_core.c.obj)
                0x0000000008005f28                mbedtls_mpi_core_to_mont_rep
 .text.mbedtls_mpi_core_from_mont_rep
                0x0000000008005f40       0x20 modules/mbedtls/libmbedTLSBase.a(bignum_core.c.obj)
                0x0000000008005f40                mbedtls_mpi_core_from_mont_rep
 .text.mbedtls_mpi_init
                0x0000000008005f60        0xa modules/mbedtls/libmbedTLSBase.a(bignum.c.obj)
                0x0000000008005f60                mbedtls_mpi_init
 .text.mbedtls_mpi_free
                0x0000000008005f6a       0x1c modules/mbedtls/libmbedTLSBase.a(bignum.c.obj)
                0x0000000008005f6a                mbedtls_mpi_free
 .text.mbedtls_mpi_grow
                0x0000000008005f86       0x48 modules/mbedtls/libmbedTLSBase.a(bignum.c.obj)
                0x0000000008005f86                mbedtls_mpi_grow
 .text.mbedtls_mpi_resize_clear
                0x0000000008005fce       0x36 modules/mbedtls/libmbedTLSBase.a(bignum.c.obj)
 .text.mbedtls_mpi_shrink
                0x0000000008006004       0x62 modules/mbedtls/libmbedTLSBase.a(bignum.c.obj)
                0x0000000008006004                mbedtls_mpi_shrink
 .text.mbedtls_mpi_copy
                0x0000000008006066       0x6a modules/mbedtls/libmbedTLSBase.a(bignum.c.obj)
                0x0000000008006066                mbedtls_mpi_copy
 .text.mbedtls_mpi_lset
                0x00000000080060d0       0x38 modules/mbedtls/libmbedTLSBase.a(bignum.c.obj)
                0x00000000080060d0                mbedtls_mpi_lset
 .text.mbedtls_mpi_get_bit
                0x0000000008006108       0x20 modules/mbedtls/libmbedTLSBase.a(bignum.c.obj)
                0x0000000008006108                mbedtls_mpi_get_bit
 .text.mbedtls_mpi_bitlen
                0x0000000008006128        0x8 modules/mbedtls/libmbedTLSBase.a(bignum.c.obj)
                0x0000000008006128                mbedtls_mpi_bitlen
 .text.mbedtls_mpi_size
                0x0000000008006130        0xc modules/mbedtls/libmbedTLSBase.a(bignum.c.obj)
                0x0000000008006130                mbedtls_mpi_size
 .text.mbedtls_mpi_read_binary
                0x000000000800613c       0x2c modules/mbedtls/libmbedTLSBase.a(bignum.c.obj)
                0x000000000800613c                mbedtls_mpi_read_binary
 .text.mbedtls_mpi_write_binary
                0x0000000008006168        0xc modules/mbedtls/libmbedTLSBase.a(bignum.c.obj)
                0x0000000008006168                mbedtls_mpi_write_binary
 .text.mbedtls_mpi_shift_l
                0x0000000008006174       0x3a modules/mbedtls/libmbedTLSBase.a(bignum.c.obj)
                0x0000000008006174                mbedtls_mpi_shift_l
 .text.mbedtls_mpi_shift_r
                0x00000000080061ae       0x12 modules/mbedtls/libmbedTLSBase.a(bignum.c.obj)
                0x00000000080061ae                mbedtls_mpi_shift_r
 .text.mbedtls_mpi_cmp_abs
                0x00000000080061c0       0x5e modules/mbedtls/libmbedTLSBase.a(bignum.c.obj)
                0x00000000080061c0                mbedtls_mpi_cmp_abs
 .text.mbedtls_mpi_cmp_mpi
                0x000000000800621e       0x90 modules/mbedtls/libmbedTLSBase.a(bignum.c.obj)
                0x000000000800621e                mbedtls_mpi_cmp_mpi
 .text.mbedtls_mpi_cmp_int
                0x00000000080062ae       0x30 modules/mbedtls/libmbedTLSBase.a(bignum.c.obj)
                0x00000000080062ae                mbedtls_mpi_cmp_int
 .text.mbedtls_mpi_add_abs
                0x00000000080062de       0x90 modules/mbedtls/libmbedTLSBase.a(bignum.c.obj)
                0x00000000080062de                mbedtls_mpi_add_abs
 .text.mbedtls_mpi_sub_abs
                0x000000000800636e       0xa2 modules/mbedtls/libmbedTLSBase.a(bignum.c.obj)
                0x000000000800636e                mbedtls_mpi_sub_abs
 .text.add_sub_mpi
                0x0000000008006410       0x62 modules/mbedtls/libmbedTLSBase.a(bignum.c.obj)
 .text.mbedtls_mpi_add_mpi
                0x0000000008006472        0x6 modules/mbedtls/libmbedTLSBase.a(bignum.c.obj)
                0x0000000008006472                mbedtls_mpi_add_mpi
 .text.mbedtls_mpi_sub_mpi
                0x0000000008006478        0x8 modules/mbedtls/libmbedTLSBase.a(bignum.c.obj)
                0x0000000008006478                mbedtls_mpi_sub_mpi
 .text.mbedtls_mpi_mul_int
                0x0000000008006480       0x62 modules/mbedtls/libmbedTLSBase.a(bignum.c.obj)
                0x0000000008006480                mbedtls_mpi_mul_int
 .text.mbedtls_mpi_mod_mpi
                0x00000000080064e2       0x64 modules/mbedtls/libmbedTLSBase.a(bignum.c.obj)
                0x00000000080064e2                mbedtls_mpi_mod_mpi
 .text.mbedtls_mpi_exp_mod_optionally_safe
                0x0000000008006546      0x1da modules/mbedtls/libmbedTLSBase.a(bignum.c.obj)
 .text.mbedtls_mpi_exp_mod_unsafe
                0x0000000008006720       0x14 modules/mbedtls/libmbedTLSBase.a(bignum.c.obj)
                0x0000000008006720                mbedtls_mpi_exp_mod_unsafe
 .text.mbedtls_zeroize_and_free
                0x0000000008006734       0x14 modules/mbedtls/libmbedTLSBase.a(platform_util.c.obj)
                0x0000000008006734                mbedtls_zeroize_and_free
 .text.mbedtls_rsa_import
                0x0000000008006748       0x86 modules/mbedtls/libmbedTLSBase.a(rsa.c.obj)
                0x0000000008006748                mbedtls_rsa_import
 .text.mbedtls_rsa_init
                0x00000000080067ce        0x8 modules/mbedtls/libmbedTLSBase.a(rsa.c.obj)
                0x00000000080067ce                mbedtls_rsa_init
 .text.mbedtls_rsa_get_len
                0x00000000080067d6        0x4 modules/mbedtls/libmbedTLSBase.a(rsa.c.obj)
                0x00000000080067d6                mbedtls_rsa_get_len
 .text.mbedtls_rsa_free
                0x00000000080067da       0x72 modules/mbedtls/libmbedTLSBase.a(rsa.c.obj)
                0x00000000080067da                mbedtls_rsa_free
 .text.mbedtls_sha256_init
                0x000000000800684c        0x8 modules/mbedtls/libmbedTLSBase.a(sha256.c.obj)
                0x000000000800684c                mbedtls_sha256_init
 .text.mbedtls_sha256_free
                0x0000000008006854        0xa modules/mbedtls/libmbedTLSBase.a(sha256.c.obj)
                0x0000000008006854                mbedtls_sha256_free
 .text.mbedtls_sha256_update
                0x000000000800685e       0x7e modules/mbedtls/libmbedTLSBase.a(sha256.c.obj)
                0x000000000800685e                mbedtls_sha256_update
 .text.mbedtls_sha256_finish
                0x00000000080068dc       0x9c modules/mbedtls/libmbedTLSBase.a(sha256.c.obj)
                0x00000000080068dc                mbedtls_sha256_finish
 .text._mbedtls_init
                0x0000000008006978        0x4 modules/mbedtls/libmbedTLSBase.a(zephyr_init.c.obj)
 .text.boot_swap_info_off
                0x000000000800697c        0xc modules/mcuboot/libmcuboot_util.a(bootutil_public.c.obj)
                0x000000000800697c                boot_swap_info_off
 .text.boot_magic_compatible_check
                0x0000000008006988       0x1c modules/mcuboot/libmcuboot_util.a(bootutil_public.c.obj)
                0x0000000008006988                boot_magic_compatible_check
 .text.bootutil_buffer_is_erased
                0x00000000080069a4       0x26 modules/mcuboot/libmcuboot_util.a(bootutil_public.c.obj)
                0x00000000080069a4                bootutil_buffer_is_erased
 .text.boot_read_flag
                0x00000000080069ca       0x38 modules/mcuboot/libmcuboot_util.a(bootutil_public.c.obj)
 .text.boot_read_image_ok
                0x0000000008006a02        0xc modules/mcuboot/libmcuboot_util.a(bootutil_public.c.obj)
                0x0000000008006a02                boot_read_image_ok
 .text.boot_read_swap_state_by_id
                0x0000000008006a0e       0x28 modules/mcuboot/libmcuboot_util.a(bootutil_public.c.obj)
                0x0000000008006a0e                boot_read_swap_state_by_id
 .text.z_device_state_init
                0x0000000008006a36        0x2 zephyr/kernel/libkernel.a(device.c.obj)
                0x0000000008006a36                z_device_state_init
 .text.z_impl_device_is_ready
                0x0000000008006a38       0x16 zephyr/kernel/libkernel.a(device.c.obj)
                0x0000000008006a38                z_impl_device_is_ready
 .text.arch_system_halt
                0x0000000008006a4e       0x10 zephyr/kernel/libkernel.a(fatal.c.obj)
                0x0000000008006a4e                arch_system_halt
 .text.k_sys_fatal_error_handler
                0x0000000008006a5e        0x6 zephyr/kernel/libkernel.a(fatal.c.obj)
                0x0000000008006a5e                k_sys_fatal_error_handler
 .text.do_device_init
                0x0000000008006a64       0x2e zephyr/kernel/libkernel.a(init.c.obj)
 .text.z_early_memset
                0x0000000008006a92        0x4 zephyr/kernel/libkernel.a(init.c.obj)
                0x0000000008006a92                z_early_memset
 .text.z_early_memcpy
                0x0000000008006a96        0x4 zephyr/kernel/libkernel.a(init.c.obj)
                0x0000000008006a96                z_early_memcpy
 .text.idle     0x0000000008006a9a       0x16 zephyr/kernel/libkernel.a(idle.c.obj)
                0x0000000008006a9a                idle
 .text.z_impl_k_sem_init
                0x0000000008006ab0       0x18 zephyr/kernel/libkernel.a(sem.c.obj)
                0x0000000008006ab0                z_impl_k_sem_init
 .text.sys_dlist_remove
                0x0000000008006ac8       0x10 zephyr/kernel/libkernel.a(sched.c.obj)
 .text.unpend_thread_no_timeout
                0x0000000008006ad8       0x14 zephyr/kernel/libkernel.a(sched.c.obj)
 .text.add_to_waitq_locked
                0x0000000008006aec       0x50 zephyr/kernel/libkernel.a(sched.c.obj)
 .text.z_ready_thread
                0x0000000008006b3c       0x1e zephyr/kernel/libkernel.a(sched.c.obj)
                0x0000000008006b3c                z_ready_thread
 .text.z_sched_wake_thread
                0x0000000008006b5a       0x3a zephyr/kernel/libkernel.a(sched.c.obj)
                0x0000000008006b5a                z_sched_wake_thread
 .text.z_thread_timeout
                0x0000000008006b94        0x8 zephyr/kernel/libkernel.a(sched.c.obj)
                0x0000000008006b94                z_thread_timeout
 .text.next_timeout
                0x0000000008006b9c       0x2e zephyr/kernel/libkernel.a(timeout.c.obj)
 .text.z_abort_timeout
                0x0000000008006bca       0x50 zephyr/kernel/libkernel.a(timeout.c.obj)
                0x0000000008006bca                z_abort_timeout
 .text.z_impl_k_uptime_ticks
                0x0000000008006c1a        0x4 zephyr/kernel/libkernel.a(timeout.c.obj)
                0x0000000008006c1a                z_impl_k_uptime_ticks
 .text.sys_timepoint_calc
                0x0000000008006c1e       0x4a zephyr/kernel/libkernel.a(timeout.c.obj)
                0x0000000008006c1e                sys_timepoint_calc
 .text.sys_timepoint_timeout
                0x0000000008006c68       0x42 zephyr/kernel/libkernel.a(timeout.c.obj)
                0x0000000008006c68                sys_timepoint_timeout
 .text.memcpy   0x0000000008006caa       0x1c /home/saket-jha/zephyr-work/zephyr-sdk-0.17.2/arm-zephyr-eabi/bin/../lib/gcc/../../picolibc/arm-zephyr-eabi/lib/thumb/v7e-m/nofp/libc.a(memcpy.c.o)
                0x0000000008006caa                memcpy
                0x0000000008006caa                __aeabi_memcpy
                0x0000000008006caa                __aeabi_memcpy4
                0x0000000008006caa                __aeabi_memcpy8
 .text.memset   0x0000000008006cc6       0x10 /home/saket-jha/zephyr-work/zephyr-sdk-0.17.2/arm-zephyr-eabi/bin/../lib/gcc/../../picolibc/arm-zephyr-eabi/lib/thumb/v7e-m/nofp/libc.a(memset.c.o)
                0x0000000008006cc6                memset
 .text.exit     0x0000000008006cd6        0xe /home/saket-jha/zephyr-work/zephyr-sdk-0.17.2/arm-zephyr-eabi/bin/../lib/gcc/../../picolibc/arm-zephyr-eabi/lib/thumb/v7e-m/nofp/libc.a(libc_stdlib_pico-exit.c.o)
                0x0000000008006cd6                exit
 .text.memcmp   0x0000000008006ce4       0x20 /home/saket-jha/zephyr-work/zephyr-sdk-0.17.2/arm-zephyr-eabi/bin/../lib/gcc/../../picolibc/arm-zephyr-eabi/lib/thumb/v7e-m/nofp/libc.a(libc_string_memcmp.c.o)
                0x0000000008006ce4                memcmp
 .text.__ultoa_invert
                0x0000000008006d04       0x34 /home/saket-jha/zephyr-work/zephyr-sdk-0.17.2/arm-zephyr-eabi/bin/../lib/gcc/../../picolibc/arm-zephyr-eabi/lib/thumb/v7e-m/nofp/libc.a(libc_tinystdio_vfmprintf.c.o)
 *(SORT_BY_ALIGNMENT(.TEXT.*))
 .TEXT.__aeabi_read_tp
                0x0000000008006d38        0xc zephyr/arch/arch/arm/core/cortex_m/libarch__arm__core__cortex_m.a(__aeabi_read_tp.S.obj)
                0x0000000008006d38                __aeabi_read_tp
 *(SORT_BY_ALIGNMENT(.gnu.linkonce.t.*))
 *(SORT_BY_ALIGNMENT(.glue_7t))
 .glue_7t       0x0000000008006d44        0x0 linker stubs
 *(SORT_BY_ALIGNMENT(.glue_7))
 .glue_7        0x0000000008006d44        0x0 linker stubs
 *(SORT_BY_ALIGNMENT(.vfp11_veneer))
 .vfp11_veneer  0x0000000008006d44        0x0 linker stubs
 *(SORT_BY_ALIGNMENT(.v4_bx))
 .v4_bx         0x0000000008006d44        0x0 linker stubs
                0x0000000008006d44                . = ALIGN (0x4)
                0x0000000008006d44                __text_region_end = .

.ARM.exidx      0x0000000008006d44        0x8
                0x0000000008006d44                __exidx_start = .
 *(SORT_BY_ALIGNMENT(.ARM.exidx*) SORT_BY_ALIGNMENT(gnu.linkonce.armexidx.*))
 .ARM.exidx     0x0000000008006d44        0x8 /home/saket-jha/zephyr-work/zephyr-sdk-0.17.2/arm-zephyr-eabi/bin/../lib/gcc/arm-zephyr-eabi/12.2.0/thumb/v7e-m/nofp/libgcc.a(_udivmoddi4.o)
                0x0000000008006d4c                __exidx_end = .
                0x0000000008006d4c                __rodata_region_start = .

initlevel       0x0000000008006d4c       0xb8
                0x0000000008006d4c                __init_start = .
                0x0000000008006d4c                __init_EARLY_start = .
 *(SORT_BY_NAME(SORT_BY_ALIGNMENT(.z_init_EARLY_P_?_*)))
 *(SORT_BY_NAME(SORT_BY_ALIGNMENT(.z_init_EARLY_P_??_*)))
 *(SORT_BY_NAME(SORT_BY_ALIGNMENT(.z_init_EARLY_P_???_*)))
                0x0000000008006d4c                __init_PRE_KERNEL_1_start = .
 *(SORT_BY_NAME(SORT_BY_ALIGNMENT(.z_init_PRE_KERNEL_1_P_?_*)))
 .z_init_PRE_KERNEL_1_P_1_SUB_00009_
                0x0000000008006d4c        0x8 zephyr/drivers/clock_control/libdrivers__clock_control.a(clock_stm32_ll_h7.c.obj)
 .z_init_PRE_KERNEL_1_P_1_SUB_0_
                0x0000000008006d54        0x8 zephyr/libzephyr.a(soc_config.c.obj)
 *(SORT_BY_NAME(SORT_BY_ALIGNMENT(.z_init_PRE_KERNEL_1_P_??_*)))
 .z_init_PRE_KERNEL_1_P_35_SUB_00055_
                0x0000000008006d5c        0x8 zephyr/drivers/reset/libdrivers__reset.a(reset_stm32.c.obj)
 .z_init_PRE_KERNEL_1_P_40_SUB_00043_
                0x0000000008006d64        0x8 zephyr/drivers/gpio/libdrivers__gpio.a(gpio_stm32.c.obj)
 .z_init_PRE_KERNEL_1_P_40_SUB_00046_
                0x0000000008006d6c        0x8 zephyr/drivers/gpio/libdrivers__gpio.a(gpio_stm32.c.obj)
 .z_init_PRE_KERNEL_1_P_40_SUB_00047_
                0x0000000008006d74        0x8 zephyr/drivers/gpio/libdrivers__gpio.a(gpio_stm32.c.obj)
 .z_init_PRE_KERNEL_1_P_40_SUB_00081_
                0x0000000008006d7c        0x8 zephyr/drivers/interrupt_controller/libdrivers__interrupt_controller.a(intc_exti_stm32.c.obj)
 .z_init_PRE_KERNEL_1_P_40_SUB_00105_
                0x0000000008006d84        0x8 zephyr/drivers/gpio/libdrivers__gpio.a(gpio_stm32.c.obj)
 .z_init_PRE_KERNEL_1_P_40_SUB_00145_
                0x0000000008006d8c        0x8 zephyr/drivers/gpio/libdrivers__gpio.a(gpio_stm32.c.obj)
 .z_init_PRE_KERNEL_1_P_40_SUB_00146_
                0x0000000008006d94        0x8 zephyr/drivers/gpio/libdrivers__gpio.a(gpio_stm32.c.obj)
 .z_init_PRE_KERNEL_1_P_40_SUB_00147_
                0x0000000008006d9c        0x8 zephyr/drivers/gpio/libdrivers__gpio.a(gpio_stm32.c.obj)
 .z_init_PRE_KERNEL_1_P_40_SUB_00148_
                0x0000000008006da4        0x8 zephyr/drivers/gpio/libdrivers__gpio.a(gpio_stm32.c.obj)
 .z_init_PRE_KERNEL_1_P_40_SUB_00149_
                0x0000000008006dac        0x8 zephyr/drivers/gpio/libdrivers__gpio.a(gpio_stm32.c.obj)
 .z_init_PRE_KERNEL_1_P_40_SUB_00150_
                0x0000000008006db4        0x8 zephyr/drivers/gpio/libdrivers__gpio.a(gpio_stm32.c.obj)
 .z_init_PRE_KERNEL_1_P_40_SUB_00151_
                0x0000000008006dbc        0x8 zephyr/drivers/gpio/libdrivers__gpio.a(gpio_stm32.c.obj)
 .z_init_PRE_KERNEL_1_P_40_SUB_0_
                0x0000000008006dc4        0x8 zephyr/drivers/interrupt_controller/libdrivers__interrupt_controller.a(intc_gpio_stm32.c.obj)
 .z_init_PRE_KERNEL_1_P_50_SUB_00088_
                0x0000000008006dcc        0x8 zephyr/drivers/serial/libdrivers__serial.a(uart_stm32.c.obj)
 .z_init_PRE_KERNEL_1_P_50_SUB_00091_
                0x0000000008006dd4        0x8 zephyr/drivers/serial/libdrivers__serial.a(uart_stm32.c.obj)
 .z_init_PRE_KERNEL_1_P_50_SUB_00102_
                0x0000000008006ddc        0x8 zephyr/drivers/serial/libdrivers__serial.a(uart_stm32.c.obj)
 .z_init_PRE_KERNEL_1_P_60_SUB_0_
                0x0000000008006de4        0x8 zephyr/drivers/console/libdrivers__console.a(uart_console.c.obj)
 *(SORT_BY_NAME(SORT_BY_ALIGNMENT(.z_init_PRE_KERNEL_1_P_???_*)))
                0x0000000008006dec                __init_PRE_KERNEL_2_start = .
 *(SORT_BY_NAME(SORT_BY_ALIGNMENT(.z_init_PRE_KERNEL_2_P_?_*)))
 .z_init_PRE_KERNEL_2_P_0_SUB_0_
                0x0000000008006dec        0x8 zephyr/drivers/timer/libdrivers__timer.a(cortex_m_systick.c.obj)
 *(SORT_BY_NAME(SORT_BY_ALIGNMENT(.z_init_PRE_KERNEL_2_P_??_*)))
 *(SORT_BY_NAME(SORT_BY_ALIGNMENT(.z_init_PRE_KERNEL_2_P_???_*)))
                0x0000000008006df4                __init_POST_KERNEL_start = .
 *(SORT_BY_NAME(SORT_BY_ALIGNMENT(.z_init_POST_KERNEL_P_?_*)))
 *(SORT_BY_NAME(SORT_BY_ALIGNMENT(.z_init_POST_KERNEL_P_??_*)))
 .z_init_POST_KERNEL_P_40_SUB_0_
                0x0000000008006df4        0x8 modules/mbedtls/libmbedTLSBase.a(zephyr_init.c.obj)
 .z_init_POST_KERNEL_P_50_SUB_00136_
                0x0000000008006dfc        0x8 zephyr/drivers/flash/libdrivers__flash.a(flash_stm32h7x.c.obj)
 *(SORT_BY_NAME(SORT_BY_ALIGNMENT(.z_init_POST_KERNEL_P_???_*)))
                0x0000000008006e04                __init_APPLICATION_start = .
 *(SORT_BY_NAME(SORT_BY_ALIGNMENT(.z_init_APPLICATION_P_?_*)))
 *(SORT_BY_NAME(SORT_BY_ALIGNMENT(.z_init_APPLICATION_P_??_*)))
 *(SORT_BY_NAME(SORT_BY_ALIGNMENT(.z_init_APPLICATION_P_???_*)))
                0x0000000008006e04                __init_SMP_start = .
 *(SORT_BY_NAME(SORT_BY_ALIGNMENT(.z_init_SMP_P_?_*)))
 *(SORT_BY_NAME(SORT_BY_ALIGNMENT(.z_init_SMP_P_??_*)))
 *(SORT_BY_NAME(SORT_BY_ALIGNMENT(.z_init_SMP_P_???_*)))
                0x0000000008006e04                __init_end = .

device_area     0x0000000008006e04      0x240
                0x0000000008006e04                _device_list_start = .
 *(SORT_BY_NAME(SORT_BY_ALIGNMENT(._device.static.*_?_*)))
 ._device.static.1_1_
                0x0000000008006e04       0x20 zephyr/drivers/clock_control/libdrivers__clock_control.a(clock_stm32_ll_h7.c.obj)
                0x0000000008006e04                __device_dts_ord_9
 *(SORT_BY_NAME(SORT_BY_ALIGNMENT(._device.static.*_??_*)))
 ._device.static.1_35_
                0x0000000008006e24       0x20 zephyr/drivers/reset/libdrivers__reset.a(reset_stm32.c.obj)
                0x0000000008006e24                __device_dts_ord_55
 ._device.static.1_40_
                0x0000000008006e44       0x20 zephyr/drivers/interrupt_controller/libdrivers__interrupt_controller.a(intc_exti_stm32.c.obj)
                0x0000000008006e44                __device_dts_ord_81
 ._device.static.1_40_
                0x0000000008006e64      0x160 zephyr/drivers/gpio/libdrivers__gpio.a(gpio_stm32.c.obj)
                0x0000000008006e64                __device_dts_ord_151
                0x0000000008006e84                __device_dts_ord_150
                0x0000000008006ea4                __device_dts_ord_149
                0x0000000008006ec4                __device_dts_ord_148
                0x0000000008006ee4                __device_dts_ord_147
                0x0000000008006f04                __device_dts_ord_146
                0x0000000008006f24                __device_dts_ord_47
                0x0000000008006f44                __device_dts_ord_105
                0x0000000008006f64                __device_dts_ord_43
                0x0000000008006f84                __device_dts_ord_46
                0x0000000008006fa4                __device_dts_ord_145
 ._device.static.1_50_
                0x0000000008006fc4       0x60 zephyr/drivers/serial/libdrivers__serial.a(uart_stm32.c.obj)
                0x0000000008006fc4                __device_dts_ord_102
                0x0000000008006fe4                __device_dts_ord_91
                0x0000000008007004                __device_dts_ord_88
 ._device.static.3_50_
                0x0000000008007024       0x20 zephyr/drivers/flash/libdrivers__flash.a(flash_stm32h7x.c.obj)
                0x0000000008007024                __device_dts_ord_136
 *(SORT_BY_NAME(SORT_BY_ALIGNMENT(._device.static.*_???_*)))
 *(SORT_BY_NAME(SORT_BY_ALIGNMENT(._device.static.*_????_*)))
 *(SORT_BY_NAME(SORT_BY_ALIGNMENT(._device.static.*_?????_*)))
                0x0000000008007044                _device_list_end = .

sw_isr_table    0x0000000008007044      0x518
                0x0000000008007044                . = ALIGN (0x4)
 *(SORT_BY_ALIGNMENT(.gnu.linkonce.sw_isr_table*))
 .gnu.linkonce.sw_isr_table
                0x0000000008007044      0x518 zephyr/arch/common/libisr_tables.a(isr_tables.c.obj)
                0x0000000008007044                _sw_isr_table

initlevel_error
                0x0000000008006d4c        0x0
 *(SORT_BY_NAME(SORT_BY_ALIGNMENT(.z_init_*)))
                0x0000000000000001                ASSERT ((SIZEOF (initlevel_error) == 0x0), Undefined initialization levels used.)

app_shmem_regions
                0x000000000800755c        0x0
                0x000000000800755c                __app_shmem_regions_start = .
 *(SORT_BY_NAME(SORT_BY_ALIGNMENT(.app_regions.*)))
                0x000000000800755c                __app_shmem_regions_end = .

k_p4wq_initparam_area
                0x000000000800755c        0x0
                0x000000000800755c                _k_p4wq_initparam_list_start = .
 *(SORT_BY_NAME(SORT_BY_ALIGNMENT(._k_p4wq_initparam.static.*)))
                0x000000000800755c                _k_p4wq_initparam_list_end = .

_static_thread_data_area
                0x000000000800755c        0x0
                0x000000000800755c                __static_thread_data_list_start = .
 *(SORT_BY_NAME(SORT_BY_ALIGNMENT(.__static_thread_data.static.*)))
                0x000000000800755c                __static_thread_data_list_end = .

device_deps     0x000000000800755c        0x0
                0x000000000800755c                __device_deps_start = .
 *(SORT_BY_NAME(SORT_BY_ALIGNMENT(.__device_deps_pass2*)))
                0x000000000800755c                __device_deps_end = .

flash_driver_api_area
                0x000000000800755c       0x18
                0x000000000800755c                _flash_driver_api_list_start = .
 *(SORT_BY_NAME(SORT_BY_ALIGNMENT(._flash_driver_api.static.*)))
 ._flash_driver_api.static.flash_stm32h7_api_
                0x000000000800755c       0x18 zephyr/drivers/flash/libdrivers__flash.a(flash_stm32h7x.c.obj)
                0x0000000008007574                _flash_driver_api_list_end = .

gpio_driver_api_area
                0x0000000008007574       0x24
                0x0000000008007574                _gpio_driver_api_list_start = .
 *(SORT_BY_NAME(SORT_BY_ALIGNMENT(._gpio_driver_api.static.*)))
 ._gpio_driver_api.static.gpio_stm32_driver_
                0x0000000008007574       0x24 zephyr/drivers/gpio/libdrivers__gpio.a(gpio_stm32.c.obj)
                0x0000000008007598                _gpio_driver_api_list_end = .

reset_driver_api_area
                0x0000000008007598       0x10
                0x0000000008007598                _reset_driver_api_list_start = .
 *(SORT_BY_NAME(SORT_BY_ALIGNMENT(._reset_driver_api.static.*)))
 ._reset_driver_api.static.reset_stm32_driver_api_
                0x0000000008007598       0x10 zephyr/drivers/reset/libdrivers__reset.a(reset_stm32.c.obj)
                0x00000000080075a8                _reset_driver_api_list_end = .

shared_irq_driver_api_area
                0x00000000080075a8        0x0
                0x00000000080075a8                _shared_irq_driver_api_list_start = .
 *(SORT_BY_NAME(SORT_BY_ALIGNMENT(._shared_irq_driver_api.static.*)))
                0x00000000080075a8                _shared_irq_driver_api_list_end = .

crypto_driver_api_area
                0x00000000080075a8        0x0
                0x00000000080075a8                _crypto_driver_api_list_start = .
 *(SORT_BY_NAME(SORT_BY_ALIGNMENT(._crypto_driver_api.static.*)))
                0x00000000080075a8                _crypto_driver_api_list_end = .

adc_driver_api_area
                0x00000000080075a8        0x0
                0x00000000080075a8                _adc_driver_api_list_start = .
 *(SORT_BY_NAME(SORT_BY_ALIGNMENT(._adc_driver_api.static.*)))
                0x00000000080075a8                _adc_driver_api_list_end = .

auxdisplay_driver_api_area
                0x00000000080075a8        0x0
                0x00000000080075a8                _auxdisplay_driver_api_list_start = .
 *(SORT_BY_NAME(SORT_BY_ALIGNMENT(._auxdisplay_driver_api.static.*)))
                0x00000000080075a8                _auxdisplay_driver_api_list_end = .

bbram_driver_api_area
                0x00000000080075a8        0x0
                0x00000000080075a8                _bbram_driver_api_list_start = .
 *(SORT_BY_NAME(SORT_BY_ALIGNMENT(._bbram_driver_api.static.*)))
                0x00000000080075a8                _bbram_driver_api_list_end = .

bt_hci_driver_api_area
                0x00000000080075a8        0x0
                0x00000000080075a8                _bt_hci_driver_api_list_start = .
 *(SORT_BY_NAME(SORT_BY_ALIGNMENT(._bt_hci_driver_api.static.*)))
                0x00000000080075a8                _bt_hci_driver_api_list_end = .

can_driver_api_area
                0x00000000080075a8        0x0
                0x00000000080075a8                _can_driver_api_list_start = .
 *(SORT_BY_NAME(SORT_BY_ALIGNMENT(._can_driver_api.static.*)))
                0x00000000080075a8                _can_driver_api_list_end = .

cellular_driver_api_area
                0x00000000080075a8        0x0
                0x00000000080075a8                _cellular_driver_api_list_start = .
 *(SORT_BY_NAME(SORT_BY_ALIGNMENT(._cellular_driver_api.static.*)))
                0x00000000080075a8                _cellular_driver_api_list_end = .

charger_driver_api_area
                0x00000000080075a8        0x0
                0x00000000080075a8                _charger_driver_api_list_start = .
 *(SORT_BY_NAME(SORT_BY_ALIGNMENT(._charger_driver_api.static.*)))
                0x00000000080075a8                _charger_driver_api_list_end = .

clock_control_driver_api_area
                0x00000000080075a8       0x1c
                0x00000000080075a8                _clock_control_driver_api_list_start = .
 *(SORT_BY_NAME(SORT_BY_ALIGNMENT(._clock_control_driver_api.static.*)))
 ._clock_control_driver_api.static.stm32_clock_control_api_
                0x00000000080075a8       0x1c zephyr/drivers/clock_control/libdrivers__clock_control.a(clock_stm32_ll_h7.c.obj)
                0x00000000080075c4                _clock_control_driver_api_list_end = .

comparator_driver_api_area
                0x00000000080075c4        0x0
                0x00000000080075c4                _comparator_driver_api_list_start = .
 *(SORT_BY_NAME(SORT_BY_ALIGNMENT(._comparator_driver_api.static.*)))
                0x00000000080075c4                _comparator_driver_api_list_end = .

coredump_driver_api_area
                0x00000000080075c4        0x0
                0x00000000080075c4                _coredump_driver_api_list_start = .
 *(SORT_BY_NAME(SORT_BY_ALIGNMENT(._coredump_driver_api.static.*)))
                0x00000000080075c4                _coredump_driver_api_list_end = .

counter_driver_api_area
                0x00000000080075c4        0x0
                0x00000000080075c4                _counter_driver_api_list_start = .
 *(SORT_BY_NAME(SORT_BY_ALIGNMENT(._counter_driver_api.static.*)))
                0x00000000080075c4                _counter_driver_api_list_end = .

dac_driver_api_area
                0x00000000080075c4        0x0
                0x00000000080075c4                _dac_driver_api_list_start = .
 *(SORT_BY_NAME(SORT_BY_ALIGNMENT(._dac_driver_api.static.*)))
                0x00000000080075c4                _dac_driver_api_list_end = .

dai_driver_api_area
                0x00000000080075c4        0x0
                0x00000000080075c4                _dai_driver_api_list_start = .
 *(SORT_BY_NAME(SORT_BY_ALIGNMENT(._dai_driver_api.static.*)))
                0x00000000080075c4                _dai_driver_api_list_end = .

display_driver_api_area
                0x00000000080075c4        0x0
                0x00000000080075c4                _display_driver_api_list_start = .
 *(SORT_BY_NAME(SORT_BY_ALIGNMENT(._display_driver_api.static.*)))
                0x00000000080075c4                _display_driver_api_list_end = .

dma_driver_api_area
                0x00000000080075c4        0x0
                0x00000000080075c4                _dma_driver_api_list_start = .
 *(SORT_BY_NAME(SORT_BY_ALIGNMENT(._dma_driver_api.static.*)))
                0x00000000080075c4                _dma_driver_api_list_end = .

edac_driver_api_area
                0x00000000080075c4        0x0
                0x00000000080075c4                _edac_driver_api_list_start = .
 *(SORT_BY_NAME(SORT_BY_ALIGNMENT(._edac_driver_api.static.*)))
                0x00000000080075c4                _edac_driver_api_list_end = .

eeprom_driver_api_area
                0x00000000080075c4        0x0
                0x00000000080075c4                _eeprom_driver_api_list_start = .
 *(SORT_BY_NAME(SORT_BY_ALIGNMENT(._eeprom_driver_api.static.*)))
                0x00000000080075c4                _eeprom_driver_api_list_end = .

emul_bbram_driver_api_area
                0x00000000080075c4        0x0
                0x00000000080075c4                _emul_bbram_driver_api_list_start = .
 *(SORT_BY_NAME(SORT_BY_ALIGNMENT(._emul_bbram_driver_api.static.*)))
                0x00000000080075c4                _emul_bbram_driver_api_list_end = .

fuel_gauge_emul_driver_api_area
                0x00000000080075c4        0x0
                0x00000000080075c4                _fuel_gauge_emul_driver_api_list_start = .
 *(SORT_BY_NAME(SORT_BY_ALIGNMENT(._fuel_gauge_emul_driver_api.static.*)))
                0x00000000080075c4                _fuel_gauge_emul_driver_api_list_end = .

emul_sensor_driver_api_area
                0x00000000080075c4        0x0
                0x00000000080075c4                _emul_sensor_driver_api_list_start = .
 *(SORT_BY_NAME(SORT_BY_ALIGNMENT(._emul_sensor_driver_api.static.*)))
                0x00000000080075c4                _emul_sensor_driver_api_list_end = .

entropy_driver_api_area
                0x00000000080075c4        0x0
                0x00000000080075c4                _entropy_driver_api_list_start = .
 *(SORT_BY_NAME(SORT_BY_ALIGNMENT(._entropy_driver_api.static.*)))
                0x00000000080075c4                _entropy_driver_api_list_end = .

espi_driver_api_area
                0x00000000080075c4        0x0
                0x00000000080075c4                _espi_driver_api_list_start = .
 *(SORT_BY_NAME(SORT_BY_ALIGNMENT(._espi_driver_api.static.*)))
                0x00000000080075c4                _espi_driver_api_list_end = .

espi_saf_driver_api_area
                0x00000000080075c4        0x0
                0x00000000080075c4                _espi_saf_driver_api_list_start = .
 *(SORT_BY_NAME(SORT_BY_ALIGNMENT(._espi_saf_driver_api.static.*)))
                0x00000000080075c4                _espi_saf_driver_api_list_end = .

fpga_driver_api_area
                0x00000000080075c4        0x0
                0x00000000080075c4                _fpga_driver_api_list_start = .
 *(SORT_BY_NAME(SORT_BY_ALIGNMENT(._fpga_driver_api.static.*)))
                0x00000000080075c4                _fpga_driver_api_list_end = .

fuel_gauge_driver_api_area
                0x00000000080075c4        0x0
                0x00000000080075c4                _fuel_gauge_driver_api_list_start = .
 *(SORT_BY_NAME(SORT_BY_ALIGNMENT(._fuel_gauge_driver_api.static.*)))
                0x00000000080075c4                _fuel_gauge_driver_api_list_end = .

gnss_driver_api_area
                0x00000000080075c4        0x0
                0x00000000080075c4                _gnss_driver_api_list_start = .
 *(SORT_BY_NAME(SORT_BY_ALIGNMENT(._gnss_driver_api.static.*)))
                0x00000000080075c4                _gnss_driver_api_list_end = .

haptics_driver_api_area
                0x00000000080075c4        0x0
                0x00000000080075c4                _haptics_driver_api_list_start = .
 *(SORT_BY_NAME(SORT_BY_ALIGNMENT(._haptics_driver_api.static.*)))
                0x00000000080075c4                _haptics_driver_api_list_end = .

hwspinlock_driver_api_area
                0x00000000080075c4        0x0
                0x00000000080075c4                _hwspinlock_driver_api_list_start = .
 *(SORT_BY_NAME(SORT_BY_ALIGNMENT(._hwspinlock_driver_api.static.*)))
                0x00000000080075c4                _hwspinlock_driver_api_list_end = .

i2c_driver_api_area
                0x00000000080075c4        0x0
                0x00000000080075c4                _i2c_driver_api_list_start = .
 *(SORT_BY_NAME(SORT_BY_ALIGNMENT(._i2c_driver_api.static.*)))
                0x00000000080075c4                _i2c_driver_api_list_end = .

i2c_target_driver_api_area
                0x00000000080075c4        0x0
                0x00000000080075c4                _i2c_target_driver_api_list_start = .
 *(SORT_BY_NAME(SORT_BY_ALIGNMENT(._i2c_target_driver_api.static.*)))
                0x00000000080075c4                _i2c_target_driver_api_list_end = .

i2s_driver_api_area
                0x00000000080075c4        0x0
                0x00000000080075c4                _i2s_driver_api_list_start = .
 *(SORT_BY_NAME(SORT_BY_ALIGNMENT(._i2s_driver_api.static.*)))
                0x00000000080075c4                _i2s_driver_api_list_end = .

i3c_driver_api_area
                0x00000000080075c4        0x0
                0x00000000080075c4                _i3c_driver_api_list_start = .
 *(SORT_BY_NAME(SORT_BY_ALIGNMENT(._i3c_driver_api.static.*)))
                0x00000000080075c4                _i3c_driver_api_list_end = .

ipm_driver_api_area
                0x00000000080075c4        0x0
                0x00000000080075c4                _ipm_driver_api_list_start = .
 *(SORT_BY_NAME(SORT_BY_ALIGNMENT(._ipm_driver_api.static.*)))
                0x00000000080075c4                _ipm_driver_api_list_end = .

led_driver_api_area
                0x00000000080075c4        0x0
                0x00000000080075c4                _led_driver_api_list_start = .
 *(SORT_BY_NAME(SORT_BY_ALIGNMENT(._led_driver_api.static.*)))
                0x00000000080075c4                _led_driver_api_list_end = .

led_strip_driver_api_area
                0x00000000080075c4        0x0
                0x00000000080075c4                _led_strip_driver_api_list_start = .
 *(SORT_BY_NAME(SORT_BY_ALIGNMENT(._led_strip_driver_api.static.*)))
                0x00000000080075c4                _led_strip_driver_api_list_end = .

lora_driver_api_area
                0x00000000080075c4        0x0
                0x00000000080075c4                _lora_driver_api_list_start = .
 *(SORT_BY_NAME(SORT_BY_ALIGNMENT(._lora_driver_api.static.*)))
                0x00000000080075c4                _lora_driver_api_list_end = .

mbox_driver_api_area
                0x00000000080075c4        0x0
                0x00000000080075c4                _mbox_driver_api_list_start = .
 *(SORT_BY_NAME(SORT_BY_ALIGNMENT(._mbox_driver_api.static.*)))
                0x00000000080075c4                _mbox_driver_api_list_end = .

mdio_driver_api_area
                0x00000000080075c4        0x0
                0x00000000080075c4                _mdio_driver_api_list_start = .
 *(SORT_BY_NAME(SORT_BY_ALIGNMENT(._mdio_driver_api.static.*)))
                0x00000000080075c4                _mdio_driver_api_list_end = .

mipi_dbi_driver_api_area
                0x00000000080075c4        0x0
                0x00000000080075c4                _mipi_dbi_driver_api_list_start = .
 *(SORT_BY_NAME(SORT_BY_ALIGNMENT(._mipi_dbi_driver_api.static.*)))
                0x00000000080075c4                _mipi_dbi_driver_api_list_end = .

mipi_dsi_driver_api_area
                0x00000000080075c4        0x0
                0x00000000080075c4                _mipi_dsi_driver_api_list_start = .
 *(SORT_BY_NAME(SORT_BY_ALIGNMENT(._mipi_dsi_driver_api.static.*)))
                0x00000000080075c4                _mipi_dsi_driver_api_list_end = .

mspi_driver_api_area
                0x00000000080075c4        0x0
                0x00000000080075c4                _mspi_driver_api_list_start = .
 *(SORT_BY_NAME(SORT_BY_ALIGNMENT(._mspi_driver_api.static.*)))
                0x00000000080075c4                _mspi_driver_api_list_end = .

peci_driver_api_area
                0x00000000080075c4        0x0
                0x00000000080075c4                _peci_driver_api_list_start = .
 *(SORT_BY_NAME(SORT_BY_ALIGNMENT(._peci_driver_api.static.*)))
                0x00000000080075c4                _peci_driver_api_list_end = .

ps2_driver_api_area
                0x00000000080075c4        0x0
                0x00000000080075c4                _ps2_driver_api_list_start = .
 *(SORT_BY_NAME(SORT_BY_ALIGNMENT(._ps2_driver_api.static.*)))
                0x00000000080075c4                _ps2_driver_api_list_end = .

ptp_clock_driver_api_area
                0x00000000080075c4        0x0
                0x00000000080075c4                _ptp_clock_driver_api_list_start = .
 *(SORT_BY_NAME(SORT_BY_ALIGNMENT(._ptp_clock_driver_api.static.*)))
                0x00000000080075c4                _ptp_clock_driver_api_list_end = .

pwm_driver_api_area
                0x00000000080075c4        0x0
                0x00000000080075c4                _pwm_driver_api_list_start = .
 *(SORT_BY_NAME(SORT_BY_ALIGNMENT(._pwm_driver_api.static.*)))
                0x00000000080075c4                _pwm_driver_api_list_end = .

regulator_parent_driver_api_area
                0x00000000080075c4        0x0
                0x00000000080075c4                _regulator_parent_driver_api_list_start = .
 *(SORT_BY_NAME(SORT_BY_ALIGNMENT(._regulator_parent_driver_api.static.*)))
                0x00000000080075c4                _regulator_parent_driver_api_list_end = .

regulator_driver_api_area
                0x00000000080075c4        0x0